test_asy_scd30_driver [-1] rc=0 124/124 passed, 0 failed, 0 skipped mem=0
test_asy_scd30_driver [32768] rc=0 124/124 passed, 0 failed, 0 skipped mem=0
test_notification_scd30_integration [-1] rc=0 4/4 passed, 0 failed, 0 skipped mem=0
test_notification_scd30_integration [32768] rc=0 4/4 passed, 0 failed, 0 skipped mem=0
test_notification_scd30_sgp40_integration [-1] rc=0 2/2 passed, 0 failed, 0 skipped mem=0
test_notification_scd30_sgp40_integration [32768] rc=0 2/2 passed, 0 failed, 0 skipped mem=0
test_setter_microdot_integration [-1] rc=0 34/34 passed, 0 failed, 0 skipped mem=0
test_setter_microdot_integration [32768] rc=0 34/34 passed, 0 failed, 0 skipped mem=0
test_ntp_fram_system_integration [-1] rc=0 12/12 passed, 0 failed, 0 skipped mem=0
test_ntp_fram_system_integration [32768] rc=0 12/12 passed, 0 failed, 0 skipped mem=0
test_digital_twin_scd30 [-1] rc=0 38/38 passed, 0 failed, 0 skipped mem=0
test_digital_twin_scd30 [32768] rc=0 38/38 passed, 0 failed, 0 skipped mem=0
test_sensortask_arzi [-1] rc=0 68/68 passed, 0 failed, 0 skipped mem=0
test_sensortask_arzi [32768] rc=0 68/68 passed, 0 failed, 0 skipped mem=0
test_sensortask_dev [-1] rc=0 68/68 passed, 0 failed, 0 skipped mem=0
test_sensortask_dev [32768] rc=0 68/68 passed, 0 failed, 0 skipped mem=0
test_sensortask_grkizi [-1] rc=0 68/68 passed, 0 failed, 0 skipped mem=0
test_sensortask_grkizi [32768] rc=0 68/68 passed, 0 failed, 0 skipped mem=0
test_sensortask_klkizi [-1] rc=0 68/68 passed, 0 failed, 0 skipped mem=0
test_sensortask_klkizi [32768] rc=0 68/68 passed, 0 failed, 0 skipped mem=0
test_sensortask_schlafzi [-1] rc=0 68/68 passed, 0 failed, 0 skipped mem=0
test_sensortask_schlafzi [32768] rc=0 68/68 passed, 0 failed, 0 skipped mem=0
test_sensortask_wozi [-1] rc=0 68/68 passed, 0 failed, 0 skipped mem=0
test_sensortask_wozi [32768] rc=0 68/68 passed, 0 failed, 0 skipped mem=0
test_digital_twin_sensortask_integration [-1] rc=0 15/15 passed, 0 failed, 0 skipped mem=0
test_digital_twin_sensortask_integration [32768] rc=0 15/15 passed, 0 failed, 0 skipped mem=0
