PASS test_missing_config_failure_logs_in_both_layers_one_slot_each
PASS test_get_dict_data_reflects_a_successful_sync
(expected) simulating alarm-pool exhaustion - the following 'Could not start NTP timer' is intentional
PASS test_start_ntp_timer_degrades_gracefully_when_alarm_pool_exhausted
PASS test_parse_ntp_reply_era_rollover_wrapped_reply_reconstructs_the_real_future_date
PASS test_run_sync_attempt_missing_config_marks_not_synced_and_returns
PASS test_handle_sync_failure_while_never_synced_does_not_arm_a_retry
PASS test_a_late_wake_advances_the_age_by_the_measured_seconds
PASS test_ntp_time_hours_counter_waits_out_the_current_backoff_step_while_unsynced
PASS test_cettime_zero_offsets_are_accepted_not_rejected
PASS test_a_cancelled_fetch_still_disconnects
PASS test_parse_ntp_reply_rejects_stratum_zero_kiss_of_death
PASS test_a_clean_exchange_logs_nothing
PASS test_get_error_counter_counts_a_warning_too
PASS test_a_never_connected_socket_logs_not_sent_and_returns_before_the_fetch_timeout
PASS test_init_never_synced_before_first_task_run
PASS test_parse_ntp_reply_decodes_arbitrary_bytes_as_their_transmit_timestamp
PASS test_resolve_ntp_server_dns_failure_persists_an_error
PASS test_resolve_ntp_server_passes_the_given_dns_server_through
PASS test_get_data_and_get_dict_data_reflect_the_initial_never_synced_state
PASS test_malformed_reply_is_counted_twice_but_persisted_once
PASS test_the_sync_age_publish_keeps_the_synced_flag
PASS test_run_sync_attempt_success_calls_handle_success_with_the_parsed_time
PASS test_ntp_time_hours_counter_does_not_bank_synced_ticks_toward_the_unsynced_wait
PASS test_sync_age_follows_measured_time_while_synced
PASS test_handle_sync_success_resets_retries_marks_synced_and_records_the_sync_time
PASS test_safe_get_dns_server_passes_through_none
PASS test_get_dict_cfg_returns_all_none_values_when_config_manager_is_invalid
PASS test_fetch_ntp_reply_real_round_trip_returns_the_exact_reply_bytes
PASS test_asy_ntp_time_runs_one_attempt_per_trigger_and_releases_the_wifi_lock
PASS test_asy_ntp_time_releases_the_wifi_lock_even_if_the_attempt_raises
PASS test_the_shape_corpus_judges_ntp_host_and_dns_fallback
PASS test_safe_get_dns_server_callback_raising_returns_none
PASS test_asy_ntp_time_failures_while_synced_leave_the_unsynced_retry_interval_alone
PASS test_get_data_reflects_a_successful_sync
PASS test_a_long_reply_is_read_as_its_48_byte_header
PASS test_a_put_of_a_valid_host_or_ipv4_list_is_valid
PASS test_time_counter_resets_to_none_while_not_synced
PASS test_ntp_time_hours_counter_marks_out_of_sync_past_the_async_interval_multiple
PASS test_start_counter_timer_arms_periodic_1s
PASS test_safe_get_dns_server_callback_raising_persists_a_callback_error
PASS test_the_plausibility_ceiling_fits_the_device_clock
PASS test_handle_sync_failure_gives_up_after_max_retries
PASS test_asy_ntp_time_keeps_running_across_alternating_failure_and_success
PASS test_dns_failure_is_counted_twice_but_persisted_once
PASS test_integration_self_heals_after_an_outage_through_the_real_task_and_socket
PASS test_resolve_ntp_server_literal_ip_returns_immediately
PASS test_ntp_force_sync_resets_the_backoff
PASS test_safe_get_dns_server_returns_the_callbacks_value
PASS test_get_ntp_config_returns_the_stored_fallback_list
PASS test_a_failed_teardown_leaves_one_socket_teardown_warning
PASS test_cfg_schema_matches_what_cfgmgr_was_built_with
PASS test_resolve_ntp_server_dns_failure_returns_none
PASS test_cettime_returns_none_when_config_missing
PASS test_parse_ntp_reply_accepts_exactly_at_the_floor_boundary
PASS test_start_ntp_timer_arms_periodic_with_the_documented_period
PASS test_asy_ntp_time_failed_unsynced_attempts_double_the_retry_interval_up_to_its_cap
PASS test_parse_ntp_reply_rejects_a_timestamp_implausible_in_every_era
PASS test_resolve_ntp_server_forwards_the_constructors_own_dns_timeout_and_tries
PASS test_get_task_starters_returns_all_three_ntp_tasks
PASS test_run_sync_attempt_parse_failure_calls_handle_failure
PASS test_repeated_retry_exhaustion_counts_each_and_keep_one_slot
PASS test_ntp_time_hours_counter_triggers_sync_immediately_when_not_yet_synced
PASS test_set_last_sync_age_to_none_preserves_synced_flag
PASS test_setup_initialises_the_logger_before_any_task
PASS test_parse_ntp_reply_applies_the_ntp_offset_s_correction
PASS test_integration_full_task_stays_not_synced_when_nobody_answers
PASS test_integration_full_task_stays_not_synced_on_a_malformed_reply
PASS test_a_put_of_an_ntp_host_that_is_not_a_host_name_is_invalid
PASS test_asy_ntp_time_never_gives_up_on_a_persistently_failing_server
PASS test_cettime_returns_none_when_gmtime_result_has_the_wrong_length
PASS test_parse_ntp_reply_valid_packet_returns_gmtime_and_sets_the_rtc
PASS test_get_error_counter_records_multiple_entries_in_order
PASS test_start_counter_timer_degrades_gracefully_when_alarm_pool_exhausted
PASS test_integration_recovers_on_retry_after_one_dropped_request
PASS test_parse_ntp_reply_rejects_leap_indicator_unsynchronized
PASS test_get_dict_cfg_reflects_a_customized_on_disk_config
PASS test_parse_ntp_reply_rtc_set_failure_returns_none_not_raise
PASS test_no_push_callbacks_are_registered_for_any_ntp_field
PASS test_a_successful_sync_marks_the_utc_clock_valid
PASS test_write_config_via_public_cfg_schema_round_trips_a_real_value
PASS test_get_ntp_config_missing_file_uses_every_default
PASS test_no_reply_is_counted_twice_but_persisted_once
PASS test_start_asy_sync_age_counter_returns_a_real_task
PASS test_start_counter_timer_degrades_gracefully_on_a_memory_error
PASS test_start_ntp_timer_fires_the_trigger_event
PASS test_handle_sync_failure_degrades_gracefully_when_alarm_pool_exhausted
PASS test_get_ntp_config_returns_none_when_config_manager_itself_is_invalid
PASS test_get_timer_starters_returns_both_ntp_timers
PASS test_parse_ntp_reply_truncated_packet_returns_none
PASS test_get_ntp_config_non_dict_json_uses_every_default
PASS test_handle_sync_failure_retry_timer_fires_the_sync_trigger
PASS test_cettime_negative_offsets_are_accepted_not_rejected
PASS test_get_error_counter_starts_empty_and_records_a_real_error
(expected) simulating an allocation failure - the following 'Could not start NTP timer' is intentional
PASS test_start_ntp_timer_degrades_gracefully_on_a_memory_error
PASS test_an_error_and_a_warning_with_the_same_number_are_different_codes
PASS test_asy_ntp_time_alternating_failure_codes_spend_a_slot_each_and_count_every_one
PASS test_parse_ntp_reply_accepts_a_normal_synchronized_reply_li_zero_stratum_one
PASS test_cettime_before_march_boundary_applies_gmt_offset_only
PASS test_cettime_after_october_boundary_applies_gmt_offset_only
PASS test_handle_sync_failure_while_synced_arms_a_retry_and_increments_the_counter
PASS test_ntp_time_hours_counter_does_not_retrigger_while_synced_and_under_interval
PASS test_parse_ntp_reply_zero_length_and_exact_boundary_lengths
PASS test_distinct_codes_each_keep_a_slot
PASS test_backoff_restarts_from_the_first_interval_after_a_recovery
PASS test_parse_ntp_reply_accepts_exactly_at_the_ceiling_boundary
PASS test_set_synced_to_false_preserves_last_sync_age
PASS test_kiss_of_death_warning_is_counted_twice_but_persisted_once
PASS test_init_creates_its_own_config_file_with_schema_defaults
PASS test_start_asy_ntp_refresh_returns_a_real_task
PASS test_ntp_force_sync_deinits_a_pending_retry_timer
PASS test_this_interpreters_gmtime_returns_nine_elements_not_eight
PASS test_run_sync_attempt_network_unavailable_skips_everything_downstream
PASS test_resolve_ntp_server_none_dns_server_asks_only_the_fallback_list
PASS test_stop_counter_timer_deinits
PASS test_fetch_ntp_reply_no_server_listening_times_out_to_none
PASS test_constructor_clamps_the_backoff_pair_to_the_check_tick_and_to_each_other
PASS test_cettime_returns_none_when_not_synced
PASS test_fram_given_uses_fram_backed_logging
PASS test_a_successful_sync_resets_the_backoff
PASS test_config_persists_across_a_fresh_client_instance_pointed_at_the_same_path
PASS test_repeated_retry_arm_failures_count_each_and_keep_one_slot
PASS test_get_ntp_config_malformed_json_syntax_uses_every_default
PASS test_integration_a_successful_exchange_persists_nothing
PASS test_set_last_sync_age_preserves_synced_flag_when_true
PASS test_no_dhcp_server_and_an_empty_fallback_ask_nobody
PASS test_an_allocation_failure_while_parsing_returns_none
PASS test_run_sync_attempt_network_available_raising_persists_a_callback_error
PASS test_implausible_time_is_counted_twice_but_persisted_once
PASS test_ntp_force_sync_resets_last_sync_retries_and_fires_the_sync_trigger
PASS test_an_empty_fallback_asks_only_the_dhcp_server
PASS test_handle_sync_failure_degrades_gracefully_on_a_memory_error
PASS test_get_ntp_config_returns_real_values_from_a_fully_valid_file
PASS test_stop_ntp_timer_deinits
PASS test_get_dict_cfg_returns_schema_defaults_wrapped_in_ntp_key
PASS test_set_dict_cfg_invalid_field_reported_individually_others_still_apply
PASS test_run_sync_attempt_passes_the_given_dns_server_to_resolve_ntp_server
PASS test_asy_ntp_time_network_unavailable_cycles_leave_the_retry_interval_alone
PASS test_get_cfg_schema_matches_the_public_attribute
PASS test_get_ntp_config_single_invalid_field_falls_back_to_default_for_that_field_only
PASS test_a_recurring_code_after_a_success_keeps_one_slot
PASS test_handle_sync_success_deinits_a_pending_retry_timer
PASS test_cettime_between_march_and_october_applies_gmt_plus_dst_offset
PASS test_get_ntp_config_all_fields_invalid_falls_back_to_every_default
PASS test_run_sync_attempt_resolve_failure_calls_handle_failure
PASS test_resolve_ntp_server_asks_dhcp_first_then_the_fallback_list_in_order
PASS test_fetch_ntp_reply_forwards_the_constructors_own_fetch_timeout
(expected) debug=3 makes the fresh ConfigManager below log its normal first-use config-file creation
NTP Init with memory logging.
CFGMGR_NTP Init with memory logging.
CFGMGR_NTP Config file tests/_tmp/ntp/161/config_NTP.cfg not present - writing the defaults once
CFGMGR_NTP tests/_tmp/ntp/161/config_NTP.cfg - Writing configuration file!
CFGMGR_NTP Default data was written in tests/_tmp/ntp/161/config_NTP.cfg - config is ready.
PASS test_debug_level_propagates_to_the_inherited_pr_logger
PASS test_run_sync_attempt_network_available_raising_is_treated_as_unavailable
PASS test_get_ntp_config_multiple_invalid_fields_each_fall_back_independently
PASS test_ntp_time_hours_counter_missing_config_falls_back_to_12h_default_without_raising
PASS test_parse_ntp_reply_rejects_just_past_the_ceiling_boundary
PASS test_two_clients_with_different_cfg_paths_have_independent_configs
PASS test_run_sync_attempt_fetch_failure_calls_handle_failure
PASS test_ntp_time_hours_counter_retriggers_once_interval_elapses
PASS test_set_dict_cfg_persists_plain_fields_through_the_base_path
PASS test_set_synced_to_true_preserves_last_sync_age_and_ts
PASS test_ntp_time_hours_counter_never_naturally_reaches_the_async_interval_multiple_under_constant_config
PASS test_a_put_of_a_malformed_dns_fallback_is_invalid_and_stores_nothing
PASS test_a_refused_field_leaves_the_rest_of_the_put_to_apply
PASS test_integration_full_task_reaches_synced_state_on_a_real_successful_reply
PASS test_backoff_defaults_are_ten_seconds_doubling_to_ten_minutes
161/161 passed, 0 failed, 0 skipped
rc=0 elapsed=12.185267017
