log_dead_task 140240392220032 first armed False
log_dead_task 140240392226688 first armed False
log_dead_task 140240392230144 first armed False
log_dead_task 140240392231712 first armed False
log_dead_task 140240392235296 first armed True
log_dead_task 140240392237056 first armed True
log_dead_task 140240392238816 first armed True
log_dead_task 140240392240576 first armed True
log_dead_task 140240392242336 first armed True
log_dead_task 140240392244160 first armed True
log_dead_task 140240392245920 first armed True
log_dead_task 140240392247680 first armed True
log_dead_task 140240392249440 first armed True
log_dead_task 140240392251200 first armed True
log_dead_task 140240392252960 first armed True
log_dead_task 140240392254720 first armed True
log_dead_task 140240392256480 first armed True
log_dead_task 140240392258368 first armed True
log_dead_task 140240392260128 first armed True
log_dead_task 140240392261888 first armed True
log_dead_task 140240392263648 first armed True
log_dead_task 140240392265408 first armed True
log_dead_task 140240392267168 first armed True
log_dead_task 140240392268928 first armed True
log_dead_task 140240392270688 first armed True
log_dead_task 140240392272448 first armed True
log_dead_task 140240392274208 first armed True
log_dead_task 140240392275968 first armed True
log_dead_task 140240392277728 first armed True
log_dead_task 140240392279488 first armed True
log_dead_task 140240392281248 first armed True
log_dead_task 140240392283008 first armed True
log_dead_task 140240392284768 first armed True
log_dead_task 140240392286784 first armed True
log_dead_task 140240392288544 first armed True
log_dead_task 140240392290304 first armed True
log_dead_task 140240392292064 first armed True
log_dead_task 140240392293824 first armed True
log_dead_task 140240392295584 first armed True
log_dead_task 140240392297344 first armed True
log_dead_task 140240392299104 first armed True
log_dead_task 140240392300864 first armed True
log_dead_task 140240392302624 first armed True
log_dead_task 140240392304384 first armed True
log_dead_task 140240392306144 first armed True
log_dead_task 140240392307904 first armed True
log_dead_task 140240392309664 first armed True
log_dead_task 140240392311424 first armed True
log_dead_task 140240392313184 first armed True
log_dead_task 140240392314944 first armed True
log_dead_task 140240392316704 first armed True
log_dead_task 140240392318464 first armed True
log_dead_task 140240392320224 first armed True
log_dead_task 140240392322144 first armed True
log_dead_task 140240392327776 first armed True
log_dead_task 140240392333600 first armed True
log_dead_task 140240392334688 first armed True
log_dead_task 140240392335616 first armed True
log_dead_task 140240392340864 first armed True
log_dead_task 140240392346080 first armed True
log_dead_task 140240392349408 first armed True
log_dead_task 140240392354240 first armed True
log_dead_task 140240392360192 first armed True
log_dead_task 140240392362240 first armed True
log_dead_task 140240392364416 first armed True
log_dead_task 140240392368352 first armed True
log_dead_task 140240392374688 first armed True
log_dead_task 140240392379424 first armed True
log_dead_task 140240392382272 first armed True
log_dead_task 140240392384832 first armed True
log_dead_task 140240392388704 first armed True
log_dead_task 140240392392576 first armed True
log_dead_task 140240392395264 first armed True
log_dead_task 140240392398688 first armed True
log_dead_task 140240392400928 first armed True
log_dead_task 140240392402464 first armed True
log_dead_task 140240392407392 first armed True
log_dead_task 140240392415008 first armed True
log_dead_task 140240392417920 first armed True
log_dead_task 140240392429568 first armed True
log_dead_task 140240392432864 first armed True
log_dead_task 140240392446752 first armed True
log_dead_task 140240392447392 first armed True
log_dead_task 140240392451328 first armed True
log_dead_task 140240392455648 first armed True
log_dead_task 140240392456928 first armed True
log_dead_task 140240392462336 first armed True
log_dead_task 140240392468288 first armed True
log_dead_task 140240392475264 first armed True
log_dead_task 140240392480608 first armed True
log_dead_task 140240392489152 first armed True
log_dead_task 140240392490624 first armed True
log_dead_task 140240392493536 first armed True
log_dead_task 140240392500640 first armed True
log_dead_task 140240392503552 first armed True
log_dead_task 140240392509728 first armed True
log_dead_task 140240392521536 first armed True
log_dead_task 140240392529856 first armed True
log_dead_task 140240392534496 first armed True
log_dead_task 140240392536736 first armed True
log_dead_task 140240392538624 first armed True
log_dead_task 140240392540512 first armed True
log_dead_task 140240392542304 first armed True
log_dead_task 140240392543584 first armed True
log_dead_task 140240392549632 first armed True
log_dead_task 140240392551488 first armed True
log_dead_task 140240392553376 first armed True
log_dead_task 140240392556224 first armed True
log_dead_task 140240392557888 first armed True
log_dead_task 140240392559872 first armed True
log_dead_task 140240392562816 first armed True
log_dead_task 140240392563936 first armed True
log_dead_task 140240392566016 first armed True
log_dead_task 140240392569056 first armed True
log_dead_task 140240392570880 first armed True
log_dead_task 140240392573504 first armed True
log_dead_task 140240392575328 first armed True
log_dead_task 140240392576704 first armed True
log_dead_task 140240392579584 first armed True
log_dead_task 140240392588320 first armed True
log_dead_task 140240392594432 first armed True
log_dead_task 140240392597120 first armed True
log_dead_task 140240392599008 first armed True
log_dead_task 140240392600800 first armed True
log_dead_task 140240392602688 first armed True
log_dead_task 140240392604576 first armed True
log_dead_task 140240392606560 first armed True
log_dead_task 140240392608384 first armed True
log_dead_task 140240392610208 first armed True
log_dead_task 140240392610720 first armed True
log_dead_task 140240392614752 first armed True
log_dead_task 140240392615872 first armed True
log_dead_task 140240392621952 first armed True
log_dead_task 140240392623712 first armed True
log_dead_task 140240392625152 first armed True
log_dead_task 140240392635264 first armed True
log_dead_task 140240392637024 first armed True
log_dead_task 140240392638784 first armed True
log_dead_task 140240392644160 first armed True
log_dead_task 140240392650688 first armed True
log_dead_task 140240392652448 first armed True
log_dead_task 140240392654208 first armed True
log_dead_task 140240392655968 first armed True
log_dead_task 140240392657728 first armed True
log_dead_task 140240392659488 first armed True
log_dead_task 140240392672512 first armed True
log_dead_task 140240392674272 first armed True
log_dead_task 140240392676032 first armed True
log_dead_task 140240392677792 first armed True
log_dead_task 140240392679552 first armed True
log_dead_task 140240392681312 first armed True
log_dead_task 140240392683072 first armed True
log_dead_task 140240392698976 first armed True
log_dead_task 140240392700736 first armed True
log_dead_task 140240392702496 first armed True
log_dead_task 140240392704256 first armed True
log_dead_task 140240392706016 first armed True
log_dead_task 140240392707776 first armed True
log_dead_task 140240392709536 first armed True
log_dead_task 140240392711296 first armed True
log_dead_task 140240392713056 first armed True
log_dead_task 140240392714816 first armed True
log_dead_task 140240392716576 first armed True
log_dead_task 140240392718336 first armed True
log_dead_task 140240392720096 first armed True
log_dead_task 140240392721856 first armed True
log_dead_task 140240392723616 first armed True
log_dead_task 140240392725376 first armed True
log_dead_task 140240392727136 first armed True
log_dead_task 140240392728896 first armed True
log_dead_task 140240392730656 first armed True
log_dead_task 140240392732416 first armed True
log_dead_task 140240392734176 first armed True
log_dead_task 140240392735936 first armed True
log_dead_task 140240392737696 first armed True
log_dead_task 140240392739456 first armed True
log_dead_task 140240392741216 first armed True
log_dead_task 140240392742976 first armed True
log_dead_task 140240392744736 first armed True
log_dead_task 140240392746496 first armed True
log_dead_task 140240392748256 first armed True
log_dead_task 140240392750016 first armed True
log_dead_task 140240392751776 first armed True
log_dead_task 140240392753536 first armed True
log_dead_task 140240392755296 first armed True
log_dead_task 140240392757056 first armed True
log_dead_task 140240392758816 first armed True
log_dead_task 140240392760576 first armed True
log_dead_task 140240392762336 first armed True
log_dead_task 140240392764096 first armed True
log_dead_task 140240392765856 first armed True
log_dead_task 140240392767616 first armed True
log_dead_task 140240392769376 first armed True
log_dead_task 140240392771136 first armed True
log_dead_task 140240392772896 first armed True
log_dead_task 140240392774656 first armed True
log_dead_task 140240392776416 first armed True
log_dead_task 140240392778176 first armed True
log_dead_task 140240392779936 first armed True
log_dead_task 140240392781696 first armed True
log_dead_task 140240392783456 first armed True
log_dead_task 140240392785216 first armed True
log_dead_task 140240392786976 first armed True
log_dead_task 140240392788736 first armed True
log_dead_task 140240392790496 first armed True
log_dead_task 140240392792256 first armed True
log_dead_task 140240392794016 first armed True
log_dead_task 140240392795776 first armed True
log_dead_task 140240392797536 first armed True
log_dead_task 140240392799296 first armed True
log_dead_task 140240392801056 first armed True
log_dead_task 140240392802816 first armed True
log_dead_task 140240392804576 first armed True
log_dead_task 140240392806336 first armed True
log_dead_task 140240392808096 first armed True
log_dead_task 140240392809856 first armed True
log_dead_task 140240392811616 first armed True
log_dead_task 140240392813376 first armed True
log_dead_task 140240392815136 first armed True
log_dead_task 140240392816896 first armed True
log_dead_task 140240392818656 first armed True
log_dead_task 140240392820416 first armed True
log_dead_task 140240392822176 first armed True
log_dead_task 140240392823936 first armed True
log_dead_task 140240392825696 first armed True
log_dead_task 140240392827456 first armed True
log_dead_task 140240392829216 first armed True
log_dead_task 140240392830976 first armed True
log_dead_task 140240392832736 first armed True
log_dead_task 140240392834496 first armed True
log_dead_task 140240392836256 first armed True
log_dead_task 140240392838016 first armed True
log_dead_task 140240392839776 first armed True
log_dead_task 140240392841536 first armed True
log_dead_task 140240392843296 first armed True
log_dead_task 140240392845056 first armed True
log_dead_task 140240392846816 first armed True
log_dead_task 140240392848576 first armed True
log_dead_task 140240392850336 first armed True
log_dead_task 140240392852096 first armed True
log_dead_task 140240392853856 first armed True
log_dead_task 140240392855616 first armed True
log_dead_task 140240392857376 first armed True
log_dead_task 140240392859136 first armed True
log_dead_task 140240392860896 first armed True
log_dead_task 140240392862656 first armed True
log_dead_task 140240392864416 first armed True
log_dead_task 140240392866176 first armed True
log_dead_task 140240392867936 first armed True
log_dead_task 140240392869696 first armed True
log_dead_task 140240392871456 first armed True
log_dead_task 140240392873216 first armed True
log_dead_task 140240392874976 first armed True
log_dead_task 140240392876736 first armed True
log_dead_task 140240392878496 first armed True
log_dead_task 140240392880256 first armed True
log_dead_task 140240392882016 first armed True
log_dead_task 140240392612032 first armed True
log_dead_task 140240392887584 first armed True
log_dead_task 140240392889344 first armed True
log_dead_task 140240392891104 first armed True
log_dead_task 140240392892864 first armed True
log_dead_task 140240392894624 first armed True
log_dead_task 140240392896384 first armed True
log_dead_task 140240392898144 first armed True
log_dead_task 140240392899904 first armed True
log_dead_task 140240392901664 first armed True
log_dead_task 140240392903424 first armed True
log_dead_task 140240392905184 first armed True
log_dead_task 140240392906944 first armed True
log_dead_task 140240392908704 first armed True
log_dead_task 140240392910464 first armed True
log_dead_task 140240392912224 first armed True
log_dead_task 140240392913984 first armed True
log_dead_task 140240392915744 first armed True
log_dead_task 140240392917504 first armed True
log_dead_task 140240392919264 first armed True
log_dead_task 140240392921024 first armed True
log_dead_task 140240392922784 first armed True
log_dead_task 140240392924544 first armed True
log_dead_task 140240392926304 first armed True
log_dead_task 140240392928064 first armed True
log_dead_task 140240392929824 first armed True
log_dead_task 140240392931584 first armed True
log_dead_task 140240392933344 first armed True
log_dead_task 140240392935104 first armed True
log_dead_task 140240392936864 first armed True
log_dead_task 140240392938624 first armed True
log_dead_task 140240392940384 first armed True
log_dead_task 140240392942144 first armed True
log_dead_task 140240392943904 first armed True
log_dead_task 140240392945664 first armed True
log_dead_task 140240392947424 first armed True
log_dead_task 140240392949184 first armed True
log_dead_task 140240392950944 first armed True
log_dead_task 140240392952704 first armed True
log_dead_task 140240392954464 first armed True
log_dead_task 140240392956224 first armed True
log_dead_task 140240392957984 first armed True
log_dead_task 140240392959744 first armed True
log_dead_task 140240392961504 first armed True
log_dead_task 140240392963264 first armed True
log_dead_task 140240392965024 first armed True
log_dead_task 140240392966784 first armed True
log_dead_task 140240392968544 first armed True
log_dead_task 140240392970304 first armed True
log_dead_task 140240392972064 first armed True
log_dead_task 140240392973824 first armed True
log_dead_task 140240392975584 first armed True
log_dead_task 140240392977344 first armed True
log_dead_task 140240392979104 first armed True
log_dead_task 140240392980864 first armed True
log_dead_task 140240392982624 first armed True
log_dead_task 140240392984384 first armed True
log_dead_task 140240392986144 first armed True
log_dead_task 140240392987904 first armed True
log_dead_task 140240392989664 first armed True
log_dead_task 140240392991424 first armed True
log_dead_task 140240392993184 first armed True
log_dead_task 140240392994944 first armed True
log_dead_task 140240392996704 first armed True
log_dead_task 140240392998464 first armed True
log_dead_task 140240393000224 first armed True
log_dead_task 140240393001984 first armed True
log_dead_task 140240393003744 first armed True
log_dead_task 140240393005504 first armed True
log_dead_task 140240393007264 first armed True
log_dead_task 140240393009024 first armed True
log_dead_task 140240393010784 first armed True
log_dead_task 140240393012544 first armed True
log_dead_task 140240393014304 first armed True
log_dead_task 140240393016064 first armed True
log_dead_task 140240393017824 first armed True
log_dead_task 140240393019584 first armed True
log_dead_task 140240393021344 first armed True
log_dead_task 140240393023104 first armed True
log_dead_task 140240393024864 first armed True
log_dead_task 140240393026624 first armed True
log_dead_task 140240393028384 first armed True
log_dead_task 140240393030144 first armed True
log_dead_task 140240393031904 first armed True
log_dead_task 140240393033664 first armed True
log_dead_task 140240393035424 first armed True
log_dead_task 140240393037184 first armed True
log_dead_task 140240393038944 first armed True
log_dead_task 140240393040704 first armed True
log_dead_task 140240393042464 first armed True
log_dead_task 140240393044224 first armed True
log_dead_task 140240393045984 first armed True
log_dead_task 140240393047744 first armed True
log_dead_task 140240393049504 first armed True
log_dead_task 140240393051264 first armed True
log_dead_task 140240393053024 first armed True
log_dead_task 140240393054784 first armed True
log_dead_task 140240393056544 first armed True
log_dead_task 140240393058304 first armed True
log_dead_task 140240393060064 first armed True
log_dead_task 140240393061824 first armed True
log_dead_task 140240393063584 first armed True
log_dead_task 140240393065344 first armed True
log_dead_task 140240393067104 first armed True
log_dead_task 140240393068864 first armed True
log_dead_task 140240393070624 first armed True
log_dead_task 140240393072384 first armed True
log_dead_task 140240393074144 first armed True
log_dead_task 140240393075904 first armed True
log_dead_task 140240393077664 first armed True
log_dead_task 140240393079424 first armed True
log_dead_task 140240393081184 first armed True
log_dead_task 140240393082944 first armed True
log_dead_task 140240393084704 first armed True
log_dead_task 140240393086464 first armed True
log_dead_task 140240393088224 first armed True
log_dead_task 140240393089984 first armed True
log_dead_task 140240393091744 first armed True
log_dead_task 140240393093504 first armed True
log_dead_task 140240393095264 first armed True
log_dead_task 140240393097024 first armed True
log_dead_task 140240393098784 first armed True
log_dead_task 140240393100544 first armed True
log_dead_task 140240393102304 first armed True
log_dead_task 140240393104064 first armed True
log_dead_task 140240393105824 first armed True
log_dead_task 140240393107584 first armed True
log_dead_task 140240393109344 first armed True
log_dead_task 140240393111104 first armed True
log_dead_task 140240393112864 first armed True
log_dead_task 140240393114624 first armed True
log_dead_task 140240393116384 first armed True
log_dead_task 140240393118144 first armed True
log_dead_task 140240393119904 first armed True
log_dead_task 140240393121664 first armed True
log_dead_task 140240393123424 first armed True
log_dead_task 140240393125184 first armed True
log_dead_task 140240393126944 first armed True
log_dead_task 140240393128704 first armed True
log_dead_task 140240393130464 first armed True
armed True starts 398 log {'ErrType': ['N', 'N', 'N', 'N', 'N', 'N', 'N', 'E', 'E', 'E'], 'ErrCount': 398, 'ErrNum': [0, 0, 0, 0, 0, 0, 0, 42, 41, 42]} count 398
survived
exit=0
