........................................................................ [  3%]
........................................................................ [  7%]
........................................................................ [ 11%]
........................................................................ [ 15%]
........................................................................ [ 18%]
........................................................................ [ 22%]
........................................................................ [ 26%]
........................................................................ [ 30%]
........................................................................ [ 33%]
........................................................................ [ 37%]
........................................................................ [ 41%]
........................................................................ [ 45%]
........................................................................ [ 49%]
........................................................................ [ 52%]
........................................................................ [ 56%]
........................................................................ [ 60%]
........................................................................ [ 64%]
........................................................................ [ 67%]
........................................................................ [ 71%]
........................................................................ [ 75%]
........................................................................ [ 79%]
........................................................................ [ 82%]
........................................................................ [ 86%]
........................................................................ [ 90%]
........................................................................ [ 94%]
........................................................................ [ 98%]
......................................                                   [100%]
============================= slowest 5 durations ==============================
9.33s call     tests_scripts/test_buildgen_fuzz.py::test_a_mutated_device_builds_or_fails_with_a_build_error
5.21s call     tests_scripts/test_buildgen_generate.py::test_a_wiring_tag_naming_another_target_renders_that_keyword
4.02s call     tests_scripts/test_buildgen_error_contract.py::test_each_rule_aborts_with_one_line_naming_place_and_fix[wiring.cycle]
3.94s call     tests_scripts/test_buildgen_error_contract.py::test_each_rule_aborts_with_one_line_naming_place_and_fix[web.key-needs-string]
3.03s call     tests_scripts/test_buildgen_error_contract.py::test_each_rule_aborts_with_one_line_naming_place_and_fix[web.codes-unknown-table]
1910 passed in 115.27s (0:01:55)
