lwIP host pool: 4 connection pairs admitted (MEMP_NUM_TCP_PCB 9, two pcbs per pair)
FAIL test_a_write_to_a_peer_that_stopped_reading_returns_within_the_bound:
Traceback (most recent call last):
  File "tests/microtest.py", line 35, in run
  File "tests/lwip_host/test_modlwip_eagain.py", line 283, in test_a_write_to_a_peer_that_stopped_reading_returns_within_the_bound
  File "tests/lwip_host/test_modlwip_eagain.py", line 153, in _load
  File "tests/lwip_host/test_modlwip_eagain.py", line 271, in _write_until_eagain
  File "tests/lwip_host/test_modlwip_eagain.py", line 260, in _write_to_edge
  File "tests/lwip_host/test_modlwip_eagain.py", line 244, in _timed_write
AssertionError: one write() took 10065 ms, bound 250 ms
FAIL test_a_reading_peer_receives_every_byte_intact:
Traceback (most recent call last):
  File "tests/microtest.py", line 35, in run
  File "tests/lwip_host/test_modlwip_eagain.py", line 347, in test_a_reading_peer_receives_every_byte_intact
  File "tests/lwip_host/test_modlwip_eagain.py", line 244, in _timed_write
AssertionError: one write() took 10000 ms, bound 250 ms
FAIL test_capacity_returns_after_the_peers_close:
Traceback (most recent call last):
  File "tests/microtest.py", line 35, in run
  File "tests/lwip_host/test_modlwip_eagain.py", line 377, in test_capacity_returns_after_the_peers_close
  File "tests/lwip_host/test_modlwip_eagain.py", line 101, in _capacity
  File "tests/lwip_host/test_modlwip_eagain.py", line 271, in _write_until_eagain
  File "tests/lwip_host/test_modlwip_eagain.py", line 260, in _write_to_edge
  File "tests/lwip_host/test_modlwip_eagain.py", line 244, in _timed_write
AssertionError: one write() took 10001 ms, bound 250 ms
FAIL test_repeated_rounds_stay_stable:
Traceback (most recent call last):
  File "tests/microtest.py", line 35, in run
  File "tests/lwip_host/test_modlwip_eagain.py", line 384, in test_repeated_rounds_stay_stable
  File "tests/lwip_host/test_modlwip_eagain.py", line 101, in _capacity
  File "tests/lwip_host/test_modlwip_eagain.py", line 271, in _write_until_eagain
  File "tests/lwip_host/test_modlwip_eagain.py", line 260, in _write_to_edge
  File "tests/lwip_host/test_modlwip_eagain.py", line 244, in _timed_write
AssertionError: one write() took 10000 ms, bound 250 ms
FAIL test_the_eagain_spin_round_is_bounded:
Traceback (most recent call last):
  File "tests/microtest.py", line 35, in run
  File "tests/lwip_host/test_modlwip_eagain.py", line 398, in test_the_eagain_spin_round_is_bounded
  File "tests/lwip_host/test_modlwip_eagain.py", line 272, in _write_until_eagain
AssertionError: the edge after 1200 B was ENOMEM from tcp_output (no arena for the loopback copy), not EAGAIN
FAIL test_the_queue_limit_edge:
Traceback (most recent call last):
  File "tests/microtest.py", line 35, in run
  File "tests/lwip_host/test_modlwip_eagain.py", line 303, in test_the_queue_limit_edge
  File "tests/lwip_host/test_modlwip_eagain.py", line 272, in _write_until_eagain
AssertionError: the edge after 1200 B was ENOMEM from tcp_output (no arena for the loopback copy), not EAGAIN
FAIL test_the_segment_pool_edge:
Traceback (most recent call last):
  File "tests/microtest.py", line 35, in run
  File "tests/lwip_host/test_modlwip_eagain.py", line 329, in test_the_segment_pool_edge
AssertionError: no EAGAIN after 51 one-byte segments, the pool holds 48
0/7 passed, 7 failed, 0 skipped
rc=1 wall=41.427500742s
