lwIP host pool: 4 connection pairs admitted (MEMP_NUM_TCP_PCB 9, two pcbs per pair)
FAIL test_a_write_to_a_peer_that_stopped_reading_returns_within_the_bound:
Traceback (most recent call last):
  File "tests/microtest.py", line 35, in run
  File "tests/lwip_host/test_modlwip_eagain.py", line 286, in test_a_write_to_a_peer_that_stopped_reading_returns_within_the_bound
AssertionError: a write into the full arena was not EAGAIN
PASS test_capacity_returns_after_the_peers_close
FAIL test_repeated_rounds_stay_stable:
Traceback (most recent call last):
  File "tests/microtest.py", line 35, in run
  File "tests/lwip_host/test_modlwip_eagain.py", line 384, in test_repeated_rounds_stay_stable
  File "tests/lwip_host/test_modlwip_eagain.py", line 269, in _load_drain_close
  File "tests/lwip_host/test_modlwip_eagain.py", line 219, in _load
AssertionError: loader 1 ended EAGAIN after 256 B, expected ENOMEM
EAGAIN spin: slowest round 5192 us, largest allocation 32 B over 1000 rounds
PASS test_the_eagain_spin_round_is_bounded
PASS test_the_queue_limit_edge
PASS test_the_segment_pool_edge
intact-data run: 4 writing phases, each ended in EAGAIN, over 32768 B
PASS test_a_reading_peer_receives_every_byte_intact
5/7 passed, 2 failed, 0 skipped
rc=1 wall=8.472207015s
