PASS test_printloghistorystore_setup_first_time_falls_back_to_writing_defaults
PASS test_printloghistorystore_reset_persists_cleared_state_across_a_reboot
PASS test_a_failed_history_allocation_prints_its_text_with_logging_off
PASS test_each_level_prints_exactly_its_lines
PASS test_wrn_s_records_in_the_warning_sub_range
PASS test_history_length_zero_never_records_but_still_counts
PASS test_printloghistorystore_reset_during_the_boot_window_is_not_undone_by_the_later_setup
PASS test_err_s_increments_count_and_records_history
PASS test_history_length_huge_is_capped_instead_of_crashing_the_interpreter
PASS test_a_cancelled_newest_write_leaves_no_entry_unwritten
PASS test_a_clean_read_of_a_valid_store_sets_up_without_writing
PASS test_initial_state_is_all_clear
PASS test_printloghistorystore_forwards_name_to_the_base_class
PASS test_get_log_with_no_argument_and_no_name_set_falls_back_to_empty_string
PASS test_a_merged_count_saturates_at_the_cap
 PrintLog: FRAM allocation failed: simulated allocation failure
PASS test_printloghistorystore_get_chunk_raising_leaves_fram_none
PASS test_err_s_before_setup_does_not_write_even_with_logging_off
A PrintLog: FRAM allocation failed: simulated allocation failure
PASS test_each_ram_only_store_shows_one_entry_under_its_own_name
PASS test_an_allocator_refusal_prints_only_its_gated_line
PASS test_err_count_saturates_at_max_and_never_wraps
PASS test_printloghistorystore_write_uses_explicit_little_endian_layout
PASS test_a_reset_whose_write_lands_after_a_failed_one_ends_the_run
PASS test_printloghistorystore_setup_is_idempotent_once_initialized
PASS test_printloghistorystore_reset_before_setup_persists_the_cleared_state_anyway
PASS test_history_is_bounded_and_drops_oldest
PASS test_set_level_exact_boundary_values_pass_through_unclamped
PASS test_an_entry_logged_during_the_setup_write_keeps_a_ram_only_entry_when_its_write_fails
PASS test_a_failed_write_after_setup_keeps_one_ram_only_entry_until_a_write_lands
PASS test_get_log_reports_an_empty_warning_slot_as_no_entry
PASS test_console_prints_each_call_once_with_its_name_first
PASS test_printloghistory_forwards_name_to_the_base_class
H PrintLog: Uninitialized, call setup first!
H e
PASS test_a_failed_history_allocation_prints_its_text_and_keeps_a_zero_ring
 PrintLog: invalid level refused: 10
PASS test_an_out_of_range_level_is_refused_not_clamped
PASS test_read_stub_always_true_on_the_in_memory_class
PASS test_get_log_classifies_error_warning_and_clear_entries
PASS test_setup_marks_initialized
PASS test_a_none_data_buffer_fails_write_and_read_without_raising
PASS test_each_caught_chunk_allocation_failure_prints_its_text_once_with_logging_off
PASS test_a_non_allocation_failure_from_a_chunk_propagates
PASS test_printloghistorystore_err_s_before_setup_does_not_touch_fram
PASS test_name_defaults_to_empty_string
PASS test_concurrent_writes_land_newest_last
PASS test_err_s_errno_at_exact_max_err_boundary_is_recorded
PASS test_set_level_refuses_non_int_and_out_of_range_values
PASS test_printloghistorystore_read_before_any_write_fails_cleanly
PASS test_a_restored_0x80_byte_reads_back_as_no_entry
PASS test_an_entry_logged_during_the_setup_write_still_lands_on_the_chunk
PASS test_a_blank_store_is_reinitialised
PASS test_a_store_whose_reset_cannot_write_returns_false
PASS test_reset_before_setup_still_clears_even_with_logging_off
PASS test_a_reset_inside_a_failed_write_run_records_nothing_itself_and_starts_a_new_run
 PrintLog: FRAM history read failed: simulated allocation failure
PASS test_printloghistorystore_read_into_raising_is_caught
S earlier
S other
S again
S recurring
PASS test_a_sustained_identical_code_spends_one_slot_in_the_store
PASS test_get_log_explicit_name_still_overrides_self_name
PASS test_err_s_errno_one_past_max_err_boundary_is_not_recorded
PASS test_setup_merges_entries_logged_before_it_after_the_stored_ones
PASS test_read_answers_the_stored_entries_false_or_none_and_mutates_nothing
PASS test_printloghistorystore_write_into_returns_false_is_surfaced
H earlier
H other
H again
H recurring
PASS test_a_sustained_identical_code_spends_one_slot
PASS test_entries_logged_before_setup_count_their_ram_slots
PASS test_errno_beyond_its_sub_range_is_not_recorded
PASS test_printloghistorystore_out_of_memory_leaves_fram_none_and_never_raises
PASS test_an_unreadable_store_keeps_its_bytes_and_stays_ram_only
PASS test_printloghistorystore_read_into_returns_false_is_surfaced
PASS test_printloghistorystore_setup_fails_cleanly_when_both_read_and_write_fail
PASS test_restored_is_false_for_an_unreadable_chunk_and_a_ram_only_history
PASS test_printloghistorystore_err_s_survives_a_write_failure_without_raising
PASS test_a_failed_write_leaves_the_next_queued_call_to_write
PASS test_history_length_negative_is_clamped_to_zero_not_a_raise
PASS test_queued_calls_behind_a_failed_write_record_one_entry_and_the_next_write_lands_it
PASS test_get_log_with_no_argument_uses_self_name
PASS test_name_is_stored_verbatim_when_given
PASS test_wrn_s_wrnno_one_past_max_boundary_is_not_recorded
PASS test_printloghistorystore_setup_with_no_fram_returns_without_initializing
PASS test_err_s_default_errno_increments_count_but_not_history
PASS test_reset_clears_history_and_count
PASS test_printloghistorystore_reset_that_cannot_reach_the_chip_stays_uninitialized
PASS test_a_negative_code_is_counted_diagnosed_and_takes_no_slot
PASS test_printloghistorystore_zero_length_history_survives_write_and_read
PASS test_wrn_s_wrnno_at_exact_max_boundary_is_recorded
PASS test_printloghistorystore_allocates_a_chunk_from_the_fram_manager
PASS test_printloghistorystore_err_s_persists_and_survives_a_simulated_reboot
PASS test_a_reset_landing_during_setups_read_leaves_ram_and_the_chunk_cleared
PASS test_set_level_valid_value_passes_through
PASS test_set_level_none_is_off
PASS test_printloghistorystore_self_heals_from_a_single_corrupted_copy_across_a_reboot
PASS test_make_logger_builds_a_store_or_a_ram_history_by_config
87/87 passed, 0 failed, 0 skipped
