PASS test_connect_treats_a_mutated_mode_as_server_like_without_crashing
PASS test_init_rejects_multiple_invalid_parameters_at_once
PASS test_cancelling_a_task_that_holds_the_connect_lock_releases_it
PASS test_init_rejects_a_pre_resolved_sockaddr
PASS test_an_allocation_failure_in_each_arm_prints_its_text_and_keeps_the_sentinel
PASS test_dns_server_pattern_bound_to_all_interfaces_end_to_end
PASS test_sendto_returns_none_sentinel_for_a_too_large_outgoing_payload
PASS test_connect_self_heals_when_addr_mutated_to_a_malformed_value
PASS test_write_and_recvfrom_retries_until_a_reply_arrives
PASS test_ntp_client_pattern_end_to_end_success
PASS test_ntp_client_pattern_no_server_reachable
PASS test_disconnect_on_a_fresh_never_connected_object_is_a_clean_no_op
PASS test_fresh_client_and_server_round_trip
PASS test_a_bounded_ready_leaves_no_poll_task_behind
PASS test_write_and_recvfrom_returns_none_sentinel_for_a_malformed_tries
PASS test_cancellation_propagates_out_of_recvfrom
PASS test_recvfrom_returns_none_sentinel_for_a_malformed_buf_with_real_pending_data
PASS test_dns_server_pattern_recvfrom_never_returns_a_mismatched_pair
PASS test_cancelling_a_task_waiting_on_the_connect_lock_leaves_it_healthy
UDPSocket simulated allocation failure
PASS test_sendto_returns_none_sentinel_on_memoryerror
PASS test_sendto_returns_none_sentinel_for_a_malformed_explicit_addr
PASS test_recvfrom_respects_timeout_against_a_realistically_delayed_genuine_reply
PASS test_disconnect_clears_state_even_when_unregister_raises
PASS test_ready_survives_a_concurrent_disconnect_mid_poll_loop
PASS test_ready_without_a_deadline_polls_at_the_idle_rate
PASS test_recvfrom_returns_none_sentinel_on_timeout
UDPSocket simulated allocation failure
PASS test_connect_setup_memoryerror_self_heals_instead_of_raising
PASS test_sendto_returns_byte_count_like_write
PASS test_the_port_redirect_restores_the_module_after_an_exception
PASS test_init_rejects_malformed_addr_tuple
PASS test_disconnect_no_longer_crashes_a_concurrent_in_flight_connect_retry
PASS test_a_redirected_socket_reaches_the_fake_port
PASS test_init_accepts_every_valid_mode
PASS test_object_is_reusable_after_disconnect
PASS test_ready_returns_false_sentinel_for_a_malformed_mask
PASS test_the_port_redirect_maps_only_its_port_and_counts_constructions
PASS test_init_rejects_invalid_mode
PASS test_connect_setup_failure_self_heals_instead_of_raising
PASS test_dns_server_pattern_sendto_failure_does_not_corrupt_subsequent_serving
PASS test_arbitrary_binary_content_round_trips_untouched
PASS test_an_os_error_in_each_arm_prints_nothing_and_keeps_the_sentinel
PASS test_disconnect_is_idempotent_and_resets_state
PASS test_write_and_recvfrom_exhausts_tries_and_returns_none_sentinel
PASS test_ready_sleeps_milliseconds_not_seconds
PASS test_recvfrom_detects_pollerr_instead_of_waiting_out_the_full_timeout
PASS test_recvfrom_treats_a_zero_length_datagram_as_a_real_reply_not_a_timeout
UDPSocket simulated allocation failure
PASS test_write_returns_none_sentinel_on_memoryerror
PASS test_ready_with_a_deadline_polls_at_the_transaction_rate
PASS test_ntp_client_pattern_garbage_reply_is_delivered_not_rejected
PASS test_sendto_empty_bytes_succeeds
PASS test_write_and_recvfrom_tries_zero_returns_immediately
PASS test_concurrent_caller_joins_an_in_flight_connect_instead_of_a_premature_none
PASS test_recvfrom_buf_zero_returns_empty_bytes_not_the_timeout_sentinel
PASS test_recvfrom_propagates_readys_false_sentinel_for_a_malformed_timeout_ms
UDPSocket simulated allocation failure
PASS test_recvfrom_returns_none_sentinel_on_memoryerror
PASS test_client_mode_filters_datagrams_from_unexpected_sources
PASS test_init_rejects_addr_of_the_wrong_type_entirely
PASS test_a_socket_that_never_connects_does_not_wait_for_a_reply
PASS test_recvfrom_drains_a_burst_of_queued_datagrams_in_order
PASS test_ready_returns_false_sentinel_for_a_malformed_timeout_ms
PASS test_queued_datagrams_are_read_without_an_idle_sleep
PASS test_connect_self_heals_after_a_failed_bind
PASS test_recvfrom_silently_truncates_an_oversized_datagram
PASS test_write_on_an_unconnected_server_mode_socket_returns_none_sentinel
PASS test_ready_cancellation_still_propagates_through_the_new_try_except
PASS test_a_failed_send_returns_without_waiting_for_a_reply
PASS test_disconnect_clears_state_even_when_sock_close_raises
67/67 passed, 0 failed, 0 skipped
rc=0 elapsed=7.220351599s mode=f file=tests/test_asy_udp_socket.py
