PASS test_recvfrom_returns_none_sentinel_on_memoryerror
PASS test_sendto_returns_none_sentinel_on_memoryerror
PASS test_connect_self_heals_when_addr_mutated_to_a_malformed_value
PASS test_async_context_manager_disconnects_on_exit
PASS test_init_accepts_every_valid_mode_and_conn_tries_combination
PASS test_write_on_an_unconnected_server_mode_socket_returns_none_sentinel
PASS test_conn_tries_retries_within_a_single_connect_call
PASS test_sendto_returns_none_sentinel_for_a_too_large_outgoing_payload
PASS test_init_accepts_a_pre_resolved_bytes_like_addr
PASS test_write_and_recvfrom_tries_zero_returns_immediately
PASS test_ready_returns_false_sentinel_for_a_malformed_timeout_ms
PASS test_ready_returns_false_sentinel_for_a_malformed_wait_time_ms
PASS test_recvfrom_propagates_readys_false_sentinel_for_a_malformed_timeout_ms
PASS test_cancelling_a_task_waiting_on_the_connect_lock_leaves_it_healthy
PASS test_dns_server_pattern_recvfrom_never_returns_a_mismatched_pair
PASS test_init_rejects_malformed_addr_tuple
PASS test_init_rejects_non_int_conn_tries
PASS test_dns_server_pattern_sendto_failure_does_not_corrupt_subsequent_serving
PASS test_sendto_returns_none_sentinel_for_a_malformed_explicit_addr
PASS test_write_and_recvfrom_exhausts_tries_and_returns_none_sentinel
PASS test_connect_self_heals_when_conn_tries_mutated_to_a_non_int
PASS test_write_returns_none_sentinel_on_memoryerror
PASS test_cancelling_a_task_that_holds_the_connect_lock_releases_it
PASS test_sendto_empty_bytes_succeeds
PASS test_disconnect_on_a_fresh_never_connected_object_is_a_clean_no_op
PASS test_ready_returns_false_sentinel_for_a_malformed_mask
PASS test_ready_cancellation_still_propagates_through_the_new_try_except
PASS test_recvfrom_treats_a_zero_length_datagram_as_a_real_reply_not_a_timeout
PASS test_cancellation_propagates_out_of_recvfrom
PASS test_connect_setup_failure_self_heals_instead_of_raising
PASS test_client_mode_filters_datagrams_from_unexpected_sources
PASS test_write_and_recvfrom_returns_none_sentinel_for_a_malformed_tries
PASS test_recvfrom_buf_zero_returns_empty_bytes_not_the_timeout_sentinel
PASS test_async_context_manager_disconnects_even_on_exception
PASS test_ntp_client_pattern_no_server_reachable
PASS test_concurrent_caller_joins_an_in_flight_connect_instead_of_a_premature_none
PASS test_recvfrom_detects_pollerr_instead_of_waiting_out_the_full_timeout
PASS test_disconnect_clears_state_even_when_unregister_raises
PASS test_disconnect_is_idempotent_and_resets_state
PASS test_recvfrom_silently_truncates_an_oversized_datagram
PASS test_disconnect_clears_state_even_when_sock_close_raises
PASS test_connect_self_heals_after_conn_tries_exhausted
PASS test_object_is_reusable_after_disconnect
PASS test_recvfrom_returns_none_sentinel_on_timeout
PASS test_ntp_client_pattern_end_to_end_success
PASS test_init_rejects_multiple_invalid_parameters_at_once
PASS test_ntp_client_pattern_garbage_reply_is_delivered_not_rejected
PASS test_write_and_recvfrom_retries_until_a_reply_arrives
PASS test_dns_server_pattern_bound_to_all_interfaces_end_to_end
PASS test_arbitrary_binary_content_round_trips_untouched
PASS test_init_rejects_invalid_mode
PASS test_init_rejects_addr_of_the_wrong_type_entirely
PASS test_connect_setup_memoryerror_self_heals_instead_of_raising
PASS test_recvfrom_drains_a_burst_of_queued_datagrams_in_order
PASS test_ready_survives_a_concurrent_disconnect_mid_poll_loop
PASS test_a_bounded_ready_leaves_no_poll_task_behind
PASS test_recvfrom_respects_timeout_against_a_realistically_delayed_genuine_reply
PASS test_connect_treats_a_mutated_mode_as_server_like_without_crashing
PASS test_fresh_client_and_server_round_trip
PASS test_recvfrom_returns_none_sentinel_for_a_malformed_buf_with_real_pending_data
PASS test_disconnect_no_longer_crashes_a_concurrent_in_flight_connect_retry
PASS test_ready_wait_time_ms_is_milliseconds_not_seconds
PASS test_ready_default_wait_time_ms_does_not_busy_spin
PASS test_sendto_returns_byte_count_like_write
64/64 passed, 0 failed, 0 skipped
rc=0 elapsed=9.352597765s mode=f file=tests/test_asy_udp_socket.py
