PASS test_a_failing_source_reset_answers_failed_and_the_others_still_reset
PASS test_system_get_reports_build_info_verbatim_when_supplied
PASS test_backlog_defaults_to_one_above_max_connections
PASS test_nothing_is_written_to_a_peer_that_reset_while_its_body_was_read
PASS test_b_wrong_top_level_json_type_is_a_clean_rejection_on_every_settings_endpoint
PASS test_a_pause_time_of_the_wrong_shape_is_invalid
PASS test_a_malformed_led_command_is_invalid_and_never_dispatched
PASS test_d_status_errcount_includes_one_entry_per_module_and_per_configmanager
PASS test_notification_get_is_flat_settings_only_no_live_fields
PASS test_system_put_systemcmd_invalid_value_rejected_without_side_effects
PASS test_g_static_wildcard_serves_a_named_file_with_the_right_content_type
PASS test_h2_stream_own_webserver_errcount_source_failure_yields_an_error_marker
PASS test_notification_put_pause_time_reported_invalid_when_out_of_range
PASS test_f6_no_cooldown_gap_between_a_reclaim_and_the_next_accept
PASS test_h2_a_tuple_value_is_walked_like_a_list_never_dumped_as_one_string
PASS test_nothing_is_written_to_a_peer_whose_read_saw_a_reset
PASS test_notification_put_pause_time_reported_invalid_when_no_handler_registered
PASS test_a_read_phase_per_call_timeout_logs_the_call_timeout_code
PASS test_system_put_mempause_never_accepts_a_client_supplied_duration
PASS test_system_put_systemcmd_raising_callback_returns_failed_not_an_exception
PASS test_e_a_config_get_never_mixes_values_from_before_and_after_a_concurrent_put
PASS test_f2_content_length_exceeding_max_content_length_returns_413
PASS test_g2_default_is_hotspot_active_none_preserves_the_pre_existing_404_behavior
PASS test_g2_hotspot_inactive_unmatched_path_still_404s
PASS test_g_static_nested_path_not_found_since_the_stub_mount_is_flat
PASS test_repeated_reclaims_spend_one_slot
PASS test_an_explicit_backlog_is_honoured_when_it_covers_the_ceiling
PASS test_sensors_put_single_field_for_one_sensor
PASS test_sensors_put_unknown_field_within_known_sensor_reported_invalid_not_whole_request
PASS test_timeout_stream_proxy_close_and_wait_closed_forward_to_the_wrapped_stream
PASS test_i4_hammer_measurements_and_sensors_concurrently_with_a_real_config_write_with_gc_threshold_unset
PASS test_the_server_passes_its_own_backlog_to_start_server
PASS test_h2_stream_every_source_failing_still_produces_one_complete_valid_json_document
PASS test_system_get_omits_build_key_when_build_info_not_supplied
PASS test_a_streamed_bodys_content_length_counts_bytes_not_characters
PASS test_a_body_that_never_arrives_is_logged_as_a_read_phase_timeout
PASS test_i1_empty_dict_produces_the_same_valid_empty_object_as_plain_json_dumps
PASS test_a_close_that_raises_and_whose_wait_fails_keeps_both_warnings
PASS test_g_static_binary_file_of_an_unmapped_type_falls_back_to_octet_stream
PASS test_f9_soak_100_plus_start_wedge_reclaim_cycles_hold_counter_and_memory_flat
PASS test_networking_get_flattens_a_real_type_name_nested_get_dict_cfg_shape
PASS test_f2b_all_above_the_cap_are_rejected_without_the_body_ever_being_read
PASS test_b_missing_field_or_sub_object_left_untouched_on_every_settings_endpoint
PASS test_networking_get_is_flat_settings_only_no_live_fields
PASS test_g_static_wildcard_also_serves_the_index_file_by_its_own_name
PASS test_g_static_routes_never_shadow_a_real_api_endpoint
PASS test_notification_put_light_cmd_led_round_trips_independently_of_flat_fields
PASS test_h2_piece_writer_flush_is_idempotent_and_an_empty_writer_adds_nothing
PASS test_notification_put_pause_time_raising_callback_returns_failed_not_an_exception
PASS test_f2_content_length_larger_than_body_sent_then_silence_times_out
PASS test_f8_task_starters_exposes_exactly_one_server_task_for_the_supervisor
PASS test_f5_double_close_paths_dont_raise_or_double_decrement
PASS test_i1_output_is_byte_identical_to_microdots_own_single_json_dumps_path
PASS test_g2_put_to_unmatched_path_is_405_regardless_of_hotspot_state
PASS test_g2_dynamic_is_hotspot_active_value_change_is_reflected_per_request
PASS test_a_timed_out_proxy_call_sets_the_shared_timed_out_flag
PASS test_status_get_returns_exact_substructure_no_settings_fields_anywhere
PASS test_g_static_directory_traversal_attempt_is_rejected_not_resolved
PASS test_g2_hotspot_redirect_does_not_log_a_warning_or_error
PASS test_f2b_hammer_all_oversized_allocates_no_body_at_all
PASS test_d_own_errcount_entry_reflects_real_logged_warnings_and_resets_with_the_rest
PASS test_i2_hammer_concurrent_sensors_requests_stay_valid_with_the_chosen_gc_threshold
PASS test_notification_put_pause_time_reported_invalid_when_not_an_int
PASS test_a_flat_get_sends_the_unavailable_marker_for_each_field_of_an_unreadable_group
PASS test_measurements_get_returns_merged_per_sensor_dict
rc=139 elapsed=2.957536577
