debug: {'code': 0, 'res': 'OK', 'descr': 'Command executed', 'result': {'DebugLevel': 'Valid'}}
t=   0.6s PUT TempOffset=0.0: {"SCD30": {"TempOffset": "Unchanged"}} ConfigUnpersisted=None up=None
t=   3.5s PUT TempOffset=-0.5: {"SCD30": {"TempOffset": "Invalid"}} ConfigUnpersisted=None up=None
t=   6.5s PUT TempOffset=655.85: {"SCD30": {"TempOffset": "Invalid"}} ConfigUnpersisted=None up=None
t=   9.4s PUT TempOffset=1.5: {"SCD30": {"TempOffset": "Valid"}} ConfigUnpersisted=None up=None
t=  12.3s PUT TempOffset=0: {"SCD30": {"TempOffset": "Valid"}} ConfigUnpersisted=None up=None
t=  15.4s PUT TempOffset=327.68: {"SCD30": {"TempOffset": "Valid"}} ConfigUnpersisted=None up=None
t=  18.4s PUT TempOffset=655.35: {"SCD30": {"TempOffset": "Valid"}} ConfigUnpersisted=None up=None
t=  22.0s PUT MeasInterval=2: {"SCD30": {"MeasInterval": "Unchanged"}} ConfigUnpersisted=None up=None
t=  25.2s PUT MeasInterval=1: {"SCD30": {"MeasInterval": "Invalid"}} ConfigUnpersisted=None up=None
t=  28.1s PUT MeasInterval=1801: {"SCD30": {"MeasInterval": "Invalid"}} ConfigUnpersisted=None up=None
t=  31.1s PUT MeasInterval=2.5: {"SCD30": {"MeasInterval": "Invalid"}} ConfigUnpersisted=None up=None
t=  35.8s PUT MeasInterval=2: {"SCD30": {"MeasInterval": "Unchanged"}} ConfigUnpersisted=None up=None
t=  39.1s PUT MeasInterval=901: {"SCD30": {"MeasInterval": "Valid"}} ConfigUnpersisted=None up=None
t=  42.0s PUT MeasInterval=1800: {"SCD30": {"MeasInterval": "Valid"}} ConfigUnpersisted=None up=None
t=  45.0s PUT Altitude=0: {"SCD30": {"Altitude": "Unchanged"}} ConfigUnpersisted=None up=None
t=  49.9s PUT Altitude=-1: {"SCD30": {"Altitude": "Invalid"}} ConfigUnpersisted=None up=None
t=  53.1s PUT Altitude=65536: {"SCD30": {"Altitude": "Invalid"}} ConfigUnpersisted=None up=None
t=  56.1s PUT Altitude=0.5: {"SCD30": {"Altitude": "Invalid"}} ConfigUnpersisted=None up=None
t=  59.0s PUT Altitude=0: {"SCD30": {"Altitude": "Unchanged"}} ConfigUnpersisted=None up=None
t=  64.0s PUT Altitude=32768: {"SCD30": {"Altitude": "Valid"}} ConfigUnpersisted=None up=None
t=  67.2s PUT Altitude=65535: {"SCD30": {"Altitude": "Valid"}} ConfigUnpersisted=None up=None
t=  70.2s PUT SelfCal=True: {"SCD30": {"SelfCal": "Valid"}} ConfigUnpersisted=None up=None
t=  72.8s PUT FRCNoise=20.0: {"SCD30": {"FRCNoise": "Unchanged"}} ConfigUnpersisted=None up=None
t=  75.4s PUT FRCNoise=10.0: {"SCD30": {"FRCNoise": "Valid"}} ConfigUnpersisted=None up=None
t=  79.3s PUT FRCRate=10.0: {"SCD30": {"FRCRate": "Unchanged"}} ConfigUnpersisted=None up=None
t=  86.8s PUT FRCNoise=20.0: {"SCD30": {"FRCNoise": "Valid"}} ConfigUnpersisted=None up=None
t=  94.3s PUT FRCNoise=20.0: {"SCD30": {"FRCNoise": "Unchanged"}} ConfigUnpersisted=None up=None
STATUS {"networking": {"RSSI": null, "NTPSynced": false, "NTPLastSyncAge": null, "NTPLastSync": null, "HTTPDropped": 0, "Connected": false, "WifiTS": null, "WifiUptime": 0, "Subnet": "0.0.0.0", "Mode": "AP", "IPv4": "0.0.0.0", "DNS": "0.0.0.0", "Gateway": "0.0.0.0"}, "system": {"UTCTime": null, "LocalTime": null, "BootSignature": null, "MemPaused": true, "SysUptime": 98}, "notification": {"Triggered": false, "PauseTime": 0, "TS": null}, "sensors": {"SGP40": {"BackupTS": null, "RestoreTS": null}}, "errcount": {"CFGMGR_SCD30": {"history": [{"type": "N", "num": 0}, {"type": "N", "num": 0}, {"type": "N", "num": 0}, {"type": "N", "num": 0}, {"type": "N", "num": 0}, {"type": "N", "num": 0}, {"type": "N", "num": 0}, {"type": "N", "num": 0}, {"type": "N", "num": 0}, {"type": "N", "num": 0}], "counter": 0}, "SCD30": {"history": [{"type": "E", "num": 1}, {"type": "W", "num": 14}, {"type": "E", "num": 27}, {"type": "E", "num": 1}, {"type": "W", "num": 15}, {"type": "E", "num": 27}, {"type": "E", "num": 1}, {"type": "W", "num": 15}, {"type": "E", "num": 27}, {"type": "E", "num": 1}], "counter": 102}, "SYSTEM": {"history": [{"type": "N", "num": 0}, {"type": "N", "num": 0}, {"type": "N", "num": 0}, {"type": "N", "num": 0}, {"type": "N", "num": 0}, {"type": "N", "num": 0}, {"type": "E", "num": 44}, {"type": "E", "num": 41}, {"type": "E", "num": 44}, {"type": "E", "num": 28}], "counter": 7}, "CFGMGR_WIFI": {"history": [{"type": "N", "num": 0}, {"type": "N", "num": 0}, {"type": "N", "num": 0}, {"type": "N", "num": 0}, {"type": "N", "num": 0}, {"type": "N", "num": 0}, {"type": "N", "num": 0}, {"type": "N", "num": 0}, {"type": "N", "num": 0}, {"type": "N", "num": 0}], "counter": 0}, "SGP40": {"history": [{"type": "N", "num": 0}, {"type": "N", "num": 0}, {"type": "N", "num": 0}, {"type": "N", "num": 0}, {"type": "N", "num": 0}, {"type": "N", "num": 0}, {"type": "N", "num": 0}, {"type": "N", "num": 0}, {"type": "E", "num": 110}, {"type": "E", "num": 28}], "counter": 2}, "CFGMGR_NTP": {"history": [{"type": "N", "num": 0}, {"type": "N", "num": 0}, {"type": "N", "num": 0}, {"type": "N", "num": 0}, {"type": "N", "num": 0}, {"type": "N", "num": 0}, {"type": "N", "num": 0}, {"type": "N", "num": 0}, {"type": "N", "num": 0}, {"type": "N", "num": 0}], "counter": 0}, "NOTIFY": {"history": [{"type": "N", "num": 0}, {"type": "N", "num": 0}, {"type": "N", "num": 0}, {"type": "N", "num": 0}, {"type": "N", "num": 0}, {"type": "N", "num": 0}, {"type": "N", "num": 0}, {"type": "N", "num": 0}, {"type": "N", "num": 0}, {"type": "N", "num": 0}], "counter": 0}, "NEOPIXEL": {"history": [{"type": "N", "num": 0}, {"type": "N", "num": 0}, {"type": "N", "num": 0}, {"type": "N", "num": 0}, {"type": "N", "num": 0}, {"type": "N", "num": 0}, {"type": "N", "num": 0}, {"type": "N", "num": 0}, {"type": "N", "num": 0}, {"type": "N", "num": 0}], "counter": 0}, "FRAM": {"history": [{"type": "N", "num": 0}, {"type": "N", "num": 0}, {"type": "N", "num": 0}, {"type": "N", "num": 0}, {"type": "N", "num": 0}, {"type": "N", "num": 0}, {"type": "N", "num": 0}, {"type": "N", "num": 0}, {"type": "N", "num": 0}, {"type": "W", "num": 25}], "counter": 32}, "DNSSRV": {"history": [{"type": "N", "num": 0}, {"type": "N", "num": 0}, {"type": "N", "num": 0}, {"type": "N", "num": 0}, {"type": "N", "num": 0}, {"type": "N", "num": 0}, {"type": "N", "num": 0}, {"type": "N", "num": 0}, {"type": "N", "num": 0}, {"type": "N", "num": 0}], "counter": 0}, "CFGMGR_NOTIFY": {"history": [{"type": "N", "num": 0}, {"type": "N", "num": 0}, {"type": "N", "num": 0}, {"type": "N", "num": 0}, {"type": "N", "num": 0}, {"type": "N", "num": 0}, {"type": "N", "num": 0}, {"type": "N", "num": 0}, {"type": "N", "num": 0}, {"type": "N", "num": 0}], "counter": 0}, "CFGMGR_SGP40": {"history": [{"type": "N", "num": 0}, {"type": "N", "num": 0}, {"type": "N", "num": 0}, {"type": "N", "num": 0}, {"type": "N", "num": 0}, {"type": "N", "num": 0}, {"type": "N", "num": 0}, {"type": "N", "num": 0}, {"type": "N", "num": 0}, {"type": "N", "num": 0}], "counter": 0}, "WIFI": {"history": [{"type": "N", "num": 0}, {"type": "N", "num": 0}, {"type": "N", "num": 0}, {"type": "N", "num": 0}, {"type": "N", "num": 0}, {"type": "N", "num": 0}, {"type": "N", "num": 0}, {"type": "N", "num": 0}, {"type": "N", "num": 0}, {"type": "N", "num": 0}], "counter": 0}, "NTP": {"history": [{"type": "N", "num": 0}, {"type": "N", "num": 0}, {"type": "N", "num": 0}, {"type": "N", "num": 0}, {"type": "N", "num": 0}, {"type": "N", "num": 0}, {"type": "N", "num": 0}, {"type": "N", "num": 0}, {"type": "N", "num": 0}, {"type": "N", "num": 0}], "counter": 0}, "CFGMGR_SYSTEM": {"history": [{"type": "N", "num": 0}, {"type": "N", "num": 0}, {"type": "N", "num": 0}, {"type": "N", "num": 0}, {"type": "N", "num": 0}, {"type": "N", "num": 0}, {"type": "N", "num": 0}, {"type": "N", "num": 0}, {"type": "N", "num": 0}, {"type": "N", "num": 0}], "counter": 0}, "WEBSERVER": {"history": [{"type": "N", "num": 0}, {"type": "N", "num": 0}, {"type": "N", "num": 0}, {"type": "N", "num": 0}, {"type": "N", "num": 0}, {"type": "N", "num": 0}, {"type": "N", "num": 0}, {"type": "N", "num": 0}, {"type": "N", "num": 0}, {"type": "N", "num": 0}], "counter": 0}}}
