PASS test_wozi_storage_pause_does_not_survive_a_simulated_reboot
PASS test_an_isl29125_reapply_mid_read_leaves_every_twin_sibling_read_valid
PASS test_two_failing_readers_on_one_bus_run_each_bus_rung_once
PASS test_wozi_real_task_graph_survives_a_full_ceiling_api_burst_during_bus_load
PASS test_wozi_survives_concurrent_bus_load_and_a_real_established_wifi_disconnect
PASS test_wozi_real_task_graph_survives_concurrent_bus_load_including_a_real_general_call
PASS test_wozi_fram_recovers_after_an_injected_spi_write_fault
PASS test_dev_real_task_graph_survives_concurrent_bus_load_including_a_real_general_call
PASS test_wozi_storage_pause_gates_the_real_twin_chip
PASS test_wozi_fram_recovers_after_an_injected_spi_read_fault
PASS test_wozi_storage_pause_short_circuits_before_the_bus_so_an_injected_fault_survives
PASS test_a_bus_recovery_does_not_disturb_concurrent_sibling_reads
PASS test_sgp40_heater_off_mid_read_leaves_every_twin_sibling_read_valid
PASS test_wozi_a_chunk_another_owner_wrote_reads_blank_after_a_simulated_reboot
PASS test_an_scd30_soft_reset_mid_read_leaves_every_twin_sibling_read_valid
PASS test_wozi_write_protect_blocks_reads_too_and_the_data_survives_it
PASS test_three_concurrent_sgp40_measurements_each_send_and_read_their_own_words
PASS test_dev_real_task_graph_survives_a_full_ceiling_api_burst_during_bus_load
PASS test_a_sustained_fault_on_one_twin_chip_climbs_to_the_bus_clear_and_recovers_once_cleared
PASS test_wozi_fram_chunk_loop_absorbs_a_transient_spi_rx_overrun
20/20 passed, 0 failed, 0 skipped
exit=0 wall=166.1s
