PASS test_both_instances_are_constructed_and_registered
PASS test_both_instances_share_one_set_of_protocol_parameters
PASS test_a_collection_length_pause_mid_transfer_does_not_break_the_link
PASS test_many_back_to_back_transfers_do_not_degrade_or_leak
PASS test_hammering_the_link_beside_the_graph_holds_at_the_gc_default
PASS test_the_generic_runner_joins_the_two_buses_its_wiring_plan_names
PASS test_the_link_keeps_working_while_the_rest_of_the_graph_runs
PASS test_a_maximum_length_train_completes_and_still_yields
PASS test_a_payload_larger_than_one_chunk_crosses_the_jumper_intact
PASS test_the_two_ends_sit_on_distinct_peripherals_with_sized_buffers
PASS test_one_sided_silence_forces_a_resync_and_both_sides_recover
PASS test_a_payload_size_mismatch_is_diagnosed_as_unintelligible
PASS test_the_link_survives_sustained_allocation_pressure
PASS test_hammering_the_link_beside_the_graph_holds_at_the_chosen_gc_threshold
PASS test_a_get_and_a_set_both_complete_with_no_errors_counted
PASS test_both_ends_get_their_own_real_fram_chunk
PASS test_a_transfer_does_not_starve_other_tasks
PASS test_every_build_starts_with_every_dma_channel_free
PASS test_the_two_instances_have_distinct_names_and_loggers
19/19 passed, 0 failed, 0 skipped
exit=0 wall=96.6s
