PASS test_parse_args_minimal_valid_config
PASS test_parse_args_missing_value_for_a_flag_raises
PASS test_collect_chips_includes_fram_from_the_spi_bus
PASS test_parse_args_gc_threshold_defaults_to_matching_real_firmware
digital_twin/run_generic_integration.py: stop file seen, ending the run
PASS test_serving_ends_once_the_stop_file_appears
digital_twin/run_generic_integration.py starting - device='sensortask_wozi' module='sensortask_wozi' host='127.0.0.1' port=19099 fram_state_path=None scd30_state_path=None seed=None duration=0.0 faults=[('sgp40', 'writeto', 2)] hangs=[] wifi_outcomes=[] mem_sample_interval_ms=None
digital_twin/run_generic_integration.py [sensortask_wozi] shutdown: would_have_triggered_count=0
PASS test_main_boots_arms_a_fault_and_shuts_down_cleanly
PASS test_a_fault_naming_a_driver_this_device_does_not_carry_is_refused_by_name
PASS test_collect_chips_skips_a_bus_var_the_module_never_constructed
digital_twin/run_generic_integration.py: stop file seen, ending the run
PASS test_serving_ends_at_once_when_the_stop_file_already_exists
PASS test_parse_args_requires_module
PASS test_collect_chips_keys_a_multi_instance_driver_by_its_qualified_name_too
PASS test_parse_args_mem_sample_interval_ms_defaults_to_disabled
PASS test_collect_chips_keys_a_single_instance_driver_by_its_plain_name
PASS test_a_wlan_fault_still_bypasses_the_wiring_check
PASS test_a_hang_naming_a_driver_this_device_does_not_carry_is_refused_the_same_way
PASS test_parse_args_requires_wiring_plan
PASS test_run_config_compares_and_prints_its_grouped_fields
PASS test_parse_args_stop_file_is_settable_and_empty_means_none
PASS test_parse_args_fault_hang_and_wifi_outcome_reuse_launchs_own_parsers
PASS test_parse_args_device_label_overrides_the_module_name
PASS test_parse_args_rejects_an_unrecognized_flag
PASS test_serving_without_the_stop_file_lasts_the_whole_duration
PASS test_parse_args_gc_threshold_is_overridable
PASS test_parse_args_empty_fram_state_path_means_in_memory_only
PASS test_parse_args_host_and_port
PASS test_parse_args_mem_sample_interval_ms_is_settable
26/26 passed, 0 failed, 0 skipped
exit=0 wall=1.3s
