procs -----------memory---------- ---swap-- -----io---- -system-- -------cpu-------
 r  b   swpd   free   buff  cache   si   so    bi    bo   in   cs us sy id wa st gu
 2  0      0 5333256 1068864 9613164    0    0   112   560 4223   18 44  4 50  1  1  0
 4  0      0 4886136 1068896 9613836    0    0     0   296 4693 8603 82  8  9  0  2  0
 5  0      0 4666784 1069088 9630200    0    0     0   428 6376 11841 74  6 16  0  3  0
 5  0      0 4498716 1069088 9658776    0    0     0    34 7894 15647 83  8  8  0  2  0
 6  0      0 4569128 1069088 9640928    0    0     0   288 9080 18669 87  7  5  0  1  0
 3  0      0 4650112 1069108 9649480    0    0     0  2630 8882 18311 87  7  4  0  2  0
 8  0      0 4472848 1069248 9671668    0    0     0   290 9140 18318 87  8  4  0  1  0
 6  0      0 4501236 1069652 9666204    0    0     0  1162 9914 19762 86  6  7  0  2  0
 6  0      0 3839316 1072032 9670084    0    0     0  1558 8444 16330 77  5 16  0  2  0
 4  0      0 3224352 1078532 9673808    0    0     0  1263 11250 22688 82  4 12  0  2  0
 4  0      0 3024160 1080692 9674208    0    0     0   975 11029 22230 84  5  8  0  2  0
 7  0      0 3028608 1080692 9674720    0    0     0  3102 9660 18619 73  7 16  2  2  0
 5  0      0 3034324 1080720 9675932    0    0     0  1214 12571 25332 79  7 10  2  2  0
 7  0      0 3031048 1080828 9681244    0    0     0   326 10974 22132 88  4  7  0  1  0
 5  0      0 3020852 1080876 9681716    0    0     0   440 11020 22464 88  4  6  0  1  0
 5  0      0 2936196 1081020 9686476    0    0     0   263 9446 17981 86  4  8  0  1  0
 3  0      0 2951600 1081556 9686376    0    0     0   431 10528 20606 79  6 13  0  2  0
 4  1      0 3305672 1082448 9687432    0    0     0   790 7691 14575 73  5 20  0  2  0
 5  0      0 3315900 1084432 9719156    0    0     0   492 10436 20060 78  4 15  0  2  0
 4  0      0 3287924 1085124 9755464    0    0     0   347 9947 18892 79  4 15  0  2  0
 1  0      0 3272748 1087592 9767860    0    0     7  1440 10796 19772 39  7 52  0  2  0
 4  0      0 3255472 1087728 9769200    0    0     0  1634 11407 21393 63  4 31  0  2  0
 6  0      0 3276068 1087780 9767668    0    0     0  3314 9882 19104 81  3 14  0  2  0
 5  0      0 3273576 1087968 9769416    0    0     0  1996 13187 25856 76  3 19  0  1  0
 9  0      0 3265880 1088288 9772896    0    0     0   428 12736 25611 81  4 14  0  2  0
 8  0      0 3237244 1088484 9775864    0    0     0    80 14037 27774 78  8 12  0  2  0
 6  0      0 3245112 1088552 9774732    0    0     0   136 10667 20331 82  5 11  0  1  0
 5  0      0 3253728 1088828 9774804    0    0     0   386 14258 33184 71  6 21  0  2  0
 1  0      0 3258564 1088864 9775508    0    0     0   180 13839 29078 48  7 43  0  3  0
 2  0      0 3248072 1089212 9777496    0    0     0    39 17659 34174 53  6 39  0  2  0
 3  0      0 3243668 1089528 9780244    0    0     0   695 19114 38503 63  5 30  0  2  0
 3  0      0 3238848 1089872 9782524    0    0     0    89 14338 28613 69  5 25  0  2  0
 5  0      0 3222496 1089884 9784628    0    0     0   169 11598 25832 89  5  4  0  2  0
 6  0      0 3214180 1089884 9782764    0    0     0   375 8494 17437 93  3  2  0  1  0
 5  0      0 3210148 1089916 9781328    0    0     0    76 7116 13392 93  2  3  0  2  0
 5  0      0 3197440 1089988 9780588    0    0     0    66 7692 14319 92  3  3  0  2  0
 6  0      0 3093356 1092544 9790536    0    0     0   558 5874 10783 78 10  9  0  2  0
 6  0      0 3088336 1095868 9801792    0    0     0   121 7142 13852 83 10  5  0  2  0
 5  0      0 2794376 1096020 9800216    0    0     0   140 8958 17883 88  6  3  0  2  0
 6  0      0 2754220 1096152 9802096    0    0     0  1602 4640 7993 95  2  2  0  1  0
 7  0      0 2582864 1096368 9802960    0    0     0   746 3288 4931 92  4  2  0  2  0
 4  0      0 2908272 1096544 9803292    0    0     0   142 4638 7723 94  3  2  0  2  0
 3  0      0 2925924 1096640 9803140    0    0     0   385 4383 7491 92  3  4  0  2  0
 3  0      0 2909836 1096992 9804692    0    0     0   256 5052 8780 83  4 10  0  2  0
 8  0      0 2924412 1097044 9804656    0    0     0    26 5052 9007 92  4  2  0  2  0
 6  0      0 2909244 1097164 9804980    0    0     0   222 4798 8365 90  4  4  0  2  0
 9  0      0 2681480 1097536 9815984    0    0     0   143 4714 8404 88  7  3  0  2  0
 8  0      0 2739044 1097584 9817796    0    0     0   106 7677 14788 94  3  1  0  2  0
 3  0      0 2756804 1098188 9820096    0    0     0   366 5447 9788 93  3  1  0  2  0
 3  0      0 2874324 1104552 9826492    0    0     2   402 4687 8112 89  3  5  0  2  0
 4  0      0 2860724 1105456 9836408    0    0     0   860 3990 6568 91  3  4  0  2  0
 4  0      0 2854808 1106508 9841668    0    0     0  1270 5143 9321 87  4  7  0  2  0
 3  0      0 2839320 1107368 9853436    0    0     0   366 5089 8990 90  3  5  0  2  0
 5  0      0 2809856 1107956 9859800    0    0     1   682 4816 8501 87  3  9  0  2  0
 6  0      0 2811548 1108192 9859680    0    0     0   980 5822 10545 92  2  5  0  2  0
 6  0      0 2785764 1108316 9860236    0    0     0   998 4906 8773 90  4  4  0  2  0
 5  0      0 2820468 1108532 9861796    0    0     0   642 5319 9634 92  5  1  0  2  0
 7  0      0 2780640 1109192 9865564    0    0     0   349 4799 8512 84  4 10  0  2  0
 8  0      0 2741680 1111072 9871112    0    0     0    36 5260 9947 81 12  5  0  2  0
 4  0      0 2712444 1112848 9877064    0    0    12   236 6159 11552 74 12 11  0  2  0
 3  0      0 2732412 1113440 9879604    0    0     0   966 4446 7726 79  6 12  0  2  0
 6  0      0 2753588 1113744 9890072    0    0     0   373 3214 4694 80  2 16  0  2  0
 4  0      0 2750184 1114084 9901204    0    0     0   382 3394 5370 82  2 14  0  2  0
 3  0      0 2760960 1114352 9910380    0    0     0   508 3828 6145 83  2 14  0  2  0
 4  0      0 2778700 1114952 9926216    0    0     0   645 3181 4598 65  3 30  0  2  0
 3  0      0 2783500 1115176 9928544    0    0     0   793 4497 7383 58  7 33  0  2  0
 3  0      0 2764928 1115808 9939272    0    0     2  1315 4253 6845 71  3 25  0  1  0
 2  0      0 2744544 1116252 9957448    0    0     0  1652 4840 8015 64  2 32  0  1  0
 4  0      0 3053820 1116316 9647640    0    0     0   517 9224 16332 41  9 35 13  2  0
 3  0      0 3052612 1116320 9647536    0    0     0   115 3751 5736 63  3 33  0  1  0
 4  0      0 3057316 1116320 9647520    0    0     0  3233 3259 4666 73  2 23  0  2  0
 2  0      0 5226224 1116320 9645048    0    0     0  1416 2628 3561 47  6 44  0  2  0
 0  0      0 5238184 1116320 9645084    0    0     0    94 1740 2107 26  2 71  0  1  0
 0  0      0 5234720 1116320 9645132    0    0     0   131 1591 2207  7  1 91  0  1  0
 1  0      0 5240944 1116320 9645152    0    0     0     7 2577 3341  9  2 88  0  1  0
 8  0      0 5058936 1116332 9643684    0    0     0     9 1700 2322 21  6 72  0  1  0
13  0      0 4664484 1116520 9659868    0    0     1   857 6701 12731 62 11 25  0  2  0
 1  0      0 4355352 1116520 9658568    0    0     0   228 8387 15795 28 10 59  0  3  0
 5  0      0 4436936 1116520 9668540    0    0     0    74 9666 17015 22  8 68  0  2  0
 6  0      0 4376508 1116520 9674628    0    0     0   477 10729 19451 23  8 67  1  2  0
 0  0      0 4289288 1116520 9683456    0    0     0   771 11193 19713 25  7 66  0  2  0
10  0      0 4269284 1116520 9680712    0    0     0   844 11569 20461 27  8 63  0  2  0
 3  0      0 4283540 1116520 9673904    0    0     0   394 11685 21367 30  9 59  0  3  0
 4  0      0 4306780 1116520 9673756    0    0     0   412 11755 20848 25  8 64  0  2  0
 0  0      0 4314120 1116520 9676644    0    0     0   211 11668 20612 24  9 65  0  2  0
 0  0      0 4027072 1116520 9675344    0    0     0   408 10351 18709 33  8 57  0  2  0
 2  0      0 4038620 1116520 9672788    0    0     0   208 9406 15804 17  6 75  0  2  0
 0  0      0 4438340 1116520 9672536    0    0     0   526 9207 14899 13  6 80  0  2  0
 2  0      0 4462116 1116520 9672692    0    0     0   774 8811 14634 14  6 77  0  3  0
 0  0      0 4460688 1116520 9672688    0    0     0   339 8867 14730 13  6 78  0  3  0
 0  0      0 4466048 1116520 9672692    0    0     0   214 8643 14301 11  5 81  0  3  0
 1  0      0 4465316 1116520 9671028    0    0     0   687 8876 14758 12  5 81  0  2  0
 0  0      0 4442700 1116520 9671352    0    0     0   297 8792 14709 10  4 84  0  2  0
 0  0      0 4444288 1116520 9671096    0    0     0    63 8806 14726 10  5 83  0  2  0
 0  0      0 4454972 1116520 9671224    0    0     0   651 8559 14247 10  5 82  0  3  0
 2  0      0 4451688 1116520 9670952    0    0     0   234 7221 12123 13  5 79  0  2  0
 0  0      0 4458072 1116520 9670468    0    0     0   168 5818 9573 13  5 79  0  3  0
 4  0      0 4431088 1116520 9672184    0    0     4   612 9165 15178 30  8 60  0  3  0
 2  0      0 4421932 1116520 9671472    0    0     0   249 9427 15803 35  7 56  0  2  0
 2  0      0 4401392 1116540 9673200    0    0     0   222 8587 14203 33  7 55  0  5  0
 2  0      0 4440832 1116540 9673964    0    0     0   773 8893 15054 37  7 51  0  5  0
 1  0      0 4432860 1116540 9673040    0    0     0   217 9142 15354 36  6 55  0  3  0
 2  0      0 4448316 1116540 9673108    0    0     0   298 9476 15695 35  6 56  0  3  0
 0  0      0 4443292 1116540 9671648    0    0     0   742 8860 14706 35  7 54  0  5  0
 2  0      0 4425904 1116540 9675564    0    0     0   245 9343 15517 36  6 55  0  3  0
 6  0      0 4409988 1116540 9671440    0    0     0   220 9042 15160 37  7 51  0  4  0
 4  0      0 4427240 1116540 9673080    0    0     0   105 8679 14630 38  7 49  0  6  0
 2  0      0 4362208 1116540 9728800    0    0     0   589 9192 15403 38  7 52  0  3  0
15  0      0 4220648 1116556 9843640    0    0     0   238 8358 14566 42  8 47  0  3  0
 2  0      0 4235116 1116556 9842472    0    0     0   204 8692 14607 38  7 50  0  5  0
 6  0      0 4226080 1116556 9842464    0    0     0  1030 9134 15269 38  7 52  0  3  0
 1  0      0 4217512 1116560 9847784    0    0     0 17497 9806 16740 36  7 55  0  3  0
 1  0      0 4215216 1116576 9848096    0    0     2   280 9591 16817 37  8 49  0  6  0
 2  0      0 4208836 1116576 9847348    0    0     0   716 9562 16842 38  8 51  0  3  0
 5  0      0 4207952 1116576 9847456    0    0     0  1071 10449 17927 33  7 58  0  3  0
 2  0      0 4211180 1116576 9847300    0    0     0   213 9927 16863 32  7 57  0  4  0
 0  0      0 4209984 1116576 9847356    0    0     0   462 10050 17139 32  7 57  0  4  0
 2  0      0 4210640 1116576 9846980    0    0     0   788 9819 16512 31  7 59  0  3  0
 1  0      0 4232372 1116576 9843212    0    0     0   446 9734 16611 24  7 65  0  4  0
 0  0      0 4251848 1116576 9848896    0    0     0   199 9510 16044 25  7 66  0  2  0
 0  0      0 4241972 1116576 9848424    0    0     0   123 8841 14768 23  6 69  0  2  0
 0  0      0 4231584 1116576 9847856    0    0     0    92 8827 14822 20  5 70  0  4  0
 0  0      0 4230828 1116576 9844196    0    0     0  1073 8993 15330 25  7 64  0  4  0
 0  0      0 4231828 1116576 9844588    0    0     0   291 8530 14123 18  6 72  0  4  0
 1  0      0 4231796 1116576 9845452    0    0     0   351 8616 14266 15  6 75  0  3  0
 0  0      0 4232220 1116576 9844592    0    0     0   276 8794 14607 17  6 75  0  2  0
 3  0      0 4231968 1116576 9846176    0    0     0   739 8764 14428 17  6 75  0  3  0
 1  0      0 4230520 1116576 9849032    0    0     0   422 8609 14246 16  5 76  0  3  0
 1  0      0 4251020 1116576 9848884    0    0     0   102 9100 15139 18  5 75  0  2  0
 1  0      0 4249256 1116576 9849012    0    0     0   455 8479 14005 14  5 78  0  3  0
 2  0      0 4248004 1116576 9848700    0    0     0   662 8575 14203 15  5 77  0  3  0
 4  0      0 4246696 1116576 9848796    0    0     0   256 7555 12477 17  5 75  0  2  0
 1  0      0 4246456 1116576 9848140    0    0     0   584 5541 8942 18  6 73  0  3  0
 0  0      0 4245644 1116576 9847652    0    0     0   586 8238 13427 26  7 62  0  5  0
 1  0      0 4245508 1116576 9848900    0    0     0   547 8206 13303 26  5 66  0  3  0
 2  0      0 4246400 1116576 9846732    0    0     0   320 7961 12898 25  5 68  0  2  0
 3  0      0 4249436 1116576 9844996    0    0     0   352 8213 13110 28  5 62  0  5  0
 2  0      0 4250136 1116576 9845684    0    0     0   351 7906 12601 30  6 58  0  6  0
 1  0      0 4249384 1116576 9845620    0    0     0   345 8443 13589 29  5 64  0  2  0
 2  0      0 4248880 1116576 9844332    0    0     0   409 8346 13380 29  6 63  0  3  0
 1  0      0 4249692 1116576 9844444    0    0     0   353 8257 13243 29  6 62  0  3  0
 2  0      0 4249528 1116576 9844496    0    0     0   628 8334 13328 29  5 64  0  2  0
 6  0      0 4250172 1116576 9842728    0    0     0   354 7913 12798 29  6 61  0  4  0
 2  0      0 4248468 1116576 9842724    0    0     0   229 7635 12327 31  5 60  0  4  0
 0  0      0 4237564 1116576 9842272    0    0     0   629 8205 13194 34  6 59  0  2  0
 5  0      0 4240640 1116576 9842332    0    0     0   334 8115 12967 33  6 58  0  3  0
 8  0      0 4239048 1116576 9842244    0    0     0   230 8236 13173 34  6 57  0  3  0
 1  0      0 4236564 1116576 9842384    0    0     0   513 8413 13795 33  6 58  0  3  0
 0  0      0 5030164 1116576 9814276    0    0     0   151 5428 8589 17  5 75  0  2  0
 1  0      0 5030164 1116576 9814296    0    0     0     0 2658 3674  9  3 87  0  1  0
 0  0      0 5030164 1116576 9814320    0    0     0   135 2677 3688  9  3 86  0  1  0
 2  0      0 4991728 1116576 9814816    0    0     0    32 2933 4088 12  4 83  0  2  0
 0  0      0 5023868 1116576 9814952    0    0     0   104 1704 2329  8  2 89  0  1  0
 0  0      0 5038720 1116576 9815000    0    0     0    55 1574 2073  7  2 90  0  1  0
 0  0      0 5038332 1116576 9815048    0    0     0    10 1434 1889  6  1 91  0  1  0
 0  0      0 5031780 1116576 9815072    0    0     0     4 1351 1788  6  1 92  0  1  0
 1  0      0 5033700 1116576 9815120    0    0     0    50 1420 1853  6  1 92  0  1  0
 0  0      0 5048324 1116576 9815228    0    0     0     7 1558 2089  8  2 89  0  1  0
 0  0      0 5056972 1116832 9815252    0    0    25     2 1545 2040  7  2 90  0  1  0
 0  0      0 5058012 1116832 9815300    0    0     0   109 1538 2071  6  1 91  0  1  0
 0  0      0 5053040 1116832 9815312    0    0     0     5 1356 1786  6  1 92  0  1  0
 0  0      0 5054112 1116832 9815324    0    0     0     2 1302 1725  5  1 93  0  1  0
 0  0      0 5051144 1116832 9815300    0    0     0    26 1470 2082  6  1 93  0  1  0
 7  0      0 5016376 1116840 9815684    0    0     0   107 1157 1391 13  2 84  0  1  0
 1  0      0 4761196 1116852 9827848    0    0     0    63 4491 7146 43  5 50  0  1  0
 2  0      0 4706476 1116904 9829700    0    0     0   243 4046 6381 32  4 62  0  1  0
 2  0      0 4685468 1116936 9831936    0    0     0    70 6153 10212 41  6 51  0  2  0
 3  0      0 4685352 1116980 9840668    0    0     0  1174 6274 10436 43  7 49  0  2  0
 2  0      0 4702212 1117020 9842940    0    0     0   348 5829 9774 50  6 43  0  1  0
 4  0      0 4501560 1117216 9847464    0    0     0   310 5155 8395 53  6 39  0  2  0
 2  0      0 4260160 1117952 9849312    0    0     0   167 5121 8253 52  5 41  0  2  0
 3  0      0 3918932 1120664 9851564    0    0     0  1801 4973 8080 52  5 41  0  2  0
 2  0      0 3871584 1120680 9852392    0    0     0   507 5249 8440 51  5 43  0  2  0
 3  0      0 3876588 1120724 9852364    0    0     0   761 6937 11540 53  7 37  1  1  0
 3  0      0 3876436 1120724 9852572    0    0     0   828 6072 9934 50  4 44  0  1  0
 5  0      0 3875092 1120744 9855204    0    0     0   158 8046 14233 66  4 29  0  1  0
 3  0      0 3847264 1120868 9858692    0    0     0   202 7217 12552 71  4 24  0  1  0
 4  0      0 3834976 1120948 9860188    0    0     0   208 7108 12443 72  4 23  0  1  0
 5  0      0 4054776 1121364 9858288    0    0     0   218 4732 7582 72  4 22  0  1  0
 3  0      0 4043416 1121816 9873132    0    0     0   276 4950 7948 69  4 25  0  2  0
 2  0      0 4039600 1122256 9894244    0    0     0   740 2898 3936 69  3 27  0  1  0
 2  0      0 4031480 1122536 9895816    0    0     0   103 3580 5755 31  3 64  0  2  0
 3  0      0 4025964 1122536 9896112    0    0     0  1159 4389 7005 47  2 49  0  1  0
 3  0      0 4033756 1122552 9894184    0    0     0  2206 4770 7691 55  2 41  0  1  0
 2  0      0 4028212 1122560 9894276    0    0     0   453 3955 6058 46  3 50  0  2  0
 1  0      0 4023320 1122616 9895436    0    0     0     8 4969 8154 48  4 46  0  2  0
 2  0      0 4023320 1122616 9895784    0    0     0   193 4716 7652 48  2 49  0  1  0
 2  0      0 4023072 1122640 9897904    0    0     0    22 4748 7692 49  4 47  0  1  0
 2  0      0 4021308 1122640 9898424    0    0     0   118 5543 9491 38  5 53  0  5  0
 1  0      0 4007528 1122720 9899108    0    0     0   190 5625 9599 40  4 55  0  1  0
 0  0      0 4000300 1122724 9899456    0    0     0   201 4074 6271 39  5 54  0  3  0
 3  0      0 4003988 1122724 9899916    0    0     0    42 4831 7851 48  4 47  0  1  0
 4  0      0 3999704 1122724 9900300    0    0     0    26 4025 6326 73  2 24  0  1  0
 3  0      0 4004344 1122724 9898220    0    0     0   116 4208 6597 65  2 31  0  2  0
 2  0      0 4010736 1122740 9898356    0    0     0    12 5700 9406 60  4 35  0  2  0
 3  0      0 3927904 1122780 9901864    0    0     0    30 9219 16593 61  5 32  0  2  0
 3  0      0 3939260 1123588 9910328    0    0     0   364 9368 17103 67  8 23  0  2  0
 3  0      0 3778384 1123840 9912060    0    0     0    32 9406 17220 81  3 15  0  1  0
 4  0      0 3704384 1124072 9914632    0    0     0   131 8921 16190 83  2 14  0  1  0
 3  0      0 3831396 1124252 9915892    0    0    13   909 8101 14511 84  2 13  0  1  0
 3  0      0 3847636 1124260 9916720    0    0     0   341 6373 10905 77  2 20  0  2  0
 4  0      0 3848540 1124284 9918352    0    0     0   204 6833 11847 80  2 16  0  1  0
 4  0      0 3853028 1124304 9919080    0    0     0   249 6691 11363 84  3 12  0  2  0
 3  0      0 3869788 1124336 9917324    0    0     0    65 7040 12260 80  2 16  0  1  0
 2  0      0 3776332 1124428 9917600    0    0     0    57 4959 8093 50  5 43  0  1  0
 2  0      0 3789472 1124456 9919472    0    0     0   285 2806 4028 50  2 47  0  1  0
 2  0      0 3819808 1125312 9922216    0    0     0     8 1980 2299 51  2 46  0  1  0
 2  0      0 3815664 1125328 9922380    0    0     0   318 2099 2529 52  2 44  0  2  0
 2  0      0 3818484 1125392 9928656    0    0     0   858 2428 3156 54  2 43  0  1  0
 2  0      0 3817952 1125468 9933252    0    0     0   170 2139 2507 53  3 42  0  2  0
 2  0      0 3835336 1125548 9938228    0    0     0    35 3000 4320 56  2 41  0  1  0
 2  0      0 3827020 1125548 9938384    0    0     0   772 2474 3390 52  1 45  0  1  0
 2  0      0 3830912 1125564 9938796    0    0     0   386 2946 4343 42  3 54  0  1  0
 1  0      0 3832636 1125672 9941480    0    0     0   459 2484 3282 52  4 42  0  1  0
 2  0      0 3806600 1125860 9942900    0    0     0    41 2554 3519 38  4 57  0  2  0
 4  0      0 3801384 1126564 9947016    0    0     0   270 2261 2616 56  8 34  0  2  0
 4  0      0 3791032 1126820 9947924    0    0     0    49 6122 10907 74  6 19  0  1  0
 3  0      0 3823936 1126864 9950864    0    0     0   204 4968 8376 76  3 19  0  2  0
 2  0      0 3829432 1126872 9953692    0    0     0   576 1837 1824 51  2 46  0  1  0
 3  0      0 3816876 1126960 9961392    0    0     0   260 2133 2439 53  2 43  0  1  0
 4  0      0 3810460 1127028 9964372    0    0     0   161 1486 1044 69  3 26  0  2  0
 3  0      0 3803352 1127092 9967784    0    0     0   512 2973 4188 81  2 16  0  1  0
 2  0      0 3798728 1127132 9969480    0    0     0   630 2695 3606 59  3 36  0  1  0
 3  0      0 3776168 1127272 9971624    0    0     0   321 2448 3157 57  4 36  0  2  0
 2  0      0 3776848 1127424 9977544    0    0     0   671 3113 4262 67  3 29  0  2  0
 2  0      0 3766716 1127532 9985672    0    0     0   288 2164 2300 64  4 31  0  1  0
 3  0      0 3764744 1127544 9987564    0    0     0    73 1828 1580 77  2 19  0  2  0
 3  0      0 3784288 1127544 9987628    0    0     0   742 1775 1648 65  2 31  0  1  0
 2  0      0 4859536 1127544 9987708    0    0     0   786 1745 1604 65  3 30  0  1  0
 3  0      0 4858168 1127552 9987876    0    0     0   190 3049 4219 64  3 31  0  2  0
 4  0      0 4876360 1127552 9988272    0    0     0    80 3026 4224 62  3 33  0  1  0
 1  0      0 4870840 1127556 9988160    0    0     0     9 2159 2790 57  1 41  0  1  0
 2  0      0 4847796 1127556 9988240    0    0     0     7 2388 3047 57  2 40  0  1  0
 1  0      0 4861268 1127556 9988264    0    0     0    71 1765 1710 48  4 46  0  2  0
 2  0      0 4856772 1127556 9988500    0    0     0    17 2882 3887 50  3 46  0  1  0
 1  0      0 4871572 1127560 9988660    0    0     0     6 3097 4575 38  3 57  0  1  0
 2  0      0 4877516 1127560 9988776    0    0     0    70 2591 3912 36  2 61  0  1  0
 1  0      0 4883816 1127576 9988972    0    0     0    10 3436 5492 42  2 55  0  1  0
 0  0      0 4871972 1127596 9989368    0    0     0    10 3735 6445 23  2 74  0  1  0
 0  0      0 4871216 1127612 9989920    0    0     0   106 4988 8860 28  2 69  0  1  0
 3  0      0 4862824 1127612 9989604    0    0     0    32 5082 8766 45  2 52  0  1  0
 3  0      0 4857488 1127628 9989432    0    0     0    23 5692 9752 32  4 63  0  1  0
 3  0      0 4858992 1127668 9989688    0    0     0   140 3572 5390 29  4 65  0  1  0
 1  0      0 4866972 1127668 9989148    0    0     0     4 1462 1653 29  1 69  0  1  0
 2  0      0 4867908 1127668 9989148    0    0     0    17 1402 1548 30  1 68  0  1  0
 2  0      0 4867908 1127668 9989148    0    0     0    64 1416 1586 29  1 69  0  1  0
 1  0      0 4867908 1127668 9989148    0    0     0     9 1431 1622 29  1 69  0  1  0
 1  0      0 4867908 1127668 9989148    0    0     0     0 1438 1626 29  1 69  0  1  0
 2  0      0 4867908 1127668 9989148    0    0     0     5 1411 1579 29  1 69  0  1  0
 1  0      0 4883512 1127668 9989160    0    0     0     0  995  935 29  1 70  0  1  0
 1  0      0 4914688 1127668 9989160    0    0     0     0  467  188 26  0 73  0  1  0
 1  0      0 4915692 1127668 9989160    0    0     0     6  424  156 25  0 74  0  0  0
 2  0      0 4915692 1127668 9989160    0    0     0     2  424  155 25  0 75  0  0  0
 1  0      0 4917456 1127668 9989160    0    0     0     0  428  165 25  0 74  0  0  0
 1  0      0 4917456 1127668 9989160    0    0     0     0  424  150 25  0 74  0  1  0
 1  0      0 4917456 1127668 9989160    0    0     0     3  443  151 25  0 74  0  0  0
 1  0      0 4917456 1127668 9989160    0    0     0     0  431  168 25  0 74  0  1  0
 1  0      0 4917456 1127668 9989160    0    0     0     0  429  158 25  0 74  0  0  0
 1  0      0 4917456 1127668 9989160    0    0     0     0  475  256 25  0 75  0  0  0
 1  0      0 4917456 1127668 9989160    0    0     0     2  440  172 25  0 74  0  1  0
 1  0      0 4867508 1127668 9989204    0    0     0     1  969  908 21  4 73  0  1  0
