procs -----------memory---------- ---swap-- -----io---- -system-- -------cpu-------
 r  b   swpd   free   buff  cache   si   so    bi    bo   in   cs us sy id wa st gu
 6  0      0 10593596 539056 4800512    0    0   445   891 1082    3 17  4 77  2  0  0
 1  4      0 10390040 540032 4831844    0    0  2994   311 1466 2114 22  3  8 65  1  0
 2  3      0 10149728 540800 4865796    0    0  1678   372 8805 16041 41  5 19 34  1  0
 3  0      0 9731236 540816 4906844    0    0    48 15064 7366 14277 74  5 15  4  1  0
 5  0      0 9719708 541036 4898168    0    0    17 15172 10038 21340 86  6  6  0  1  0
 6  0      0 9666924 541104 4920404    0    0     0   176 9812 20551 89  6  4  0  1  0
 5  0      0 9803436 541200 4921672    0    0    38  3336 10644 22182 84  6  9  0  1  0
 5  0      0 9088936 546464 4934168    0    0    38  1195 11420 23180 73  8 17  1  1  0
 5  0      0 8455188 551328 4942128    0    0     0  1690 10481 21147 70 13 16  0  1  0
 3  0      0 8179092 554676 4944388    0    0     0  3647 11434 22900 76  7 15  1  1  0
 5  0      0 8194204 554712 4945848    0    0     9  2049 9828 18390 70  7 20  2  1  0
 3  0      0 8187852 554836 4951636    0    0     0   912 12693 25832 82  3 13  0  1  0
 4  0      0 8140380 555280 4953992    0    0     9   810 12904 26519 83  4 11  0  2  0
 4  0      0 8260612 556192 4957480    0    0     8   237 11285 22430 85  5  8  0  1  0
 5  0      0 8465948 557692 5009220    0    0     7   827 12298 24610 80  4 15  0  1  0
 1  0      0 8442644 559368 5040500    0    0    19   492 11802 22817 59  6 33  1  2  0
 4  0      0 8425828 559368 5056468    0    0  1515  1707 7873 13464 35  5 55  4  1  0
 3  0      0 8418264 559368 5056720    0    0     0  1890 9461 18077 78  3 18  0  2  0
 3  0      0 8431084 559412 5055224    0    0    18  4680 10091 19075 73  4 22  0  1  0
 5  0      0 8389308 559484 5060360    0    0    70  1113 11705 22465 71  5 22  0  1  0
