PASS test_parse_response_uncompressed_answer_name_is_not_parsed
PASS test_ipv4_to_int_rejects_multiple_simultaneous_fault_recombinations
PASS test_build_query_accepts_a_253_octet_name_and_refuses_254
PASS test_ipv4_to_int_rejects_out_of_range_octet
PASS test_resolve_ipv4_cname_chain_end_to_end
PASS test_a_failed_socket_teardown_logs_one_warning_and_keeps_the_answer
PASS test_parse_response_rejects_nxdomain_and_servfail_rcodes
PASS test_parse_response_rdlength_beyond_buffer_is_rejected_not_crashed
PASS test_resolve_ipv4_nxdomain_returns_none
PASS test_a_reply_longer_than_512_bytes_warns_and_tries_the_next_server
PASS test_ipv4_to_int_valid
PASS test_resolve_ipv4_tries_the_callers_servers_in_order
PASS test_build_query_raises_value_error_for_a_label_over_the_63_octet_rfc_limit
PASS test_ipv4_to_int_rejects_wrong_octet_count
PASS test_ipv4_to_int_rejects_non_numeric_octet
PASS test_build_query_refuses_an_empty_label_a_trailing_dot_and_an_empty_name
PASS test_parse_response_rejects_truncated_header
PASS test_build_query_accepts_a_label_at_the_exact_63_octet_rfc_limit
PASS test_parse_response_rejects_transaction_id_mismatch
PASS test_resolve_ipv4_literal_ip_returns_immediately_without_touching_the_network
PASS test_build_query_embeds_the_given_transaction_id_verbatim
PASS test_resolve_ipv4_success_via_a_real_fake_dns_server
PASS test_parse_response_cname_then_a_answer_returns_the_a_records_ip
PASS test_parse_response_rejects_non_response_qr_bit
PASS test_resolve_ipv4_no_server_reachable_returns_none
PASS test_ipv4_to_int_accepts_every_valid_dotted_quad
PASS test_resolve_ipv4_parse_response_raising_bounds_error_returns_none
PASS test_build_query_single_label_host_exact_bytes
PASS test_build_query_raises_value_error_for_a_label_past_the_bytearray_byte_range
PASS test_ipv4_to_int_rejects_single_invalid_parameter_type
PASS test_parse_response_accepts_a_compression_pointer_targeting_offset_256_or_above
PASS test_parse_response_no_a_record_present_returns_none
PASS test_ipv4_to_int_rejects_hostnames_and_malformed_input
PASS test_parse_response_answer_section_truncated_mid_record
PASS test_build_query_size_matches_exactly_no_reliance_on_slice_autogrow
PASS test_resolve_ipv4_garbage_reply_returns_none_not_an_exception
PASS test_parse_response_valid_single_a_answer
PASS test_resolve_ipv4_skips_unset_and_malformed_dns_server_entries
PASS test_build_query_multi_label_host_exact_bytes
PASS test_parse_response_skips_non_a_records_to_find_the_real_a_record
PASS test_resolve_ipv4_with_no_servers_returns_none_and_opens_no_socket
PASS test_resolve_ipv4_memoryerror_building_the_query_returns_none
PASS test_resolve_ipv4_overlong_dns_label_returns_none_not_an_exception
PASS test_parse_response_zero_answer_count_returns_none
44/44 passed, 0 failed, 0 skipped
