PASS test_parse_response_rejects_non_response_qr_bit
PASS test_parse_response_cname_then_a_answer_returns_the_a_records_ip
PASS test_is_ipv4_literal_rejects_hostnames_and_malformed_input
PASS test_resolve_ipv4_success_via_a_real_fake_dns_server
PASS test_build_query_raises_value_error_for_a_label_over_the_63_octet_rfc_limit
PASS test_build_query_raises_value_error_for_a_label_past_the_bytearray_byte_range
PASS test_parse_response_rejects_truncated_header
PASS test_parse_response_skips_non_a_records_to_find_the_real_a_record
PASS test_parse_response_accepts_a_compression_pointer_targeting_offset_256_or_above
PASS test_resolve_ipv4_falls_back_to_the_second_server_when_the_first_is_unreachable
PASS test_resolve_ipv4_no_servers_at_all_and_no_reachable_fallback_returns_none
PASS test_is_ipv4_literal_accepts_every_valid_dotted_quad
PASS test_resolve_ipv4_overlong_dns_label_returns_none_not_an_exception
PASS test_build_query_single_label_host_exact_bytes
PASS test_resolve_ipv4_malformed_port_construction_returns_none_not_an_exception
PASS test_resolve_ipv4_parse_response_raising_bounds_error_returns_none
PASS test_resolve_ipv4_cname_chain_end_to_end
PASS test_parse_response_rejects_nxdomain_and_servfail_rcodes
PASS test_build_query_accepts_a_label_at_the_exact_63_octet_rfc_limit
PASS test_parse_response_rejects_transaction_id_mismatch
PASS test_parse_response_uncompressed_answer_name_is_not_parsed
PASS test_resolve_ipv4_no_server_reachable_returns_none
PASS test_parse_response_rdlength_beyond_buffer_is_rejected_not_crashed
PASS test_build_query_multi_label_host_exact_bytes
PASS test_parse_response_no_a_record_present_returns_none
PASS test_parse_response_valid_single_a_answer
PASS test_resolve_ipv4_nxdomain_returns_none
PASS test_resolve_ipv4_skips_unset_and_malformed_dns_server_entries
PASS test_resolve_ipv4_literal_ip_returns_immediately_without_touching_the_network
PASS test_resolve_ipv4_garbage_reply_returns_none_not_an_exception
PASS test_parse_response_answer_section_truncated_mid_record
PASS test_resolve_ipv4_memoryerror_building_the_query_returns_none
PASS test_build_query_embeds_the_given_transaction_id_verbatim
PASS test_parse_response_zero_answer_count_returns_none
PASS test_build_query_size_matches_exactly_no_reliance_on_slice_autogrow
35/35 passed, 0 failed, 0 skipped
