procs -----------memory---------- ---swap-- -----io---- -system-- -------cpu-------
 r  b   swpd   free   buff  cache   si   so    bi    bo   in   cs us sy id wa st gu
 1  0      0 8932884 459936 6563160    0    0   268   331 3096   12 27  2 69  1  1  0
 9  0      0 8835952 460004 6563980    0    0     0   178 3661 7958 41  4 54  0  1  0
 8  0      0 8785048 460108 6569340    0    0     0    23 21955 52896 77  8 13  0  2  0
 9  0      0 8784836 460112 6573920    0    0     0    52 20057 45825 76  7 15  0  1  0
 8  0      0 8775968 460156 6577460    0    0     0  1840 14444 30480 70  5 22  0  3  0
 4  0      0 8761400 460184 6580876    0    0     0   479 15250 32453 62  6 29  0  3  0
 5  0      0 8740028 460372 6583912    0    0    42   758 17790 39520 71  9 19  0  2  0
12  0      0 8734460 460484 6578180    0    0     0   658 12391 25667 65  7 24  0  3  0
 6  0      0 8727000 460544 6576784    0    0     0   254 8863 17652 79  6 13  0  2  0
 4  0      0 8735480 460632 6576368    0    0     1   427 9533 19175 81  5 12  0  2  0
 3  0      0 8756548 460668 6573992    0    0     0   354 9742 18725 59  6 33  0  2  0
 3  0      0 8774100 460724 6574440    0    0     0    41 6759 13070 59  3 35  0  3  0
 1  0      0 8770712 460756 6575056    0    0     0    11 8317 14506 35  4 58  0  2  0
 1  0      0 8797816 460772 6574876    0    0     0   208 7408 12997 46  5 47  0  2  0
 2  0      0 8836892 460772 6574872    0    0     0    16 2879 4268 30  2 66  0  1  0
 1  0      0 8838620 460772 6574916    0    0     0     6 1975 2623 27  3 69  0  1  0
 2  0      0 10474652 460772 4981988    0    0     0   811 7653 11472 26 10 46 16  2  0
 1  0      0 9758920 467380 5594016    0    0    26   115 1949 2171 33  7 55  4  1  0
 2  0      0 9722544 467472 5597512    0    0     4     2  777  244 42  2 55  0  1  0
 1  0      0 9792972 467524 5602344    0    0     0  2528  806  374 39  2 58  0  1  0
 1  0      0 9857032 467548 5602632    0    0     1 89369  740  478 26  2 71  1  1  0
 1  0      0 9856808 467560 5602780    0    0     0   252  588  304 25  0 74  0  1  0
 1  0      0 9845912 467560 5602848    0    0     0  1142  534  281 25  1 73  0  1  0
 1  0      0 9845912 467560 5602848    0    0     0    28  371  109 25  0 75  0  0  0
 1  0      0 9845912 467560 5602848    0    0     0    13  373  111 25  0 75  0  0  0
 1  0      0 9845912 467560 5602848    0    0     0    15  612  320 25  1 73  0  1  0
 1  0      0 9845912 467560 5602848    0    0     0     0  600  302 25  0 74  0  1  0
 1  0      0 9845912 467560 5602848    0    0     0     0  589  288 25  0 74  0  1  0
 1  0      0 9839396 467560 5603028    0    0     0    28  630  382 26  1 72  0  1  0
 1  0      0 9842432 467560 5604912    0    0     0   105  558  282 25  1 74  0  1  0
 1  0      0 9786264 467584 5608456    0    0     0    52  930  781 29  2 69  0  1  0
 1  0      0 9799456 467588 5609132    0    0     0   237 1767 1847 39  6 53  0  3  0
 2  0      0 9772176 467588 5609756    0    0     0   629 1689 1708 33  4 60  0  2  0
 3  0      0 9680676 467588 5610516    0    0     7    77 1586 1603 52  4 43  0  1  0
 5  0      0 9706084 467600 5612324    0    0     0   480 1542 1397 56  5 38  0  2  0
 4  0      0 9684256 467708 5615096    0    0     0   185 1309 1138 55  3 41  0  1  0
 2  0      0 9687716 467728 5616656    0    0     0    56 1295 1094 55  3 41  0  1  0
 2  0      0 9700352 467760 5620060    0    0     0   239 1344 1113 54  3 41  0  2  0
 6  0      0 9694384 467760 5621720    0    0     0   549 1190  736 53  3 44  0  1  0
 2  1      0 9548672 469504 5643096    0    0  2096   151 1341 1277 55  4 26 14  1  0
 2  0      0 9449020 470712 5660056    0    0  1290   424 1782 4032 61  9 24  5  2  0
 5  0      0 9171604 470716 5679024    0    0     0   898 1652 2842 62  6 30  0  1  0
 3  0      0 9099268 470860 5684400    0    0     0   494 1899 5346 69  8 21  0  1  0
 2  0      0 9583528 470968 5679540    0    0     0   479 1379 1545 54  3 41  0  1  0
 4  0      0 9420336 470980 5684376    0    0     0   494 1474 1610 57  5 37  0  1  0
 3 13      0 9282500 471268 5686508    0    0    10  1227 2139 4918 69  8 22  0  1  0
 3  0      0 9318332 473692 5845704    0    0     0   961 2140 5520 62  8 27  1  2  0
 6  0      0 8801852 474024 5864332    0    0     4  1444 2490 5593 46 12 40  0  1  0
 6  0      0 8786508 474092 5861520    0    0     0    44 3119 5547 82  5 12  0  1  0
 4  0      0 8606824 474364 5865752    0    0     1 15284 6432 11446 86  5  7  0  1  0
 4  0      0 8795800 474660 5840276    0    0     0  1353 5789 10349 83  4 11  1  1  0
 4  0      0 8646104 474740 5842112    0    0     0    62 3578 5637 83  3 12  0  1  0
 5  0      0 8856524 474948 5826332    0    0     0   238 3908 6171 78  5 15  0  2  0
 3  0      0 8503088 474964 5826788    0    0     0   688 3712 5976 80  6 13  0  2  0
 5  0      0 8411696 474988 5826516    0    0     0   207 5363 13243 80  5 14  0  1  0
 6  0      0 8478140 474992 5827432    0    0     0   327 6107 18461 78  6 14  0  1  0
 2  0      0 8644644 475052 5828288    0    0     0   308 5101 9865 75  3 20  0  2  0
 2  0      0 8654952 475060 5828704    0    0     0   194 4204 6584 59  4 35  0  2  0
 5  0      0 8800840 475128 5829576    0    0     0    89 3848 6050 66  4 28  0  2  0
 4  0      0 9358656 475132 5818536    0    0     0   264 4048 6586 60  5 33  0  2  0
 4  0      0 9029532 475148 5818104    0    0     0    59 3910 6234 87  3  8  0  2  0
 6  0      0 9194828 475160 5817948    0    0     0   104 4108 6545 91  3  4  0  2  0
 5  0      0 9176740 475204 5818612    0    0     4   316 4332 7258 93  5  1  0  1  0
 5  0      0 9189892 475224 5809596    0    0     0   444 3224 5234 96  3  0  0  1  0
10  0      0 9360176 475244 5810088    0    0     0    39 4208 6850 86  4  9  0  1  0
 2  0      0 9296288 475404 5816708    0    0    14   352 4023 6625 68  5 26  0  1  0
 4  0      0 9052916 475412 5816968    0    0     0    55 3691 5465 61  4 34  0  1  0
 0  0      0 9516932 475416 5817296    0    0     0    61 3632 5350 41  4 54  0  2  0
 0  0      0 9508908 475432 5817712    0    0     0   910 4057 6118 41  4 53  0  2  0
 4  0      0 9357368 475436 5817944    0    0     0    92 3821 5762 34  4 61  0  1  0
 4  0      0 9294260 475452 5822008    0    0     0    40 2309 2879 89  2  7  0  2  0
 5  0      0 9010124 475460 5828448    0    0     0   374 2116 2491 96  2  1  0  1  0
 5  0      0 9114456 475516 5831800    0    0     0    27 2779 4082 96  2  0  0  1  0
 5  0      0 9101276 475604 5836292    0    0     0   272 5641 9701 95  3  1  0  2  0
 3  0      0 9098284 475708 5839500    0    0     0   397 4717 7830 92  3  3  0  2  0
 3  0      0 8943408 475724 5840360    0    0     0   791 4780 7802 81  3 15  0  2  0
 4  0      0 8763548 475744 5841080    0    0     0   564 3531 5267 67  2 29  0  2  0
 1  0      0 9204100 475760 5841624    0    0     0   542 3561 5452 61  3 35  0  1  0
 2  0      0 9163340 476384 5847704    0    0    14   420 3915 6031 41  6 52  0  1  0
 2  0      0 9120992 477284 5857776    0    0     0   124 3597 5432 64  7 27  0  2  0
 3  1      0 9005400 477328 5860884    0    0     0    48 4677 7752 64  3 32  0  1  0
 5  0      0 8801640 477352 5869292    0    0     0   866 4880 8081 84  2 14  0  1  0
 4  0      0 8751820 477404 5872712    0    0     0   795 3906 6178 82  2 14  0  2  0
 3  0      0 9011732 477452 5854380    0    0     0   536 4493 7311 78  3 17  0  1  0
 3  0      0 9040092 477468 5852448    0    0     0  1095 3713 5836 84  3 12  0  1  0
 5  0      0 9038776 477476 5853512    0    0     0   416 2988 4374 89  3  6  0  2  0
 3  0      0 9040072 477516 5833872    0    0     0    45 3049 4218 93  4  2  0  1  0
 5  0      0 9047720 477524 5834688    0    0     0   350 3047 4290 82  3 14  0  2  0
 4  0      0 9004008 477540 5840564    0    0     0   100 3116 4529 80  5 13  0  2  0
 4  0      0 8936932 477576 5848820    0    0     0    62 3078 4358 85  3 10  0  2  0
 5  0      0 9005372 478600 5842488    0    0     0   344 3988 6240 87  4  7  0  2  0
 4  0      0 8899660 478696 5850052    0    0     0   292 3971 6209 92  2  4  0  1  0
 4  0      0 8810624 478768 5858840    0    0     0   473 3024 4289 94  1  4  0  1  0
 3  0      0 9083928 478964 5870400    0    0     0   810 3233 4726 93  1  4  0  1  0
 3  0      0 9072420 479012 5874572    0    0     0   634 2979 4298 71  1 26  0  1  0
 3  0      0 9062812 479580 5881812    0    0     0   814 2685 3615 57  3 39  0  1  0
 2  0      0 9066992 479896 5892684    0    0     0  1041 2381 3076 64  1 33  0  1  0
 4  0      0 9018788 479956 5886980    0    0     0   766 2367 2908 72  3 22  0  3  0
 4  0      0 9086576 479956 5887128    0    0     0   511 2730 3683 64  2 32  0  2  0
 3  0      0 8959868 479960 5877212    0    0     0   863 2856 3867 71  3 24  0  1  0
 8  0      0 8931760 479960 5858700    0    0     0   459 2598 3440 86  3  8  0  3  0
 6  0      0 9134124 479960 5858840    0    0     0    13 2400 2958 80  3 16  0  2  0
 1  0      0 9133576 479960 5858812    0    0     0   168 2347 2993 53  3 43  0  1  0
 3  0      0 9097336 480112 5859332    0    0     0    37 4549 7330 50  5 43  0  2  0
 1  0      0 9099656 480512 5864496    0    0     0    41 7107 12556 43  4 52  0  1  0
 4  0      0 9043108 481960 5874308    0    0     0   438 4103 6359 54  9 35  0  2  0
 3  0      0 9000508 482580 5881940    0    0     0   121 3738 5698 44  5 49  0  2  0
 2  0      0 9074932 482748 5885848    0    0     0   565 3770 5703 55  3 40  0  1  0
 3  0      0 9045564 482868 5891232    0    0     0  1131 5308 8953 65  3 30  0  1  0
 3  0      0 9041668 483036 5900260    0    0     0   684 5720 9627 67  4 27  0  1  0
 2  0      0 9018204 483104 5912024    0    0     0   403 4026 6072 59  4 36  0  1  0
 2  0      0 9023600 483160 5919264    0    0     0   961 3783 5645 59  3 37  0  1  0
 3  0      0 9017612 483180 5926440    0    0     0   909 3349 4863 56  3 40  0  1  0
 2  0      0 9111824 483188 5924792    0    0     0   991 3728 5939 34  4 61  0  1  0
 1  0      0 9104892 483344 5926712    0    0     0  1040 4587 7742 43  2 53  0  1  0
 3  0      0 8905576 483384 5935760    0    0     0   234 3625 5750 57  2 40  0  1  0
 3  0      0 9483872 483392 5939088    0    0     0   450 3296 5077 42  3 53  0  1  0
 6  0      0 9403108 483952 5943668    0    0   553   239 2926 4258 39  4 55  1  1  0
 5  0      0 9187892 484044 5948276    0    0   241   734 6956 12049 64  5 28  0  2  0
 3  0      0 9339000 484508 5951740    0    0     2   640 6275 10709 78  3 18  0  1  0
 5  0      0 9169776 484976 5953244    0    0     0    44 6152 10570 82  3 13  0  2  0
 6  0      0 9280460 485000 5956380    0    0     0   362 6391 10976 73  5 21  0  2  0
 5  0      0 9269160 485112 5956540    0    0     0   165 9226 17128 86  5  8  0  1  0
 4  0      0 9325148 485168 5958100    0    0     0   243 8213 14997 76  5 18  0  1  0
 2  0      0 9369456 485192 5959240    0    0     1   551 5977 10122 74  3 21  0  2  0
 3  0      0 9356540 485472 5959984    0    0     0   274 5949 10170 74  4 21  0  2  0
 5  0      0 9331392 485480 5958440    0    0     0   188 5488 9370 82  3 13  0  2  0
 5  0      0 9329632 485480 5958712    0    0     0   239 6829 12093 93  3  3  0  1  0
 4  0      0 9156004 486644 6117408    0    0    19   312 8074 14526 91  4  4  0  1  0
 5  0      0 9172072 486656 6119724    0    0     0    24 9410 17543 89  4  6  0  1  0
 5  0      0 9231280 486704 6122296    0    0     0   626 12057 22670 81  3 14  0  1  0
 5  0      0 9221452 486760 6123704    0    0     0 15028 9363 17382 77  3 18  0  1  0
 5  0      0 9188456 486816 6124892    0    0     0   158 8444 15115 69  4 26  0  2  0
 4  0      0 9190752 486840 6123364    0    0     0   533 9127 16603 76  4 18  0  2  0
 4  0      0 9218844 486872 6121700    0    0     0    74 8514 15264 75  3 20  0  2  0
 6  0      0 9222332 486956 6120492    0    0     0    23 11279 20827 73  4 22  0  1  0
 5  0      0 9222192 487056 6123556    0    0     0   324 9288 16575 70  3 25  0  2  0
 5  0      0 9216584 487068 6124480    0    0     0    54 6411 10766 68  3 27  0  2  0
 2  0      0 9216616 487204 6125196    0    0     0    94 6594 11081 66  3 30  0  1  0
 4  0      0 9211084 487212 6123584    0    0     0   387 7217 12621 77  3 19  0  2  0
 4  0      0 9200752 487228 6124348    0    0     0   290 6830 12044 89  2  8  0  1  0
 6  0      0 9214844 487264 6123144    0    0     0    72 7489 13186 81  3 15  0  1  0
 3  0      0 9231836 487276 6121612    0    0     0   295 10518 19411 72  3 23  0  2  0
 5  0      0 9229844 487276 6122224    0    0     0    59 6095 10268 67  3 27  0  2  0
 3  0      0 9229844 487288 6122612    0    0     0    36 4999 8096 72  3 23  0  2  0
 5  0      0 9172144 487296 6123016    0    0     0   245 5157 8506 75  3 21  0  2  0
 5  0      0 9313068 487332 5996548    0    0     0    67 7610 13653 78  5 12  3  2  0
 6  0      0 9343720 487356 5980064    0    0     5   125 6293 10963 91  2  5  0  1  0
 2  0      0 9378156 487364 5980616    0    0     0   747 6289 10683 74  3 21  0  2  0
 4  0      0 9387892 487448 5980360    0    0     0   140 10023 18345 71  3 24  0  1  0
 3  0      0 9382144 487528 5981448    0    0     0   132 8905 16112 73  3 23  0  1  0
 2  0      0 9376148 487576 5982296    0    0     0   349 7832 13897 77  3 18  0  2  0
 2  0      0 9358968 487576 5980976    0    0     0   161 7548 12943 70  4 24  0  2  0
 5  0      0 9372204 487616 5981728    0    0     0    90 6037 9871 86  2 11  0  1  0
 5  0      0 9368456 488388 5983388    0    0     7   470 7525 12895 80  3 15  0  1  0
 4  0      0 9354976 488404 5984296    0    0     0   100 8121 13998 76  3 19  0  2  0
 5  0      0 9335128 488704 5985348    0    0     0   119 7106 11989 77  3 18  0  2  0
 2  0      0 9318932 489272 5986564    0    0     0   567 6833 11257 77  3 18  0  2  0
 1  0      0 9320136 489884 5984076    0    0     0    76 6629 11020 69  3 27  0  1  0
 2  0      0 9339236 490020 5983832    0    0     0   141 5060 8100 58  4 36  0  2  0
 6  0      0 9332120 490068 5982956    0    0     0   107 5542 8996 73  3 22  0  2  0
 4  0      0 9327840 490120 5990860    0    0     0   537 9018 16329 82  3 13  0  1  0
 2  0      0 9313044 490204 5997444    0    0     0    98 6855 11705 56  5 38  0  1  0
 2  0      0 9314656 490216 5997128    0    0     0   118 6029 10091 57  4 37  0  2  0
 3  0      0 9291604 490260 5997788    0    0     0   795 4359 6857 73  4 21  0  2  0
 3  0      0 9307272 490416 5996428    0    0     0   902 5075 8300 79  3 17  0  1  0
 1  0      0 9328760 490628 5997892    0    0     0   199 6185 10641 64  3 32  0  1  0
 3  0      0 9309572 490628 5999088    0    0    51   522 5423 9119 65  4 29  0  2  0
 4  0      0 9301748 490676 5999504    0    0     0    56 4139 6531 74  3 22  0  2  0
 3  0      0 9296444 490700 6000084    0    0     0   154 4782 7630 67  3 29  0  2  0
 2  0      0 9302680 490704 6000252    0    0     0   363 8738 15517 55  5 38  0  2  0
 4  0      0 9144008 490736 6107692    0    0     0    28 7855 15908 81  4 13  0  1  0
 4  0      0 9114704 490788 6107916    0    0     2    41 4355 7060 91  2  6  0  1  0
 4  0      0 9159772 490788 6108368    0    0     0   431 3535 5407 94  1  4  0  1  0
 5  0      0 9171712 490812 6110376    0    0     0 10726 3488 7781 78  3 18  0  1  0
 5  0      0 9155724 490836 6111216    0    0     0   113 4831 11491 73  3 22  0  2  0
 1  0      0 9155376 490984 6111512    0    0    15   418 5250 9159 59  4 35  0  1  0
 2  0      0 9150188 490984 6111220    0    0     0   228 4135 6454 67  4 28  0  2  0
 2  0      0 9152088 490988 6111464    0    0     2    32 4114 6270 73  2 23  0  2  0
 1  0      0 9167384 490988 6109608    0    0     0   229 3310 4575 34  3 60  0  2  0
 3  0      0 9149128 490996 6109588    0    0     0    76 2925 3861 37  4 58  0  1  0
 4  0      0 8972800 491000 6109616    0    0     0     6 2707 3507 74  3 21  0  2  0
 3  0      0 8987072 491000 6109656    0    0     0    96 2500 3156 78  3 17  0  2  0
 3  0      0 9173740 491004 6109840    0    0     0    11 2679 3575 38  3 57  0  2  0
 3  0      0 9127288 491004 6110004    0    0     0     6 2698 3296 56  4 38  0  1  0
 4  0      0 9113256 491008 6110036    0    0     0    51 3143 4517 85  3 11  0  2  0
 3  0      0 9159608 491008 6110196    0    0     0    17 3024 4408 83  3 12  0  1  0
 3  0      0 9112748 491016 6110508    0    0     0    11 2521 3324 83  2 13  0  1  0
 3  0      0 9126792 491016 6110672    0    0     0   142 2000 2083 77  3 19  0  1  0
 1  0      0 9170576 491016 6110740    0    0     0    16 2185 2691 33  2 64  0  1  0
 2  0      0 9155528 491020 6110880    0    0     0    20 3355 4870 63  3 32  0  1  0
 3  0      0 8837900 491020 6111044    0    0     0   111 1791 1648 71  4 25  0  1  0
 3  0      0 8942912 491020 6111532    0    0     0    18 2360 3036 56  3 40  0  1  0
 1  0      0 8946452 491120 6111396    0    0     0    18 2488 3668 36  2 61  0  1  0
 4  0      0 8941436 491120 6111792    0    0     0   134 2970 4640 37  2 60  0  1  0
 1  0      0 8942012 491168 6112068    0    0     1    16 2686 4029 40  2 58  0  1  0
 3  0      0 8922304 491168 6112908    0    0     0    37 3226 4936 51  2 46  0  1  0
 3  0      0 8942556 491168 6112520    0    0     0   119 3912 6009 83  2 14  0  1  0
 4  0      0 8917904 491684 6115740    0    0     0    27 3647 5504 55  5 39  0  2  0
 3  0      0 8895364 493136 6121836    0    0     7    68 3137 4433 55  7 36  0  2  0
 2  0      0 8824232 493140 6122180    0    0     0   596 2471 3113 50  3 45  0  1  0
 5  0      0 8781796 493192 6123344    0    0     3    14 1933 2128 81  1 18  0  1  0
 3  0      0 8735432 493192 6123236    0    0     0   629 1462 1143 81  1 18  0  1  0
 3  0      0 8851704 493208 6123288    0    0     0    26  978  210 73  1 25  0  1  0
 3  0      0 8867648 493228 6123304    0    0     0   157 1011  268 74  1 24  0  1  0
 3  0      0 8869392 493260 6123616    0    0     0    97  957  179 74  1 25  0  1  0
 2  0      0 8876100 493260 6123948    0    0    15    10 1206  498 61  2 36  0  1  0
 2  0      0 8836920 493260 6129732    0    0     0    48 1107  452 65  2 32  0  1  0
 3  0      0 8791128 493664 6128968    0    0     0    42 1228  694 69  3 26  0  2  0
 3  0      0 8566316 493712 6131784    0    0     1    30 1012  267 72  3 24  0  1  0
 3  0      0 8557412 494740 6135008    0    0     0   163 1004  243 73  2 25  0  1  0
 2  0      0 8847132 494740 6135184    0    0     0   190 1008  270 73  2 24  0  1  0
 3  0      0 8839816 494768 6135400    0    0     1   600  970  360 50  2 47  0  1  0
 2  0      0 8854468 494804 6141188    0    0     0   614  855  231 49  1 49  0  1  0
 2  0      0 8854720 494804 6141188    0    0     0     8  960  299 49  2 48  0  1  0
 2  0      0 8851456 494908 6141836    0    0     2    17 1104  684 45  2 52  0  1  0
 2  0      0 8850904 495020 6148344    0    0     0   739  863  204 50  1 49  0  1  0
 2  0      0 8849544 495248 6149000    0    0     0    38  799  216 50  1 49  0  1  0
 2  0      0 8842492 495252 6149136    0    0     0   117  916  286 58  1 40  0  1  0
 3  0      0 8721844 495280 6149432    0    0     0   577 1132  667 62  3 34  0  1  0
 3  0      0 8626128 495288 6165572    0    0     0   290  963  219 74  1 24  0  1  0
 3  0      0 8791780 495304 6164128    0    0     0    14 1015  370 73  2 24  0  1  0
 3  0      0 8703940 495304 6175592    0    0     0    47  969  206 74  1 24  0  1  0
 2  0      0 8829372 495708 6150856    0    0     0    58 1220  880 54  4 41  0  1  0
 1  0      0 8857004 495916 6152144    0    0     0     8  823  408 35  1 63  0  1  0
 2  0      0 8829220 496784 6155932    0    0     0     6 1334  956 38  7 54  0  1  0
 2  0      0 8810208 497396 6158760    0    0     6   301 1226  854 38  5 56  1  1  0
 2  0      0 8835760 497508 6159620    0    0    60   209  962  396 49  3 47  1  1  0
 2  0      0 8817388 497556 6162156    0    0     0   146  957  371 51  1 47  0  1  0
 3  0      0 8351636 498572 6588676    0    0    13   449 1006  273 64  6 29  0  1  0
 2  0      0 8280520 498592 6649312    0    0     0    56  952  314 56  3 41  0  1  0
 3  0      0 8317900 498620 6655912    0    0     0   211 1153  749 55  2 42  0  1  0
 2  0      0 8308108 498640 6659288    0    0     0 31256 1299 1095 55  3 40  0  1  0
 2  0      0 8334536 498644 6659720    0    0     0 15530 1425 1106 52  5 40  0  2  0
 2  0      0 8250164 498744 6661932    0    0     0   968 1637 1643 58  5 36  0  1  0
 2  0      0 8134472 498760 6665724    0    0     0  1444 1623 1892 76  9 14  0  1  0
 5  0      0 8138220 498796 6673880    0    0     0   113 1577 1501 69  4 26  0  1  0
 5  0      0 8321868 498796 6674792    0    0     0   183 1575 1616 91  5  3  0  1  0
 4  0      0 8392024 498796 6675296    0    0     0  1177 3350 5087 67  4 27  0  2  0
 3  0      0 8597692 498796 6676844    0    0     0   878 7064 12695 69  4 26  0  1  0
 3  0      0 8757032 498796 6572704    0    0     0    92 6695 11267 54  7 34  4  1  0
 2  0      0 8699760 510156 6573084    0    0  1124   783 4028 6280 69  7 23  0  2  0
 3  0      0 8715600 510156 6573292    0    0     0    91 4077 6252 60  5 33  0  2  0
 2  0      0 8739932 510156 6573828    0    0     0    89 3969 6075 60  4 34  0  1  0
 2  0      0 8702964 510156 6572080    0    0     0   810 2266 2988 56  4 39  0  1  0
 2  0      0 8617836 510156 6574172    0    0     0   148 1317 1125 53  3 43  0  1  0
 3  0      0 8683548 510156 6574332    0    0     0    34 1303  906 51  4 44  0  1  0
 2  0      0 8723068 510156 6576920    0    0     0   180 1444 1185 53  4 42  0  1  0
 3  0      0 8637844 510164 6582916    0    0     0   258 1579 1176 55  6 38  0  1  0
 4  0      0 8665380 510168 6587684    0    0     0    44 1378 1215 61  3 35  0  1  0
 2  0      0 8147680 510176 6601784    0    0     0   526 1618 2873 62  7 29  0  2  0
 3  0      0 8122044 510176 6603552    0    0     0   248 1445 1316 57  4 38  0  1  0
 2  1      0 7991040 510176 6610752    0    0     0  1217 1536 3429 84  4 11  0  1  0
 3  0      0 8563600 510180 6595240    0    0     1   820 1668 2273 72  4 22  0  1  0
 3  0      0 8732400 510180 6577588    0    0     0   490 1728 1644 72  3 23  0  1  0
 1  0      0 8718356 510180 6577780    0    0     0    32 2382 3098 49  3 46  0  1  0
 2  0      0 8662296 510180 6578000    0    0     0   250 1075  805 32  2 65  0  1  0
 2  0      0 8768260 510180 6578780    0    0     0    72 1409 1260 35  3 61  0  1  0
 2  0      0 8761100 510192 6578240    0    0     0    51 1320 1146 39  3 57  0  1  0
 2  0      0 8734232 510196 6578524    0    0     0   301 2390 3091 50  4 45  0  1  0
 5  0      0 8533232 510196 6578472    0    0     0    90 2447 2936 62  5 31  0  1  0
 6  0      0 8494056 510196 6578852    0    0     0    81 1948 2201 75  4 19  0  2  0
 1  0      0 8060128 510212 6595160    0    0     0   584 2728 5542 61  8 29  0  2  0
 2  0      0 7949672 510212 6588780    0    0     2   114 2622 3762 52  5 42  0  1  0
 2  0      0 8578800 510216 6579740    0    0     0    84 1912 2546 43  4 52  0  1  0
 4  0      0 8385956 510264 6578952    0    0     2    79 1573 1428 78  3 18  0  1  0
 1  0      0 8740996 510264 6579588    0    0    51   293 1426 1219 49  4 44  1  1  0
 2  0      0 8738476 510264 6580236    0    0    30   108 2346 3065 42  3 53  1  1  0
 3  0      0 8694756 510264 6580328    0    0     0    54 1429 1358 41  3 55  0  1  0
 3  0      0 8654732 510264 6580328    0    0     0   114 1269  818 55  3 41  0  1  0
 2  0      0 8746208 510264 6580408    0    0     0    17 1125  706 52  3 45  0  1  0
 4  0      0 8663048 510264 6580492    0    0     0    61 1316 1085 70  4 24  0  1  0
 3  0      0 8592436 510340 6581468    0    0    89   147 1545 1547 72  6 20  0  1  0
