procs -----------memory---------- ---swap-- -----io---- -system-- -------cpu-------
 r  b   swpd   free   buff  cache   si   so    bi    bo   in   cs us sy id wa st gu
 3  0      0 11534988 243728 4213968    0    0   228   343 2999   12 26  2 70  1  1  0
10  0      0 11355872 244776 4240732    0    0  2656    88  875  939 28  3  2 66  0  0
19  7      0 11264712 245616 4269444    0    0  2515   242 2550 4166 78  5  1 15  1  0
21  2      0 11061716 246392 4284452    0    0   670  5329 17818 44081 88 10  0  0  1  0
24  0      0 10954872 247336 4300716    0    0   494  8531 16051 37158 89 10  0  0  1  0
22  0      0 10916544 248088 4307616    0    0    49   158 15649 35769 91  8  0  0  1  0
20  0      0 10909708 248096 4313648    0    0     0  2330 15659 35034 91  8  0  0  1  0
25  0      0 10904084 248108 4320156    0    0     0   370 16232 35456 91  8  0  0  1  0
23  0      0 10883232 248344 4324160    0    0    25   414 16387 36631 91  8  0  0  1  0
24  0      0 10894972 248700 4329248    0    0    65   653 16307 37158 91  8  0  0  1  0
18  0      0 10998248 249428 4324120    0    0    79   731 16855 38241 90  9  0  0  1  0
27  0      0 10957224 250280 4344952    0    0    45   379 14502 31458 93  6  0  0  1  0
21  0      0 10842500 251256 4341996    0    0    30   851 15693 34189 91  8  0  0  1  0
19  0      0 10815412 251276 4348072    0    0    60   389 14449 31580 90  9  0  0  1  0
17  0      0 10796244 251320 4354976    0    0    34   708 14702 32566 91  8  0  0  1  0
25  0      0 10821976 251496 4361668    0    0    52  1554 13167 28213 91  8  0  0  1  0
23  0      0 10799804 251744 4365236    0    0     6  2832 12950 27743 93  6  0  0  1  0
19  0      0 10966720 251772 4326956    0    0    17   161 11771 24755 91  8  0  0  1  0
18  0      0 11017900 251824 4327716    0    0    14   640 10974 22596 93  6  0  0  1  0
 7  0      0 11089948 251852 4322588    0    0     1   117 9130 18336 94  5  0  0  1  0
 9  0      0 10922108 252016 4331352    0    0    22   272 9114 18606 94  5  0  0  1  0
 8  0      0 10912472 252044 4340216    0    0    16   616 8220 17063 94  5  0  0  1  0
 8  0      0 10965032 252080 4338516    0    0     2   156 7989 15458 91  7  0  0  1  0
 5  0      0 11119004 252116 4343944    0    0     0   745 7238 13469 93  5  0  0  2  0
 4  0      0 11174884 252128 4338828    0    0     0   628 5049 8985 93  2  3  0  1  0
 3  0      0 10963800 252900 4492004    0    0    38  1021 2492 3589 81  4 14  0  2  0
 2  0      0 11008408 252900 4491988    0    0     0   118 2475 3505 61  2 36  0  1  0
 2  0      0 11068208 252900 4491988    0    0     0   672 1923 2001 51  2 46  0  1  0
 2  0      0 11073008 252904 4492016    0    0     0 14866 2877 3623 52  3 43  0  1  0
 3  0      0 11073008 252904 4492028    0    0     0     3 2942 3646 52  4 43  0  1  0
 3  0      0 11074940 252904 4491584    0    0     0    52 2772 3407 53  4 42  0  1  0
 4  0      0 11076148 252908 4492124    0    0     0   221 2124 2204 52  4 44  0  1  0
 2  0      0 11075392 252908 4491668    0    0     1     1 2933 3807 55  5 39  0  1  0
 3  0      0 11075392 252908 4491700    0    0     1     2 2678 3387 55  4 40  0  1  0
 3  0      0 11073152 253032 4496568    0    0     0    52 2600 3261 55  4 39  0  2  0
 2  0      0 11070884 253188 4496956    0    0     0     8 2860 3517 55  4 40  0  1  0
 4  0      0 11068868 253188 4496980    0    0     0     0 2580 3213 56  3 40  0  1  0
 2  0      0 11068112 253188 4497004    0    0     0   562 2280 2959 55  3 41  0  1  0
 3  0      0 11068468 253188 4497024    0    0     0    62 2753 3446 56  4 40  0  1  0
 2  0      0 11068216 253188 4497048    0    0     0     4 2762 3437 56  4 39  0  1  0
 4  0      0 11067964 253188 4497072    0    0     0    65 2859 3533 56  3 40  0  1  0
 2  0      0 11067712 253188 4497072    0    0     0     4 2835 3550 55  4 40  0  1  0
 2  0      0 11067712 253188 4497096    0    0     0     0 2317 3039 56  3 41  0  1  0
 5  0      0 11064648 253204 4500944    0    0    10   236 2634 3372 54  4 40  0  1  0
 2  0      0 11061520 253220 4501872    0    0     0    41 2733 3662 54  3 42  0  1  0
 2  0      0 11060644 253576 4502912    0    0    25    37 3241 4342 56  3 40  0  1  0
 3  0      0 11060392 253648 4503044    0    0     0   278 3064 3990 56  3 39  0  1  0
 4  0      0 11056760 253720 4503144    0    0     0   114 2949 3698 54  4 42  0  1  0
 3  0      0 11055112 254168 4504056    0    0     7    64 3033 4083 54  5 40  0  1  0
 3  0      0 11050576 255088 4505032    0    0    20   345 3062 3947 54  4 41  0  1  0
 2  0      0 11050324 255476 4505724    0    0    13    15 3048 3900 54  4 41  0  1  0
 2  0      0 11050736 255748 4506116    0    0     0    87 3321 4510 52  5 42  0  1  0
 3  0      0 11049700 256056 4507140    0    0     0   347 3209 4339 54  5 40  0  1  0
 2  0      0 11046948 256516 4507476    0    0    13   131 3251 4452 56  4 38  0  1  0
 2  0      0 11033020 257020 4522820    0    0     0   168 3101 4044 53  4 42  0  1  0
 3  0      0 11019200 257608 4538120    0    0     0   437 3232 4314 55  4 41  0  1  0
 3  0      0 11017044 257740 4540748    0    0     0    53 2975 3786 54  3 42  0  1  0
 2  0      0 11014240 258156 4542168    0    0     0   630 3164 4155 53  4 41  0  1  0
 1  0      0 11010096 260268 4544884    0    0     1  2105 3051 4229 34  4 61  0  1  0
 2  0      0 10973332 260660 4547700    0    0   248   516 2974 4229 21  2 75  2  1  0
 3  0      0 10942924 260744 4550528    0    0   238   152 3061 3996 49  4 45  1  1  0
 2  0      0 10927056 260880 4551096    0    0     3   366 2965 3766 53  4 42  0  1  0
 2  0      0 10937172 260964 4551708    0    0     0   127 3311 4470 54  4 41  0  1  0
 2  0      0 10910828 261128 4552612    0    0     2    21 2956 3772 51  4 44  0  1  0
 3  0      0 10907476 261352 4554992    0    0     2   138 2805 3628 51  3 44  1  1  0
 1  0      0 10916904 261480 4556280    0    0     6    62 4368 6717 36  4 59  0  1  0
 2  0      0 10910200 261712 4558196    0    0    12   281 5213 8629 24  5 70  1  1  0
 1  0      0 10902828 261884 4558464    0    0    15   187 3771 5990 13  3 83  1  1  0
 2  0      0 10902604 261896 4558788    0    0     4   183 4639 7325 13  3 83  0  1  0
 0  0      0 10902380 261900 4558892    0    0     1   187 4521 7063 13  3 83  1  1  0
 0  0      0 10901624 261912 4558984    0    0     0    73 4562 7165 10  3 86  0  1  0
 1  0      0 10901372 261924 4558956    0    0     0    15 4532 7108 11  2 85  0  1  0
 2  0      0 10899608 261928 4559096    0    0     0     4 4464 6959 12  3 83  0  1  0
 1  0      0 10895988 261936 4559164    0    0     0     2 4619 7228 14  3 82  0  1  0
 0  0      0 10897324 261940 4559276    0    0     0    25 4536 7144 10  3 86  0  1  0
 0  0      0 10897324 261944 4559352    0    0     0     3 4583 7246  9  3 87  0  1  0
 1  0      0 10897324 261956 4558928    0    0     0    55 4221 6586 12  3 84  0  1  0
 1  0      0 10896064 261964 4558980    0    0     0    28 4037 6347  9  3 87  0  1  0
 1  0      0 10895812 261968 4559112    0    0     0     5 4634 7189 15  4 80  0  2  0
 0  0      0 10895812 261972 4559204    0    0     0     4 4576 7100 12  4 83  0  1  0
 1  0      0 10847056 261996 4559252    0    0     0    30 3911 5633 28  4 67  0  1  0
 2  0      0 10656432 262020 4559324    0    0     0    12 2891 3705 50  6 43  0  1  0
 3  0      0 10436152 262020 4559348    0    0     0     3 2682 3343 53  7 39  0  1  0
 2  0      0 10411200 262132 4559528    0    0     0    28 2639 3321 56  3 40  0  1  0
 2  0      0 10401984 262244 4559644    0    0     0     7 2866 3721 55  4 40  0  1  0
 2  0      0 10438308 262300 4560064    0    0     1    34 1800 1853 53  2 43  1  1  0
 2  0      0 10437992 262356 4560456    0    0     1    72 1787 1713 53  3 43  1  1  0
 2  0      0 10426088 264492 4565784    0    0     8    44 2093 2241 49  6 43  0  1  0
 2  0      0 10381688 268728 4575668    0    0    29    81 2176 2422 48  8 43  0  1  0
 2  0      0 10254152 271292 4581796    0    0    25   972 2054 2175 48  8 43  0  1  0
 3  0      0 10102824 271352 4583204    0    0     5   308 1709 1692 50  6 43  0  1  0
 2  0      0 10192472 271400 4584328    0    0     0   623 1840 1761 53  3 43  0  1  0
 3  0      0 10255504 271456 4584532    0    0     2   565 1811 1747 53  2 43  0  1  0
 2  0      0 10288496 271540 4584836    0    0     3   122 1875 1787 53  3 43  0  1  0
 3  0      0 10302048 271576 4585516    0    0    18   100 2005 1887 55  3 39  0  3  0
 2  0      0 10264900 271580 4585940    0    0    15    44 2111 1989 58  4 38  0  1  0
 2  0      0 10286136 272144 4590696    0    0     9    32 2096 2136 53  5 42  0  1  0
 2  0      0 10275128 272720 4599340    0    0     1    74 2243 2505 53  5 41  0  1  0
 2  0      0 10299456 276132 4605140    0    0     2   582 1741 1674 50  3 46  0  1  0
 2  0      0 10293128 279536 4608524    0    0    14    48  839  214 48  1 49  0  1  0
 2  0      0 10296720 279708 4614424    0    0     0   748  819  178 49  1 49  0  1  0
 2  0      0 10288840 279924 4620508    0    0     0   678  813  176 49  1 49  0  1  0
 2  0      0 10285476 280628 4621148    0    0     2   720  975  485 44  2 54  0  1  0
 2  0      0 10282448 281808 4628904    0    0     2   222 1005  517 43  2 54  0  1  0
 2  0      0 10263644 282284 4636036    0    0     0   647  845  189 49  1 49  0  1  0
 2  0      0 10275416 282284 4636036    0    0     0   626  794  167 49  1 49  0  1  0
 2  0      0 10275416 282284 4636040    0    0     0   613  797  161 49  1 49  0  1  0
 2  0      0 10274912 282284 4636024    0    0     0   611  810  170 49  1 49  0  1  0
 2  0      0 10274912 282284 4636024    0    0     0    36  769  140 50  1 49  0  1  0
 2  0      0 10261540 282712 4638340    0    0     0     6 1123  764 47  3 49  0  1  0
 2  0      0 10255040 283740 4641492    0    0     0    13 1247 1135 28  4 67  0  1  0
 2  0      0 10230244 285844 4647688    0    0     2    14 1673 1463 22 10 66  0  1  0
 1  0      0 10185392 287888 4654464    0    0    94   658 1548 1310 27 10 57  5  1  0
 2  0      0 10208404 288316 4656424    0    0    67   295  886  466 36  4 56  4  1  0
 2  0      0 10227012 288576 4663668    0    0     5   407  816  184 49  1 49  0  1  0
 2  0      0 10218596 288916 4674952    0    0     0   712  806  159 49  1 49  0  1  0
 2  0      0 10210484 289252 4686292    0    0     0    74  770  144 50  1 49  0  1  0
 2  0      0 10202524 289768 4696220    0    0    24   262  817  171 49  1 49  0  1  0
 2  0      0 10193700 290284 4700748    0    0    17  1094  942  356 46  4 49  0  1  0
 2  0      0 10193808 290608 4704304    0    0     0  1193  864  254 49  1 49  0  1  0
 2  0      0 10184312 290848 4716860    0    0     0   955  791  167 49  1 49  0  1  0
 1  4      0 10548392 291332 4724060    0    0    69   703 1243  948 44  5 46  4  1  0
 5  0      0 10817276 291956 4729640    0    0   520   596 1185 1263 79  5  1 14  1  0
 0  1      0 10828772 292364 4732532    0    0   104   931 5779 9486 36  6 55  3  1  0
 2  0      0 10147216 293044 4788556    0    0  3229  1368 6367 12542 25 11 46 17  1  0
 0  0      0 10049712 293088 4802004    0    0   592   412 9759 17582 23  9 66  0  1  0
 1  0      0 10046868 293088 4799644    0    0     0    68 9703 16814 21  7 71  0  1  0
 1  0      0 10031296 293088 4802404    0    0    12   816 9687 16777 19  8 72  0  1  0
 1  0      0 10028984 293088 4802740    0    0    10  1451 10324 18582 23  8 67  0  1  0
 3  0      0 10028416 293088 4804848    0    0    30     7 9891 17407 22  7 69  0  2  0
 0  0      0 10039472 293088 4801220    0    0     0   110 8663 14871 15  6 78  0  1  0
 0  0      0 10046108 293088 4798528    0    0     0   898 7105 11682 10  4 85  0  1  0
 1  0      0 10035360 293088 4803868    0    0     2   178 7622 12812 14  6 79  0  1  0
 8  0      0 10010144 293220 4807144    0    0   265   134 7948 13486 15  5 78  1  1  0
 0  0      0 9732608 293232 4806356    0    0     8   422 7523 13972 23 10 65  0  1  0
 0  0      0 9766100 293280 4804264    0    0    40   419 7014 11480 10  5 84  0  1  0
 0  0      0 9761488 293280 4804008    0    0     0    25 6932 11408  8  4 87  0  1  0
 3  0      0 9763004 293280 4804284    0    0     0   565 6880 11315  8  4 88  0  1  0
 0  0      0 9769848 293280 4804256    0    0     0   562 6705 10920  8  4 87  0  1  0
 0  0      0 9768632 293280 4802576    0    0     0   131 6990 11464  9  4 86  0  1  0
 2  0      0 9768640 293280 4802824    0    0     0   214 6954 11394  9  4 86  0  1  0
 1  0      0 9769200 293280 4802568    0    0     0   121 6944 11349  9  4 85  0  2  0
 1  0      0 9719484 293284 4833012    0    0  2970   647 5074 8222 10  4 85  0  1  0
 0  0      0 9384160 293288 5196688    0    0 35956   206 5005 8019 14 11 74  0  1  0
 0  0      0 9827704 293288 5196992    0    0     0   224 6873 10870 19  6 74  0  2  0
 2  0      0 9797848 293292 5198848    0    0     8   663 7013 11259 19  5 74  0  1  0
 1  0      0 9756520 293292 5200376    0    0    20   207 7088 11437 21  5 73  0  1  0
 0  0      0 9744424 293292 5199312    0    0     0   233 7151 11454 22  6 70  0  2  0
 0  0      0 9717208 293292 5199060    0    0    14   663 7093 11462 22  5 71  0  1  0
 5  0      0 9684192 293292 5199876    0    0    28   381 7281 11725 22  5 72  0  1  0
 1  0      0 9697264 293292 5201008    0    0     0   123 7290 11738 22  5 71  0  2  0
 6  0      0 9695608 293612 5198332    0    0   125   616 7436 11944 22  6 70  1  1  0
 0  0      0 9691872 293632 5201784    0    0   131   335 7342 11955 22  7 69  0  2  0
 1  0      0 9689804 293632 5200312    0    0     0   201 7222 11675 21  6 72  0  2  0
 2  0      0 9690312 293632 5202428    0    0     0   320 7280 11781 19  5 75  0  1  0
 0  0      0 9688016 295072 5201948    0    0   200   475 7357 11841 22  6 71  0  2  0
 2  0      0 9692064 295868 5204464    0    0    30   299 7110 11428 21  5 72  0  2  0
 1  0      0 9673876 295872 5205228    0    0     1   335 7306 11889 22  5 72  0  1  0
 1  2      0 9659656 297412 5206932    0    0   406    60 7474 12077 21  5 51 21  1  0
 2  1      0 9662620 297552 5211508    0    0   454   734 8018 13548 19  6 39 34  2  0
 3  0      0 9658628 298188 5214152    0    0   345   122 7996 13550 20  6 46 26  2  0
 2  0      0 9651204 298188 5217924    0    0     0   620 8244 14036 23  6 70  0  1  0
 0  2      0 9584764 298188 5285248    0    0  6886   426 8892 14446 19  7 52 20  1  0
 1  1      0 9526740 298188 5342736    0    0  5618   109 8139 13093 14  7 55 22  2  0
 0  2      0 9431260 302688 5432524    0    0  9210   808 8323 13094 13  6 56 23  1  0
 2  3      0 9383848 313804 5473096    0    0  5062   566 8224 13246 15  6 48 30  2  0
 0  2      0 9321224 322604 5528356    0    0  6226    90 8616 14066 19  7 51 22  1  0
 2  1      0 9271524 327136 5576680    0    0  5167   802 7665 12112 13  6 57 23  1  0
 1  2      0 9192832 330728 5645864    0    0  7152   595 7900 12464 12  7 58 21  2  0
 3  4      0 9127844 345084 5703808    0    0  6546   114 8176 12928 14  8 56 22  1  0
 0  1      0 9065836 360704 5746948    0    0  5811   428 8369 13236 13  7 57 22  1  0
 0  2      0 9012276 369964 5793240    0    0  5402   868 7697 12113 10  6 60 23  2  0
 1  0      0 8973232 376792 5829616    0    0  4143    40 7940 12532 11  8 59 21  1  0
 1  0      0 9082840 376792 5829516    0    0     0   702 7200 11711 12  6 81  0  1  0
 0  0      0 9077492 376792 5829664    0    0     0   792 7084 11590 12  5 82  0  2  0
 5  0      0 9009192 376804 5830400    0    0     0   140 7132 11701 12  5 82  0  1  0
 1  0      0 9042140 376804 5830052    0    0     0   791 7215 11887 12  4 82  0  1  0
 1  0      0 9059016 376804 5830684    0    0     0   696 7082 11619 14  5 79  0  2  0
 1  0      0 9072260 376804 5830732    0    0     0   110 7074 11480 12  5 80  0  2  0
 0  0      0 9069028 376804 5830544    0    0     0   615 5413 8880 14  5 80  0  1  0
 1  0      0 9065260 376804 5830620    0    0     0   604 4888 7980 13  4 81  0  1  0
 1  0      0 9068184 376804 5826256    0    0     0   518 6441 10295 18  5 74  0  3  0
 1  0      0 9113828 376804 5815756    0    0    26   164 6814 10948 20  5 73  0  2  0
 2  0      0 9087260 376804 5828308    0    0     0    16 6790 10952 21  5 71  0  2  0
 0  0      0 9054368 376824 5832048    0    0    10    88 6745 10797 21  4 73  0  1  0
 1  0      0 9023152 376828 5829052    0    0    12     8 6842 10957 23  5 72  0  1  0
 1  0      0 9035488 376832 5829648    0    0     0  1307 6687 10663 23  5 69  0  2  0
 2  0      0 9055480 376832 5829284    0    0     0   340 6785 10953 23  5 71  0  1  0
 0  0      0 9057140 376832 5829356    0    0     0    58 6812 10914 23  5 72  0  1  0
 1  0      0 9063004 376832 5828892    0    0     0   610 6678 10595 23  5 69  0  3  0
 2  0      0 9044564 376832 5833456    0    0     0   604 6962 11154 23  6 70  0  1  0
 4  0      0 9065512 376832 5833568    0    0     0   146 6877 10907 23  5 70  0  1  0
 1  0      0 9049760 376832 5833816    0    0     3   223 6826 10924 25  6 68  0  2  0
 1  0      0 9061472 376832 5834336    0    0     0  1200 6810 10771 26  5 67  0  2  0
 1  0      0 9071336 376832 5833976    0    0     0   116 7015 11125 25  5 69  0  1  0
 1  0      0 9066940 376832 5834260    0    0    11   397 6767 10738 24  6 69  0  2  0
 0  0      0 9037876 376832 5834484    0    0     0   867 7419 12156 24  6 68  0  1  0
 2  0      0 9135092 376832 5834292    0    0     0   472 4500 7136 12  4 83  0  1  0
 2  0      0 9134420 376832 5833544    0    0     0    64 2948 4517 10  3 87  0  1  0
 0  0      0 9151008 376832 5828632    0    0     0   454 2879 4403 10  3 86  0  1  0
 0  0      0 9151072 376832 5831696    0    0     0   618 2916 4469 10  3 87  0  1  0
 1  0      0 9155436 376832 5832212    0    0     0   170 2879 4324 10  3 85  0  2  0
 0  0      0 9150180 376832 5832236    0    0     0   220 2863 4371  9  3 87  0  1  0
 1  0      0 9147684 376832 5832248    0    0     0   522 2734 4136  9  2 89  0  1  0
 0  0      0 9152068 376832 5830984    0    0     0   314 2902 4430 10  2 86  0  1  0
 0  0      0 9159556 376832 5830984    0    0     0   530 2717 4187  9  2 88  0  1  0
 0  0      0 9161748 376832 5829688    0    0     0   248 2841 4395  9  3 87  0  1  0
 1  0      0 9159492 376832 5829708    0    0     0   438 2808 4344  9  2 88  0  1  0
 0  0      0 9157400 376832 5829208    0    0     0   454 2758 4192  9  3 87  0  1  0
 0  0      0 9141440 376832 5829228    0    0     0   240 2767 4226 10  3 86  0  1  0
 8  0      0 9125896 376836 5829728    0    0     0   497 2772 4194 10  3 86  0  1  0
 2  0      0 9123872 376836 5829468    0    0     0   333 2837 4303 10  3 86  0  1  0
