procs -----------memory---------- ---swap-- -----io---- -system-- -------cpu-------
 r  b   swpd   free   buff  cache   si   so    bi    bo   in   cs us sy id wa st gu
 4  1      0 14844888 112860 1167100    0    0  1418    64  556    1  7  1 90  2  0  0
 3  0      0 14343492 118972 1299924    0    0 13025   514 6022 10504 43 13 12 31  1  0
 6  0      0 14080936 120828 1334944    0    0   216   127 6902 13100 70 11 18  0  1  0
 5  0      0 14032788 122212 1342160    0    0   723   111 8665 17302 81  8  9  1  1  0
 8  0      0 13984548 122344 1363404    0    0     4  1920 10031 21201 88  6  5  0  1  0
 3  0      0 13983620 122612 1373332    0    0     6  2323 10105 21009 85  7  6  0  2  0
 5  0      0 13328400 130700 1387228    0    0    82   606 12496 25578 75 10 14  0  1  0
 5  0      0 12882740 140512 1397868    0    0   397  3292 10857 20943 53 11 14 21  1  0
 5  0      0 12365708 147544 1404896    0    0     1  1369 11553 23126 77 10 11  0  1  0
 4  0      0 12298408 171516 1433728    0    0  2294  1799 11066 20326 53  7 15 24  1  0
 8  0      0 12293880 171648 1435016    0    0     0   968 11577 23024 81  4 12  1  1  0
 4  0      0 12278816 172060 1445776    0    0     0  1726 12464 25357 83  4 12  0  1  0
 6  0      0 12162052 173292 1445988    0    0    10   200 12227 24874 82  6 11  0  1  0
 5  0      0 12537652 178000 1467024    0    0    38    98 10280 20166 80  5 14  0  1  0
 5  0      0 12510200 182044 1528020    0    0    16  1664 13220 26826 82  4 13  0  1  0
 1  0      0 12506404 184536 1531620    0    0    19   512 9526 17071 30  6 63  0  1  0
 4  0      0 12494836 184644 1545508    0    0  1332   240 8791 16112 56  4 37  2  1  0
 3  0      0 12512672 184944 1543580    0    0    18  5903 9445 18113 74  3 22  0  1  0
 5  0      0 12477992 185268 1546976    0    0    67  1894 11730 22488 68  5 26  0  1  0
 2  0      0 12492780 185728 1552552    0    0     0    27 12314 24560 81  3 15  0  1  0
 3  0      0 12499436 186036 1554600    0    0     0   510 15629 31393 49  6 43  0  2  0
 1  0      0 12478968 186492 1554620    0    0    42   348 16790 34205 44  5 49  1  1  0
 1  0      0 12470724 186968 1557120    0    0     3    78 20155 39154 51  4 44  0  1  0
 3  0      0 12468484 187484 1557208    0    0    12   728 18921 36698 60  4 34  0  2  0
 3  0      0 12467476 187748 1558420    0    0     0    66 13505 27410 81  2 16  0  1  0
 4  0      0 12469096 187920 1555444    0    0     0    76 14005 29672 85  2 12  0  1  0
 4  0      0 12210396 192424 1569164    0    0     1   446 13006 26741 77  9 13  0  1  0
 3  0      0 12112292 196908 1581408    0    0    29    82 14083 28827 79  7 13  0  1  0
 4  0      0 11750316 197368 1586472    0    0    10   103 12490 24829 79  6 14  0  1  0
 5  0      0 12009536 197704 1585996    0    0     0  2076 13196 27425 85  3 11  0  1  0
 6  0      0 12070976 197940 1583904    0    0    31   652 10104 19716 82  2 14  0  1  0
 4  0      0 12051084 197972 1583720    0    0    45    52 7755 13414 77  5 17  0  1  0
 5  0      0 11874828 198588 1593292    0    0     9   671 8632 15794 71  6 22  0  1  0
 4  0      0 11916352 201980 1602592    0    0   105    51 8762 16334 78  3 18  0  1  0
 3  0      0 11957640 219548 1628096    0    0    62   204 8160 14965 65  6 27  1  1  0
 5  0      0 11947324 220508 1639680    0    0     5  2639 9809 18783 83  3 12  0  1  0
 2  0      0 11920908 223568 1664724    0    0    24  1373 8990 16922 76  5 17  0  1  0
 6  0      0 11900328 229216 1698336    0    0    13  1399 3754 5737 62  4 32  0  1  0
 5  0      0 11855036 230204 1699948    0    0     0  2554 3831 6034 74  5 20  0  2  0
 1  0      0 11837860 232004 1706348    0    0     6  1086 6316 10881 33  5 61  0  1  0
 4  0      0 11794236 237576 1715644    0    0   335  3645 7623 13685 56 12 30  0  2  0
 1  2      0 11767768 243732 1721380    0    0   500  1331 10993 20665 56 10 30  4  2  0
 4  0      0 11786104 244912 1729076    0    0   112   426 5252 9206 79  4 13  2  1  0
 3  0      0 11792524 245180 1742572    0    0     0   543 4390 7259 86  2 10  0  1  0
 4  0      0 11808364 245940 1759948    0    0     0  1012 5951 10542 76  3 19  0  2  0
 6  0      0 11802960 246312 1767368    0    0     0   386 5123 8809 81  2 16  0  1  0
 2  0      0 11787300 248044 1770084    0    0   100  1484 5040 8945 77  7 15  0  1  0
 4  0      0 11762472 249444 1799264    0    0    26  2108 5822 10293 65  4 29  0  1  0
 2  0      0 11751860 249680 1805236    0    0    14   891 4408 7154 72  3 24  0  1  0
 5  0      0 11768660 249700 1805516    0    0     0    87 4279 6994 83  3 14  0  1  0
 3  0      0 14030872 249868 1806280    0    0    12  2634 7592 13983 60  4 35  0  1  0
 2  0      0 14032332 249952 1805932    0    0     0   737 9980 18328 44  5 50  0  1  0
 1  0      0 14053860 250060 1806248    0    0     0   121 8166 14318 19  4 76  0  1  0
 3  0      0 14039092 250392 1806536    0    0    23    34 7931 14247 27  5 67  0  1  0
 1  0      0 14051140 250396 1806332    0    0     0   152 7424 13113 17  3 80  0  1  0
 1  0      0 14050636 250524 1806728    0    0    12    18 6678 11604 21  3 75  0  1  0
 0  0      0 14050636 250532 1806980    0    0     0    29 5643 9804 20  3 76  0  1  0
 1  0      0 14042908 250748 1804944    0    0    24   105 7320 13178 30  5 64  0  1  0
 1  0      0 14057148 250772 1804332    0    0     0    19 5237 9026 19  3 78  0  0  0
 3  0      0 14058660 250992 1804504    0    0     9    16 4196 6778 21  3 75  0  1  0
 1  0      0 14059056 250992 1804644    0    0     0   122 4729 7570 36  4 59  0  1  0
 0  0      0 14062580 250992 1804200    0    0     0     8 3012 4544 24  2 73  0  1  0
 1  0      0 14063524 250992 1804204    0    0     0    10 1333 1879  7  0 92  0  0  0
 1  0      0 14063776 250992 1804204    0    0     0    47 1185 1685  4  0 95  0  0  0
 1  6      0 14007344 251560 1813564    0    0  1231     1 1185 1554  7  3 51 38  0  0
 1  0      0 13737532 254588 1875220    0    0  5578   542 2444 3967 35  4 10 51  1  0
 9  0      0 13588200 257460 1916200    0    0  4071   275 8091 14040 20  6 56 17  1  0
 2  0      0 12780396 258072 2190968    0    0 23640   410 11362 22301 28 10 47 14  1  0
 0  0      0 12793648 258116 2189888    0    0   134   186 12486 22707 26  7 65  0  2  0
 0  0      0 12762400 258168 2186032    0    0    23   228 12257 22132 21  7 71  0  1  0
 4  0      0 12795808 258328 2187136    0    0    26  1188 11965 21220 19  7 73  0  1  0
 0  0      0 12796256 258340 2190344    0    0     1   812 13091 24277 25  8 66  0  1  0
 0  0      0 12794724 258340 2183004    0    0     7   484 10745 18727 15  6 79  0  1  0
 2  0      0 12798176 258340 2185096    0    0     2   164 9179 15627 11  4 84  0  1  0
 0  0      0 12799112 258340 2189016    0    0    94   637 9823 17037 12  5 81  0  2  0
 1  0      0 12796248 258340 2189956    0    0    11   454 10071 17771 16  6 77  0  1  0
 0  0      0 12479880 258544 2190984    0    0   296    97 9996 18732 26  6 65  1  1  0
 1  0      0 12955268 258544 2190344    0    0     0   842 8902 15128  8  4 87  0  1  0
 0  0      0 12932420 258544 2190408    0    0     0   421 9208 15891 10  4 85  0  1  0
 1  0      0 12905076 258544 2191188    0    0     0   244 8773 15059  8  4 87  0  1  0
 2  0      0 12879060 258544 2189160    0    0     0   496 8848 15174  7  4 88  0  1  0
 0  0      0 12850904 258544 2189116    0    0     0   309 8781 14971  7  4 88  0  1  0
 2  0      0 12850400 258544 2189116    0    0     0   182 8821 15140  7  4 89  0  1  0
 0  0      0 12849396 258544 2189116    0    0     0   540 8705 14829  7  4 87  0  1  0
 0  0      0 12855372 258544 2189016    0    0     0   336 9196 15807  9  4 85  0  1  0
 1  0      0 12853108 258544 2192516    0    0     8   226 5393 8859  8  3 88  0  1  0
 1  0      0 12850616 258552 2192004    0    0    16   455 9041 15447 20  5 73  0  1  0
 6  0      0 12850868 258560 2191700    0    0     5   333 10450 17716 26  6 67  0  2  0
 2  0      0 12847088 258560 2191756    0    0     0   580 9227 15432 25  5 68  0  2  0
 3  0      0 12844852 258560 2191236    0    0    28   350 10128 17052 29  6 64  0  2  0
 1  0      0 12845676 258560 2192032    0    0     0   232 10131 16996 28  6 66  0  1  0
 0  0      0 12846340 258560 2192268    0    0    42   391 10236 17150 29  5 65  0  1  0
 2  0      0 12847248 258560 2192956    0    0     0   135 10052 16809 28  5 65  0  1  0
 3  0      0 12850704 258560 2190584    0    0    14   365 10118 17008 29  5 64  0  2  0
 3  0      0 12850464 258560 2194356    0    0     0   503 10185 17101 29  5 64  0  1  0
 2  0      0 12851244 258560 2191224    0    0     0   368 9958 16629 29  6 64  0  2  0
 8  0      0 12851500 258560 2192572    0    0     0   212 10079 16884 30  6 63  0  1  0
 0  0      0 12849740 258560 2192636    0    0     0   320 9765 16392 32  6 60  0  2  0
 0  0      0 12845504 258560 2196340    0    0     0   492 10014 16902 30  5 64  0  2  0
 0  0      0 12838504 258560 2196540    0    0     0   318 10279 17439 30  6 63  0  1  0
 2  0      0 12835744 258576 2196408    0    0     2   454 10909 18856 26  6 67  0  1  0
 2  0      0 12835128 258576 2196628    0    0     0   565 10614 18809 31  6 61  0  2  0
 0  0      0 12834196 258580 2194664    0    0     0   653 11002 19084 27  6 66  0  1  0
 0  0      0 12830740 258580 2196016    0    0     0   480 10978 19313 29  6 64  0  1  0
 0  0      0 12830124 258580 2196020    0    0     0   512 10563 18260 24  5 70  0  1  0
 0  0      0 12828632 258708 2192224    0    0    13   447 9395 16057 17  4 78  0  1  0
 0  0      0 12840212 258708 2197332    0    0    35   119 10484 18473 23  5 70  0  1  0
 1  0      0 12828704 258840 2197780    0    0    13    19 9366 15961 18  5 75  0  1  0
 2  0      0 12821900 258840 2194460    0    0     0   174 9153 15568 20  5 74  0  1  0
 1  0      0 12820892 258968 2195024    0    0    13  1375 9262 15700 16  5 78  0  1  0
 0  0      0 12820712 258968 2194088    0    0     0   360 9464 16249 21  6 71  0  2  0
 1  0      0 12818448 258968 2194632    0    0     0    10 9016 15295 13  5 81  0  1  0
 6  0      0 12820340 258968 2195848    0    0     0   849 9039 15380 14  5 80  0  1  0
 1  0      0 12819448 258968 2198024    0    0     0   258 8831 14998 11  4 84  0  1  0
 1  0      0 12837616 258968 2198608    0    0     3   394 8940 15149 12  4 82  0  1  0
 0  0      0 12832988 258968 2198552    0    0     0    55 8845 15008 13  5 82  0  1  0
 0  0      0 12832548 258968 2195384    0    0     0   953 9184 15639 14  5 79  0  1  0
 0  0      0 12831096 258968 2198200    0    0     0   341 8706 14697 12  4 83  0  1  0
 0  0      0 12832944 258968 2196420    0    0     0   414 8708 14759 12  4 83  0  1  0
 0  0      0 12830096 258968 2198260    0    0    34   447 8803 14961 14  5 80  0  1  0
 0  0      0 12830856 258968 2197484    0    0     0   804 5309 8617 13  3 83  0  1  0
 0  0      0 12830968 258972 2197356    0    0     0   340 8661 14369 22  5 71  0  1  0
 7  0      0 12831596 258972 2195572    0    0     0   352 8228 13522 22  5 71  0  1  0
 7  0      0 12829584 258972 2196180    0    0     0   345 8437 13893 23  5 71  0  1  0
 1  0      0 12831148 258972 2196236    0    0     0   260 8804 14452 24  5 70  0  1  0
 5  0      0 12830436 258972 2195008    0    0     0   424 8720 14270 24  5 70  0  1  0
 0  0      0 12831192 258972 2195064    0    0     0   460 8701 14231 25  5 69  0  1  0
 1  0      0 12831660 258988 2195324    0    0    22   564 8839 14470 24  4 70  0  1  0
 2  0      0 12831820 258988 2194100    0    0     0   333 8777 14385 25  5 69  0  1  0
 1  0      0 12832524 258988 2193812    0    0    12   382 8630 14165 26  5 68  0  1  0
 0  0      0 12833540 258988 2193356    0    0     0   439 8030 13115 24  5 70  0  1  0
 0  0      0 12833580 258988 2193492    0    0     0   467 8616 14122 27  5 67  0  1  0
 3  0      0 12835364 258988 2193264    0    0     0   254 8729 14326 28  5 67  0  1  0
 2  0      0 12833720 258988 2193784    0    0     0   405 8589 14017 28  4 66  0  1  0
 1  0      0 13579812 258988 2166912    0    0   161    89 6973 11250 23  5 71  0  1  0
 0  0      0 13675416 258988 2166620    0    0     0   272 6382 10412 15  4 79  0  1  0
 1  0      0 13676172 258988 2166636    0    0     0     5 2545 3571  9  2 89  0  1  0
 1  0      0 13676504 258988 2166660    0    0     0    55 2529 3554  8  2 89  0  1  0
 1  0      0 13705412 258988 2166692    0    0     0    82 2656 3892  8  2 90  0  0  0
 1  0      0 13705480 258988 2166600    0    0     0    10 1345 1818  5  1 94  0  0  0
 1  0      0 13705732 258988 2166612    0    0     0    31 1351 1830  5  1 94  0  0  0
 0  0      0 13705732 258988 2166620    0    0     0     4 1341 1794  5  1 94  0  0  0
 1  0      0 13705732 258988 2166632    0    0     0     3 1345 1819  5  1 94  0  0  0
 0  0      0 13705984 258988 2166644    0    0     0     9 1322 1786  5  1 94  0  0  0
 0  0      0 13705984 258988 2166652    0    0     0     1 1327 1796  5  1 94  0  0  0
 0  0      0 13705984 258988 2166664    0    0     0     0 1330 1779  5  1 94  0  0  0
 0  0      0 13705984 258988 2166672    0    0     0     6 1328 1813  5  1 94  0  0  0
 0  0      0 13705984 258988 2166684    0    0     0     0 1353 1815  5  0 94  0  0  0
 0  0      0 13705984 258988 2166696    0    0     0     1 1355 1821  5  1 94  0  0  0
 0  1      0 13732304 259700 2167164    0    0    75    78 1511 2170  5  1 93  1  0  0
 1  0      0 13385964 260768 2193648    0    0  1231   260 3997 6399 32  3 57  7  1  0
 2  0      0 13323528 261176 2197132    0    0     4     9 4313 6877 31  4 65  0  1  0
 1  0      0 13351888 261804 2201488    0    0     8   294 6498 10994 39  5 54  0  1  0
 2  0      0 13263112 263168 2208704    0    0    71  1060 6741 11423 40  6 52  1  1  0
 3  0      0 12842072 269344 2214424    0    0   122   400 5767 9598 48  5 46  0  1  0
 2  0      0 12509212 273636 2218472    0    0    12  1949 5772 9605 51  4 44  0  1  0
 2  0      0 12510032 273764 2219144    0    0     0   908 6552 10650 47  7 44  1  1  0
 2  0      0 12500816 273924 2224700    0    0     0   762 5645 9359 51  4 44  0  1  0
 1  0      0 12449856 274676 2226364    0    0     0   292 5096 8121 44  5 50  0  1  0
 4  0      0 12652968 277232 2241056    0    0     8   383 6562 11104 53  5 40  0  1  0
 2  0      0 12638216 280408 2269580    0    0    12   345 8213 14463 55  6 37  0  1  0
 3  0      0 12637964 280580 2270696    0    0     0   258 8618 15547 40  5 54  0  1  0
 4  0      0 12626700 280636 2274236    0    0   625   803 6049 10215 68  4 26  0  2  0
 3  0      0 12629604 280756 2275592    0    0     9  3078 5435 9049 73  3 23  0  1  0
 4  0      0 12620512 280944 2276488    0    0     4   402 5199 8470 66  5 27  0  2  0
 1  0      0 12626360 281080 2278848    0    0     0   272 4988 7859 46  6 46  0  1  0
 1  0      0 12628236 281116 2278788    0    0     0    72 6074 10724 33  6 60  0  1  0
 2  0      0 12626552 281324 2279636    0    0    18   188 5340 9039 34  5 59  2  1  0
 0  0      0 12631948 281420 2277316    0    0     2   334 6104 10323 34  5 60  0  1  0
 2  0      0 12627440 281424 2277480    0    0     0    18 5101 8412 31  3 65  0  1  0
 2  0      0 12627440 281448 2277932    0    0     0    19 5759 9740 48  3 48  0  1  0
 1  0      0 12603520 281620 2279168    0    0     0   185 4995 8191 51  2 46  0  1  0
 2  0      0 12463340 285852 2289908    0    0     2    63 4997 8100 44  7 47  0  1  0
 1  0      0 12328100 286132 2290968    0    0    24    41 4912 8017 60  3 36  0  1  0
 2  0      0 12328132 286204 2292320    0    0     0   740 3099 4337 51  4 45  0  1  0
 4  0      0 12385584 286304 2292716    0    0     0   671 4386 7030 68  2 29  0  1  0
 3  0      0 12369500 286444 2291808    0    0    15    71 4851 7512 67  3 29  0  1  0
 1  0      0 12368784 286628 2292356    0    0     0   278 4310 6655 54  4 40  0  1  0
 2  0      0 12271412 286808 2299472    0    0     1    30 7079 12346 60  3 36  0  1  0
 3  0      0 12320852 296968 2313380    0    0     5    94 8066 14468 58  3 37  0  1  0
 2  0      0 12320796 297416 2320680    0    0     2  1313 9470 17145 70  4 25  0  1  0
 3  0      0 12317956 298368 2325456    0    0     0   710 10014 18319 73  3 23  0  1  0
 3  0      0 12294448 302480 2353948    0    0    13   770 9349 17036 81  3 15  0  1  0
 4  0      0 12293780 302692 2355124    0    0     2   876 8031 14337 79  2 18  0  1  0
 2  0      0 12279680 303524 2358752    0    0     0   659 7677 13812 73  4 22  0  1  0
 2  0      0 12262100 305008 2360040    0    0    29  1609 8479 15264 62  5 32  0  1  0
 3  0      0 12249140 308560 2364472    0    0   262  1494 5947 10229 52  6 41  0  1  0
 2  0      0 12263040 308988 2365244    0    0    67   139 5092 8612 48  4 46  1  1  0
 3  0      0 12279180 309124 2369856    0    0     0   207 4468 7309 52  2 45  0  1  0
 3  0      0 12272804 309260 2376652    0    0     0   648 2031 2412 50  2 47  0  1  0
 4  0      0 12268880 309328 2380936    0    0     0   127 2110 2607 47  2 50  0  1  0
 1  0      0 12252188 309932 2383336    0    0    46   654 2569 3387 52  5 42  0  1  0
 1  0      0 12242628 310468 2393200    0    0     0   930 2294 2847 58  2 39  0  1  0
 2  0      0 12246616 310672 2401748    0    0     0   594 2664 3694 53  2 44  0  1  0
 1  0      0 12253648 310712 2402044    0    0     0   144 2760 4019 55  2 42  0  1  0
 2  0      0 13412024 311056 2402444    0    0     0   895 2910 4344 33  3 63  0  1  0
 3  0      0 13402068 311060 2402660    0    0     0   909 8697 15816 42  4 53  0  1  0
 3  0      0 13398288 311068 2402832    0    0     0    36 2690 3603 57  4 37  0  1  0
 2  0      0 13402184 311656 2402616    0    0     0    90 2380 3048 56  3 40  0  1  0
 3  0      0 13397044 311712 2403404    0    0     0    44 3460 5077 47  4 48  0  1  0
 2  0      0 13384948 312092 2403196    0    0     0    40 3952 6145 48  4 46  0  1  0
 3  0      0 13391192 312180 2402724    0    0     0    38 2191 2430 51  5 43  0  1  0
 3  0      0 13387664 312220 2403068    0    0     0    99 4242 6688 39  4 56  0  1  0
 2  0      0 13387664 312380 2403508    0    0     0    15 3258 4710 42  4 54  0  1  0
 3  0      0 13399496 312388 2402744    0    0     0    21 2449 2978 47  5 47  0  1  0
 4  0      0 13395828 312392 2402888    0    0     0    36 1851 1821 65  5 30  0  1  0
 2  0      0 13395276 312392 2402992    0    0     0     4 3167 4456 62  5 32  0  1  0
 2  0      0 13394308 312396 2403160    0    0     0    14 3338 4770 59  5 35  0  1  0
 2  0      0 13405172 312400 2403284    0    0     0    79 2054 2497 53  3 43  0  1  0
 2  0      0 13402580 312404 2403352    0    0     0     7 2553 3350 55  4 41  0  1  0
 2  0      0 13398148 312404 2403384    0    0     0    14 1883 1885 44  5 50  0  1  0
 1  0      0 13404988 312408 2403716    0    0     0    59 3553 5457 36  4 59  0  1  0
 1  0      0 13395432 312408 2403700    0    0     0     8 2765 4189 34  3 63  0  1  0
 1  0      0 13402860 312420 2403884    0    0     0     6 2948 4547 38  2 59  0  1  0
 1  0      0 13394796 312424 2404128    0    0     0   100 3324 5298 42  2 55  0  1  0
 2  0      0 13394292 312428 2404428    0    0     0    18 4090 6741 47  2 50  0  1  0
 2  0      0 13408364 312456 2404332    0    0     0    24 4378 7513 41  2 56  0  1  0
 1  0      0 13405752 312472 2404332    0    0     0   105 5888 10364 31  3 65  0  1  0
 1  0      0 13424528 312508 2404308    0    0     0    20 3895 6173 25  3 71  0  1  0
 2  0      0 13396656 312528 2404332    0    0     0    14 3356 5063 34  3 62  0  1  0
 1  0      0 13396656 312532 2404428    0    0     0    98 2506 3417 41  3 56  0  1  0
 1  0      0 13408560 312532 2404144    0    0    13    15 1957 2545 33  2 65  0  1  0
 1  0      0 13409064 312532 2404144    0    0     0    22 1446 1651 29  1 69  0  0  0
 1  0      0 13406948 312532 2404144    0    0     0    36 1469 1696 29  1 69  0  0  0
 1  0      0 13407200 312532 2404144    0    0     0     4 1467 1677 29  1 70  0  1  0
 1  0      0 13420484 312532 2404144    0    0     0     0 1320 1426 30  1 69  0  1  0
 1  0      0 13420516 312532 2404156    0    0     0     0  428  168 25  0 75  0  0  0
 1  0      0 13420516 312532 2404156    0    0     0     6  417  147 25  0 75  0  0  0
 1  0      0 13420516 312532 2404156    0    0     0     1  417  147 25  0 75  0  0  0
 1  0      0 13420516 312532 2404156    0    0     0     1  419  151 25  0 75  0  0  0
 1  0      0 13420516 312532 2404156    0    0     0     0  419  149 25  0 75  0  0  0
 1  0      0 13420516 312532 2404156    0    0     0     2  409  146 25  0 75  0  0  0
 1  0      0 13420516 312532 2404160    0    0     0     1  474  251 25  0 75  0  0  0
 1  0      0 13420516 312532 2404160    0    0     0     0  419  148 25  0 75  0  0  0
 1  0      0 13372448 312740 2411888    0    0   155     0  917  906 22  3 74  1  1  0
