procs -----------memory---------- ---swap-- -----io---- -system-- -------cpu-------
 r  b   swpd   free   buff  cache   si   so    bi    bo   in   cs us sy id wa st gu
 4  0      0 5338728 1005804 9394520    0    0   119   564 4007   17 43  3 51  1  1  0
11  0      0 5074608 1005988 9382644    0    0     0  1445 5406 10303 89  9  0  0  1  0
 8  0      0 4887800 1005988 9394356    0    0     0   264 11393 23740 89  9  1  0  2  0
15  0      0 4428096 1006144 9423396    0    0     0  6297 12872 27524 86 11  1  0  1  0
10  0      0 4550984 1006204 9423780    0    0     1   620 15304 33798 84 12  3  0  1  0
 9  0      0 4441888 1006260 9422736    0    0     0   777 15329 32829 86 12  1  0  1  0
14  0      0 4424068 1006384 9441280    0    0     0  1596 14951 31979 89  9  1  0  1  0
13  0      0 4385164 1006456 9453728    0    0     0  1268 16055 34772 89  9  1  0  1  0
21  0      0 4604052 1006460 9425368    0    0     0  3128 15408 33734 89  9  1  0  2  0
11  0      0 4473288 1006576 9432592    0    0     0   406 14416 31227 89  9  1  0  1  0
13  0      0 4431980 1006600 9442072    0    0     0   789 16153 35673 89  8  1  0  2  0
15  0      0 4448900 1006732 9445096    0    0     0   402 14564 31422 89  8  0  0  2  0
18  0      0 4382800 1006788 9447608    0    0     0  1618 14957 32409 88 10  1  0  2  0
12  0      0 4400556 1006884 9452104    0    0     0   812 15244 33365 88 10  1  0  1  0
11  0      0 4539752 1006900 9450576    0    0     0   296 14309 30214 89 10  0  0  1  0
13  0      0 4492964 1006932 9446196    0    0     0   317 14658 31426 89 10  0  0  1  0
12  0      0 4452856 1006944 9463924    0    0     0   782 13679 30084 91  8  0  0  1  0
15  0      0 4433332 1007016 9474324    0    0     0   843 14491 31169 90  8  0  0  1  0
12  0      0 4342984 1007268 9478720    0    0     0  2921 13157 28118 90  9  0  0  1  0
 9  0      0 4280496 1008488 9462908    0    0     0   888 13789 29188 89  8  1  0  1  0
 9  0      0 4148636 1009244 9465148    0    0     0   305 13466 28753 90  8  1  0  1  0
 9  0      0 3893448 1009868 9466924    0    0     0   601 14129 30679 90  9  0  0  1  0
 7  0      0 3775212 1011276 9467188    0    0     0  2659 14318 30772 89  9  1  0  1  0
 7  0      0 3553404 1011588 9471184    0    0     0   219 10834 21863 92  7  0  0  1  0
12  0      0 3367268 1011716 9471764    0    0     0   252 10650 21634 90  8  1  0  1  0
14  0      0 3164696 1012652 9470520    0    0     0   100 10393 21384 87 12  1  0  1  0
 9  0      0 3030412 1012888 9470136    0    0     0  1642 11485 23739 85 12  1  0  2  0
 9  0      0 2956656 1012888 9471916    0    0     0   189 10287 20813 90  8  1  0  1  0
10  0      0 2935308 1013048 9472640    0    0     0   154 10252 20731 91  7  1  0  1  0
10  0      0 2944636 1013132 9471152    0    0     0  1402 11468 23413 87 10  1  0  1  0
 5  1      0 2966604 1013528 9472132    0    0     0   770 12914 27789 87 10  2  0  1  0
11  0      0 2986152 1013540 9470752    0    0     0   640 13233 27874 84 10  3  1  1  0
10  0      0 2973716 1013716 9472820    0    0     0   524 9376 18369 91  7  0  0  1  0
 6  0      0 3003672 1013724 9474100    0    0     0    50 6647 12418 95  4  0  0  1  0
 7  0      0 2999636 1013812 9474928    0    0     0   122 7222 13596 94  4  0  0  1  0
 7  0      0 3000204 1013812 9478440    0    0     0   652 6565 12078 95  4  0  0  1  0
 6  0      0 2935248 1013936 9480396    0    0     0   332 6732 12440 94  5  0  0  1  0
 6  0      0 2878172 1014212 9481900    0    0     0    98 6908 12962 89  7  3  0  1  0
 7  0      0 2803688 1014236 9482164    0    0     0   747 6339 11727 90  7  1  0  1  0
 3  0      0 3270104 1015732 9485908    0    0     0   191 6671 12386 88  7  5  0  1  0
 6  0      0 3286468 1018596 9516720    0    0     0   254 7621 14724 81  6 11  0  2  0
 6  0      0 3278688 1019920 9548308    0    0     0  1110 8377 16265 86  5  7  0  2  0
 1  0      0 3257272 1024108 9570084    0    0     0   311 8675 16451 77  6 15  0  2  0
 5  0      0 3243784 1024252 9568124    0    0     0  2642 11332 21044 55  6 37  0  2  0
 4  1      0 3247400 1024264 9567236    0    0     0  3483 6111 11193 91  4  3  0  1  0
 4  0      0 3253588 1024280 9566884    0    0     0  1626 3534 5647 89  2  7  0  1  0
 2  0      0 3255324 1024312 9567152    0    0     0    18 3108 4798 76  3 19  0  2  0
 2  0      0 3236272 1024420 9568744    0    0     0   294 3647 5467 56  6 36  0  2  0
 5  0      0 3213928 1024460 9569072    0    0     0     4 3443 5058 58  5 35  0  2  0
 4  0      0 3206564 1024508 9578240    0    0     0    66 3449 5082 61  5 30  0  4  0
 2  0      0 3214060 1024552 9580376    0    0     0  1042 5984 10208 28  6 63  0  2  0
 1  0      0 3207940 1024796 9581344    0    0     0   178 5778 10015 29  6 64  0  2  0
 0  0      0 3206812 1024808 9581860    0    0     0   113 5319 8605 23  6 69  0  2  0
 1  0      0 3200608 1024808 9582428    0    0     0   630 5376 8721 25  6 67  0  2  0
 2  0      0 3203340 1024808 9581808    0    0     0    83 3041 4440 50  3 45  0  2  0
 2  0      0 3196312 1024812 9582536    0    0     0    32 2835 4024 57  3 38  0  1  0
 2  0      0 3179120 1024928 9582808    0    0     0   183 2656 3584 54  3 40  0  2  0
 3  0      0 3067568 1026032 9588708    0    0     0    50 2793 3745 49  6 42  0  3  0
 2  0      0 3041352 1032072 9605100    0    0    10   122 3482 4940 44 14 39  0  3  0
 3  0      0 2849368 1032224 9605664    0    0     0  1107 2832 3800 53  7 37  0  3  0
 2  0      0 2758852 1032300 9606100    0    0     0   350 2966 4284 55  6 38  0  1  0
 4  0      0 2800292 1032400 9608468    0    0     0   916 2667 3454 49  7 42  0  2  0
 2  0      0 2863804 1032400 9608516    0    0     0   460 2630 3423 53  4 42  0  2  0
 2  0      0 2869320 1032512 9608724    0    0     0   114 2674 3443 52  4 42  0  2  0
 8  0      0 2898580 1032532 9610256    0    0     0   313 3298 4326 65  6 27  0  2  0
 2  0      0 2917796 1032532 9610252    0    0     0    65 2190 2483 54  3 42  0  1  0
 3  0      0 2791220 1033432 9616400    0    0     0    29 2861 3674 50  8 40  0  2  0
 2  0      0 2658404 1033652 9625552    0    0     0   169 2635 3264 52  6 40  0  3  0
 2  0      0 2789120 1036548 9628360    0    0     0     8 2652 3304 52  6 39  0  3  0
 2  0      0 2799288 1040188 9632168    0    0     1   596 2881 3623 52  5 40  0  1  0
 2  0      0 2815064 1040496 9637484    0    0     0   905 2899 3741 56  5 38  0  1  0
 1  0      0 2815964 1041476 9645960    0    0     0   385 2874 3727 47  6 45  0  3  0
 3  0      0 2775152 1042368 9657272    0    0     0   983 2884 3704 48  6 43  0  3  0
 3  0      0 2780544 1043148 9664316    0    0     0   312 2711 3465 54  4 40  0  1  0
 2  0      0 2789284 1043148 9663916    0    0     0   863 2273 2601 54  4 40  0  1  0
 4  0      0 2793020 1043532 9664912    0    0     0   942 2672 3378 52  6 40  0  2  0
 2  0      0 2783012 1044144 9668828    0    0     0   991 2944 3912 47  7 43  0  3  0
 2  0      0 2739796 1045852 9672748    0    0     0    12 3219 4341 26  8 62  0  4  0
 1  0      0 2711996 1048272 9681040    0    0     2   500 3462 4701 39 14 45  0  2  0
 2  0      0 2689740 1049024 9682864    0    0    14   540 2855 3729 45  9 45  0  2  0
 3  0      0 2735268 1049340 9690268    0    0     0   131 2510 3054 56  6 33  0  5  0
 5  0      0 2749824 1049532 9697496    0    0     0  1018 2620 3217 57  5 34  1  3  0
 2  0      0 2753572 1049744 9704716    0    0     0   225 2665 3443 57  5 36  0  2  0
 2  0      0 2751332 1049960 9711848    0    0     0   523 1808 1694 54  4 39  0  3  0
 2  0      0 2756120 1050164 9719044    0    0     0   948 1947 1836 54  3 41  0  2  0
 3  0      0 2745468 1050368 9725992    0    0     0   657 1935 1870 52  5 41  0  1  0
 2  0      0 2732924 1050480 9726684    0    0     0   642 1883 1922 52  6 40  0  2  0
 2  0      0 2713824 1051108 9737688    0    0     0  1012 1878 1923 54  3 41  0  1  0
 2  0      0 2694012 1051516 9755548    0    0     0   734 1852 1858 55  4 40  0  1  0
 3  0      0 2830952 1051544 9590496    0    0     0   158 5063 7712 41  8 40  9  3  0
 2  0      0 2831240 1051544 9590504    0    0     0  1251 1825 1669 54  3 41  0  1  0
 2  0      0 2853476 1051544 9590572    0    0     0  1570 1737 1768 55  2 41  0  1  0
 6  0      0 4779784 1051544 9586820    0    0     0  1750 2663 3765 60 14 22  0  3  0
 8  0      0 4379224 1051716 9611496    0    0     1   973 6967 14250 78 12  8  1  1  0
 2  0      0 3864752 1051788 9643512    0    0     0   160 8946 19854 64 11 23  0  2  0
 1  0      0 3856472 1051940 9635036    0    0     0    44 9567 20658 65 10 23  0  2  0
 5  0      0 3796040 1051952 9643100    0    0     0   593 10231 22265 62  9 27  0  2  0
 7  0      0 3812364 1051968 9641616    0    0     0  2920 10275 22380 65 11 23  0  2  0
 3  0      0 3854584 1052008 9643376    0    0     0   412 9351 20823 67 11 18  0  3  0
 5  0      0 3644092 1052516 9653196    0    0     0   891 9890 22051 69 10 19  0  2  0
 8  0      0 3406408 1054628 9643512    0    0     0   491 8193 17075 62  7 28  0  2  0
 4  0      0 3047288 1055032 9650332    0    0     0   438 7544 15107 61  6 30  0  3  0
 7  0      0 3034284 1055164 9653536    0    0     0  2086 8201 16962 65  6 27  0  2  0
 6  0      0 3023036 1055212 9655852    0    0     0  1122 9675 19851 67  9 19  1  3  0
10  0      0 2783108 1055220 9653300    0    0     0   930 8189 17724 75  9 13  1  2  0
 5  0      0 2771980 1055252 9654096    0    0     0   496 9536 21627 68  8 23  0  1  0
 5  0      0 2769360 1055268 9657744    0    0     0   451 8996 18737 74  5 21  0  1  0
 5  0      0 2733528 1055468 9659700    0    0     0   505 9566 19780 77  6 15  0  2  0
 6  0      0 2692452 1055620 9660140    0    0     0  1086 8438 17655 75  6 17  0  2  0
 4  0      0 2914836 1056072 9669164    0    0     0   386 8839 18573 71  6 21  0  2  0
 3  0      0 2917880 1056708 9686692    0    0     0   136 7440 15685 74  6 17  0  2  0
 5  0      0 2902184 1057532 9697612    0    0     0   888 5636 11447 65  6 26  0  3  0
 4  0      0 2909532 1057532 9697728    0    0     0  1160 6941 12996 55  6 37  0  2  0
 3  0      0 2904824 1057532 9698324    0    0     0  1620 5433 10116 71  4 23  0  3  0
 6  0      0 3288776 1057548 9700044    0    0     0  2356 7652 15060 69  6 22  0  3  0
 3  0      0 3308396 1057560 9698992    0    0     0   888 6991 14121 66  6 24  0  3  0
 6  0      0 3274068 1057612 9699628    0    0     0   135 6622 13290 63  6 27  0  4  0
 4  0      0 3297208 1057624 9698704    0    0     0   457 7606 15323 69  6 22  0  2  0
11  0      0 3293476 1057636 9700972    0    0     0   765 7231 14687 73  5 21  0  2  0
 7  0      0 3278488 1057708 9702348    0    0     0   210 8700 20282 62  7 27  0  4  0
 5  0      0 3275496 1057768 9701192    0    0     0   628 8759 19240 61  7 29  0  3  0
 3  0      0 3267572 1057860 9700104    0    0     0   762 8740 16879 61  6 29  0  3  0
 4  0      0 3267028 1057860 9702628    0    0     0   334 9061 16925 56  6 33  0  5  0
 7  0      0 3269628 1057888 9703112    0    0     0   393 6404 12644 71  5 21  0  3  0
 7  0      0 3275996 1057908 9705472    0    0     0   525 6735 13532 73  5 20  0  2  0
 3  0      0 3250508 1057908 9704224    0    0     0   282 7371 15012 78  5 14  0  3  0
 7  0      0 3229968 1057984 9703648    0    0    13   351 7094 14896 83  5 10  0  2  0
 5  0      0 3250452 1058056 9704280    0    0     0   426 8637 18341 85  5  8  0  1  0
 3  0      0 3160440 1059060 9707628    0    0     0   556 8407 17245 74  9 14  0  2  0
12  0      0 3174964 1059628 9719112    0    0     0   308 7475 15098 75 10 11  0  3  0
 7  0      0 3145400 1059652 9714428    0    0     0   939 8974 18248 79  7 12  0  2  0
11  0      0 3039184 1059676 9721016    0    0     0   511 10078 20968 80  7 11  0  2  0
 5  0      0 2936016 1059784 9716920    0    0     0   555 10141 20843 83  6  9  0  1  0
 8  0      0 3068684 1059920 9718052    0    0     0   696 10349 21459 84  6  9  0  1  0
 7  0      0 3079216 1059924 9718516    0    0     0   545 9248 18964 84  6  8  0  2  0
 7  0      0 3073968 1059936 9725156    0    0     0   592 10059 21165 85  5  8  0  1  0
 9  0      0 3004348 1059972 9726140    0    0     0   457 10022 20999 86  6  7  0  1  0
 9  0      0 3062960 1060000 9727288    0    0     0   475 8265 17119 85  5  8  0  2  0
 6  0      0 3085500 1060032 9725328    0    0     0   892 8972 18565 85  6  7  0  1  0
 3  0      0 2960208 1060208 9729844    0    0     0   471 7532 16197 73  7 18  0  2  0
 3  0      0 2980464 1060272 9732772    0    0     0   536 7417 15878 74  6 18  0  3  0
 5  0      0 3036684 1061160 9732048    0    0     0   824 8266 17923 72  7 19  0  2  0
 2  0      0 3053208 1061544 9731620    0    0     0   918 8281 17486 70  6 22  0  2  0
 2  0      0 3024624 1061644 9736276    0    0     0   920 6395 13326 62  6 29  0  3  0
 2  0      0 3013580 1061776 9734548    0    0     0   613 5793 11111 55  6 36  0  3  0
 3  0      0 3043300 1061804 9747368    0    0     0   649 5728 11847 63  5 30  0  2  0
 2  0      0 3027400 1061856 9747736    0    0     0   483 5252 10711 68  5 25  0  3  0
 2  0      0 3047756 1061856 9747964    0    0     0   130 5405 11258 75  4 19  0  2  0
 2  0      0 3039572 1061932 9744024    0    0     0  1892 6248 12723 66  8 24  0  2  0
 1  0      0 3042104 1062172 9746972    0    0     0   554 6069 11809 57  5 35  0  3  0
 1  0      0 3034972 1062576 9749972    0    0     0    23 8805 15094 34  8 54  0  3  0
 1  0      0 3021672 1063432 9752668    0    0     0  1018 6733 12636 58 10 29  0  2  0
 7  0      0 3013836 1063648 9755532    0    0     0   730 3493 6543 67  6 25  0  2  0
 4  0      0 3049212 1063700 9759948    0    0     0   221 8292 16826 87  5  6  0  1  0
 5  0      0 3061980 1063804 9760304    0    0     0   300 6500 13023 89  4  5  0  2  0
12  0      0 3057340 1064344 9766120    0    0     0  1126 4344 8968 85  4  9  0  2  0
 8  0      0 3055692 1064356 9767504    0    0     0   648 4918 9815 83  4 11  0  2  0
 5  0      0 3053324 1064416 9772884    0    0     0   503 4911 9735 78  4 16  0  2  0
 9  0      0 3033112 1064648 9776204    0    0     0  1214 4704 9580 78  4 15  0  2  0
 5  0      0 3012356 1064808 9779104    0    0     0   783 4300 8520 83  6 10  0  2  0
 5  0      0 3027172 1064956 9777940    0    0     0   761 5368 10976 87  5  6  0  2  0
 8  0      0 3022084 1065064 9782208    0    0     0  1013 4610 9096 71  5 20  0  4  0
 5  0      0 3017512 1065284 9783844    0    0     0   781 5947 11802 76  4 17  0  2  0
11  0      0 3015604 1065384 9794928    0    0     0   493 5570 10999 79  4 15  0  2  0
 6  0      0 3010372 1065396 9797844    0    0     0   490 5482 10890 80  4 14  0  2  0
 3  0      0 3002508 1065404 9795244    0    0     0   932 4812 9435 80  4 14  0  2  0
 6  0      0 4095812 1065404 9794024    0    0     0  1297 4507 8788 80  5 13  0  2  0
 8  0      0 4094612 1065404 9794364    0    0     0   697 5022 9878 74  5 19  0  3  0
 5  0      0 4092872 1065404 9794428    0    0     0   224 5601 11095 77  4 17  0  2  0
 8  0      0 4098584 1065404 9793464    0    0     0   296 5839 11646 77  5 16  0  2  0
 1  0      0 4112932 1065404 9793232    0    0     0   588 5651 10998 72  5 21  0  2  0
 3  0      0 4182136 1065404 9792716    0    0     0   348 4079 7122 61  4 32  0  2  0
