 16:31:18 up 10:39,  0 user,  load average: 2.57, 3.37, 5.45
12 x busy.sh 120s; probe settrace 3 reps, timeout 115s
rep 0 FAIL the maximum-length train did not complete elapsed_ms 6833 polls {'resp': 4, 'init': 572} bounded waits role:[n,max_ms,n>100ms,n_false] {'resp': [3, 1513, 2, 3], 'init': [4, 1643, 3, 3]}
   fault ('UART_init', 81, ('no ACK for frame', 1), 38401627)
   fault ('UART_resp', 22, ('train stalled at chunk', 2), 38403262)
   ticker: n 290 top gaps (gap_ms, at_ms_since_set): [(1860, 66), (1404, 2147), (170, 1977), (51, 1926), (47, 5046), (24, 3725), (20, 3628), (19, 3706), (17, 4241), (17, 3797), (17, 3598), (16, 4975)]
   slowstep ('UARTLink.transmit', 190, 'ms at', 355, 'chunk', 1)
   slowstep ('UARTLink._advance', 1512, 'ms at', 1900, 'chunk', 1)
   slowstep ('UART._rx_level', 1519, 'ms at', 1903, 'chunk', 1)
   slowstep ('UART._rx_level', 54, 'ms at', 2036, 'chunk', 1)
   slowstep ('UART._buffered', 54, 'ms at', 2036, 'chunk', 1)
   slowstep ('UARTLink.transmit', 110, 'ms at', 2279, 'chunk', 1)
   slowstep ('UARTLink._advance', 1199, 'ms at', 3541, 'chunk', 1)
   slowstep ('UART._rx_level', 1219, 'ms at', 3542, 'chunk', 1)
   long ('uart_set start', 'mem_free', 14089568)
   long ('init', 1547, False, 'mem_free before/after', 14063168, 13962144, 'chunk', 1, 't_since_set', 1909)
   long ('resp', 1241, False, 'mem_free before/after', 13892768, 13805280, 'chunk', 1, 't_since_set', 3544)
   long ('init', 1643, True, 'mem_free before/after', 13957856, 13780928, 'chunk', 1, 't_since_set', 3557)
   long ('resp', 1513, False, 'mem_free before/after', 13800992, 10045024, 'chunk', 1, 't_since_set', 5059)
   long ('init', 1528, False, 'mem_free before/after', 13774208, 10037248, 'chunk', 1, 't_since_set', 5093)
   long ('uart_set end', 5093, 'ms')
   lastwait ('init', 9, 26, False)
   lastwait ('resp', 9, 22, False)
   lastwait ('init', 1000, 1547, False)
   lastwait ('resp', 1000, 1241, False)
   lastwait ('init', 1500, 1643, True)
   lastwait ('resp', 1500, 1513, False)
   lastwait ('init', 1500, 1528, False)
rep 1 FAIL the maximum-length train did not complete elapsed_ms 7746 polls {'resp': 3, 'init': 382} bounded waits role:[n,max_ms,n>100ms,n_false] {'resp': [3, 1571, 2, 3], 'init': [4, 1980, 3, 3]}
   fault ('UART_init', 81, ('no ACK for frame', 1), 38409008)
   fault ('UART_resp', 22, ('train stalled at chunk', 2), 38410838)
   ticker: n 233 top gaps (gap_ms, at_ms_since_set): [(2187, 52), (1654, 2461), (150, 4115), (130, 4365), (116, 2239), (106, 2355), (68, 4599), (64, 4301), (60, 4495), (44, 4555), (36, 4265), (28, 4667)]
   slowstep ('UARTLink.transmit', 150, 'ms at', 254, 'chunk', 1)
   slowstep ('UARTLink._advance', 1868, 'ms at', 2155, 'chunk', 1)
   slowstep ('UART._rx_level', 1871, 'ms at', 2158, 'chunk', 1)
   slowstep ('UARTLink.transmit', 187, 'ms at', 2657, 'chunk', 1)
   slowstep ('UARTLink._advance', 1277, 'ms at', 3977, 'chunk', 1)
   slowstep ('UART._rx_level', 1315, 'ms at', 4006, 'chunk', 1)
   slowstep ('UART._rx_level', 33, 'ms at', 4114, 'chunk', 1)
   slowstep ('UART._rx_copy', 58, 'ms at', 4227, 'chunk', 1)
   slowstep ('UART._rx_level', 35, 'ms at', 4264, 'chunk', 1)
   slowstep ('UARTLink._advance', 32, 'ms at', 4298, 'chunk', 1)
   slowstep ('UART._rx_level', 33, 'ms at', 4299, 'chunk', 1)
   slowstep ('UART._rx_level', 61, 'ms at', 4363, 'chunk', 1)
   slowstep ('UART._rx_level', 57, 'ms at', 4555, 'chunk', 1)
   slowstep ('UARTLink._advance', 64, 'ms at', 4666, 'chunk', 1)
   slowstep ('UART._rx_level', 65, 'ms at', 4666, 'chunk', 1)
   long ('uart_set start', 'mem_free', 13994528)
   long ('init', 1886, False, 'mem_free before/after', 13968128, 13867104, 'chunk', 1, 't_since_set', 2178)
   long ('resp', 1338, False, 'mem_free before/after', 13798048, 13710528, 'chunk', 1, 't_since_set', 4008)
   long ('init', 1980, True, 'mem_free before/after', 13862816, 13685984, 'chunk', 1, 't_since_set', 4167)
   long ('resp', 1571, False, 'mem_free before/after', 13706240, 11184000, 'chunk', 1, 't_since_set', 5581)
   long ('init', 1505, False, 'mem_free before/after', 13679072, 10906272, 'chunk', 1, 't_since_set', 5735)
   long ('uart_set end', 5735, 'ms')
   lastwait ('init', 9, 27, False)
   lastwait ('resp', 9, 53, False)
   lastwait ('init', 1000, 1886, False)
   lastwait ('resp', 1000, 1338, False)
   lastwait ('init', 1500, 1980, True)
   lastwait ('resp', 1500, 1571, False)
   lastwait ('init', 1500, 1505, False)
rep 2 FAIL the maximum-length train did not complete elapsed_ms 7463 polls {'resp': 6, 'init': 498} bounded waits role:[n,max_ms,n>100ms,n_false] {'resp': [3, 1504, 2, 3], 'init': [4, 1586, 3, 3]}
   fault ('UART_init', 81, ('no ACK for frame', 1), 38416961)
   fault ('UART_resp', 22, ('train stalled at chunk', 2), 38418439)
   ticker: n 265 top gaps (gap_ms, at_ms_since_set): [(1865, 60), (1341, 2070), (122, 1948), (68, 3411), (62, 3575), (46, 3679), (42, 3637), (29, 3776), (27, 3725), (27, 3536), (26, 3844), (24, 3752)]
   slowstep ('UARTLink.transmit', 143, 'ms at', 277, 'chunk', 1)
   slowstep ('UARTLink._advance', 1558, 'ms at', 1863, 'chunk', 1)
   slowstep ('UART._rx_level', 1560, 'ms at', 1864, 'chunk', 1)
   slowstep ('UART._rx_copy', 30, 'ms at', 2006, 'chunk', 1)
   slowstep ('UART._rx_level', 30, 'ms at', 2069, 'chunk', 1)
   slowstep ('UARTLink.transmit', 102, 'ms at', 2203, 'chunk', 1)
   slowstep ('UARTLink._advance', 1131, 'ms at', 3369, 'chunk', 1)
   slowstep ('UART._rx_level', 1132, 'ms at', 3370, 'chunk', 1)
   long ('uart_set start', 'mem_free', 13997248)
   long ('init', 1586, False, 'mem_free before/after', 13970848, 13869824, 'chunk', 1, 't_since_set', 1894)
   long ('resp', 1166, False, 'mem_free before/after', 13800352, 13712864, 'chunk', 1, 't_since_set', 3372)
   long ('init', 1534, True, 'mem_free before/after', 13865536, 13688512, 'chunk', 1, 't_since_set', 3430)
   long ('resp', 1504, False, 'mem_free before/after', 13708576, 10428128, 'chunk', 1, 't_since_set', 4907)
   long ('init', 1509, False, 'mem_free before/after', 13681792, 10336000, 'chunk', 1, 't_since_set', 4971)
   long ('uart_set end', 4971, 'ms')
   lastwait ('init', 9, 33, False)
   lastwait ('resp', 9, 43, False)
   lastwait ('init', 1000, 1586, False)
   lastwait ('resp', 1000, 1166, False)
   lastwait ('init', 1500, 1534, True)
   lastwait ('resp', 1500, 1504, False)
   lastwait ('init', 1500, 1509, False)
fails 3 / 3
probe exit 0
 16:31:41 up 10:40,  0 user,  load average: 6.30, 4.17, 5.67
