rep 0 PASS elapsed_ms 6911 polls {'resp': 302, 'init': 299} bounded waits role:[n,max_ms,n>100ms,n_false] {'resp': [255, 143, 8, 1], 'init': [256, 156, 6, 1]}
   ticker: n 999 top gaps (gap_ms, at_ms_since_set): [(82, 6276), (76, 1864), (73, 3498), (69, 6367), (68, 3423), (62, 1947), (61, 166), (60, 1799), (59, 4902), (59, 3358), (58, 234), (50, 298)]
   slowstep ('UART._rx_level', 32, 'ms at', 160, 'chunk', 4)
   slowstep ('UARTLink._advance', 31, 'ms at', 202, 'chunk', 5)
   slowstep ('UART._rx_level', 55, 'ms at', 226, 'chunk', 5)
   slowstep ('UARTLink._advance', 37, 'ms at', 278, 'chunk', 5)
   slowstep ('UART._rx_level', 50, 'ms at', 291, 'chunk', 5)
   slowstep ('UART._rx_level', 44, 'ms at', 347, 'chunk', 6)
   slowstep ('UARTLink._advance', 31, 'ms at', 1836, 'chunk', 65)
   slowstep ('UART._rx_level', 53, 'ms at', 1857, 'chunk', 65)
   slowstep ('UARTLink._advance', 53, 'ms at', 1925, 'chunk', 66)
   slowstep ('UART._rx_level', 67, 'ms at', 1939, 'chunk', 66)
   slowstep ('UARTLink._advance', 45, 'ms at', 2000, 'chunk', 66)
   slowstep ('UART._rx_level', 54, 'ms at', 2008, 'chunk', 66)
   slowstep ('UARTLink._advance', 30, 'ms at', 2052, 'chunk', 67)
   slowstep ('UART._rx_level', 40, 'ms at', 2062, 'chunk', 67)
   slowstep ('UART._rx_level', 53, 'ms at', 3416, 'chunk', 126)
   slowstep ('UARTLink._advance', 50, 'ms at', 3480, 'chunk', 126)
   slowstep ('UART._rx_level', 59, 'ms at', 3490, 'chunk', 126)
   slowstep ('UARTLink._advance', 55, 'ms at', 3569, 'chunk', 127)
   slowstep ('UART._rx_level', 57, 'ms at', 3570, 'chunk', 127)
   slowstep ('UART._rx_level', 36, 'ms at', 3620, 'chunk', 127)
   slowstep ('UART._rx_level', 43, 'ms at', 4896, 'chunk', 186)
   slowstep ('UARTLink._advance', 36, 'ms at', 4945, 'chunk', 187)
   slowstep ('UART._rx_level', 52, 'ms at', 4960, 'chunk', 187)
   slowstep ('UART._rx_level', 35, 'ms at', 5009, 'chunk', 187)
   slowstep ('UART._rx_level', 38, 'ms at', 6271, 'chunk', 246)
   slowstep ('UARTLink._advance', 45, 'ms at', 6327, 'chunk', 247)
   slowstep ('UART._rx_level', 74, 'ms at', 6356, 'chunk', 247)
   slowstep ('UARTLink._advance', 58, 'ms at', 6434, 'chunk', 247)
   slowstep ('UART._rx_level', 59, 'ms at', 6435, 'chunk', 247)
   slowstep ('UART._rx_level', 34, 'ms at', 6481, 'chunk', 248)
   long ('uart_set start', 'mem_free', 15658496)
   long ('uart_set end', 6638, 'ms')
