rep 0 PASS elapsed_ms 7964 polls {'resp': 328, 'init': 311} bounded waits role:[n,max_ms,n>100ms,n_false] {'resp': [255, 391, 11, 1], 'init': [256, 437, 9, 1]}
   long ('uart_set start', 'mem_free', 14094176)
   long ('init', 437, True, 'mem_free before/after', 14069088, 13819168, 'chunk', 1, 't_since_set', 478)
   long ('resp', 391, True, 'mem_free before/after', 13919328, 13680928, 'chunk', 2, 't_since_set', 688)
   long ('init', 361, True, 'mem_free before/after', 13794848, 13557472, 'chunk', 2, 't_since_set', 868)
   long ('resp', 336, True, 'mem_free before/after', 13657632, 13419552, 'chunk', 3, 't_since_set', 1049)
   long ('init', 316, True, 'mem_free before/after', 13533440, 13296192, 'chunk', 3, 't_since_set', 1208)
   long ('resp', 195, True, 'mem_free before/after', 13396288, 13164192, 'chunk', 4, 't_since_set', 1266)
   long ('resp', 145, True, 'mem_free before/after', 14453952, 14227040, 'chunk', 62, 't_since_set', 2689)
   long ('init', 158, True, 'mem_free before/after', 14334848, 14108544, 'chunk', 62, 't_since_set', 2765)
   long ('resp', 123, True, 'mem_free before/after', 14203808, 13976608, 'chunk', 63, 't_since_set', 2827)
   long ('resp', 154, True, 'mem_free before/after', 14475584, 14243936, 'chunk', 124, 't_since_set', 4226)
   long ('init', 162, True, 'mem_free before/after', 14351712, 14125472, 'chunk', 124, 't_since_set', 4308)
   long ('resp', 155, True, 'mem_free before/after', 14220704, 13993664, 'chunk', 125, 't_since_set', 4395)
   long ('init', 146, True, 'mem_free before/after', 14101440, 13875200, 'chunk', 125, 't_since_set', 4467)
   long ('resp', 141, True, 'mem_free before/after', 14498656, 14260032, 'chunk', 186, 't_since_set', 5826)
   long ('init', 151, True, 'mem_free before/after', 14379616, 14141568, 'chunk', 186, 't_since_set', 5897)
   long ('resp', 122, True, 'mem_free before/after', 14236800, 14009760, 'chunk', 187, 't_since_set', 5959)
   long ('resp', 121, True, 'mem_free before/after', 14496672, 14269856, 'chunk', 248, 't_since_set', 7339)
   long ('init', 149, True, 'mem_free before/after', 14377632, 14151392, 'chunk', 248, 't_since_set', 7417)
   long ('resp', 146, True, 'mem_free before/after', 14246624, 14019584, 'chunk', 249, 't_since_set', 7497)
   long ('init', 134, True, 'mem_free before/after', 14127360, 13901120, 'chunk', 249, 't_since_set', 7564)
   long ('uart_set end', 7715, 'ms')
fails 0 / 1
