rep 0 PASS elapsed_ms 8133 polls {'resp': 341, 'init': 314} bounded waits role:[n,max_ms,n>100ms,n_false] {'resp': [255, 417, 10, 1], 'init': [256, 458, 11, 1]}
   ticker: n 983 top gaps (gap_ms, at_ms_since_set): [(264, 10), (208, 740), (204, 517), (200, 294), (166, 961), (154, 1144), (82, 5910), (78, 5999), (77, 4398), (75, 2798), (72, 7517), (72, 4316)]
   long ('uart_set start', 'mem_free', 14091936)
   long ('init', 458, True, 'mem_free before/after', 14066720, 13816256, 'chunk', 1, 't_since_set', 500)
   long ('resp', 417, True, 'mem_free before/after', 13916576, 13677632, 'chunk', 2, 't_since_set', 729)
   long ('init', 416, True, 'mem_free before/after', 13792064, 13553856, 'chunk', 2, 't_since_set', 952)
   long ('resp', 378, True, 'mem_free before/after', 13654144, 13415552, 'chunk', 3, 't_since_set', 1133)
   long ('init', 327, True, 'mem_free before/after', 13529696, 13291936, 'chunk', 3, 't_since_set', 1304)
   long ('resp', 221, True, 'mem_free before/after', 13392160, 13159552, 'chunk', 4, 't_since_set', 1378)
   long ('init', 114, True, 'mem_free before/after', 14541312, 14314784, 'chunk', 61, 't_since_set', 2792)
   long ('resp', 145, True, 'mem_free before/after', 14410208, 14182688, 'chunk', 62, 't_since_set', 2874)
   long ('init', 139, True, 'mem_free before/after', 14290624, 14063872, 'chunk', 62, 't_since_set', 2944)
   long ('resp', 122, True, 'mem_free before/after', 14159264, 13931744, 'chunk', 63, 't_since_set', 3008)
   long ('init', 129, True, 'mem_free before/after', 14512576, 14281344, 'chunk', 123, 't_since_set', 4391)
   long ('resp', 155, True, 'mem_free before/after', 14381536, 14149280, 'chunk', 124, 't_since_set', 4478)
   long ('init', 139, True, 'mem_free before/after', 14257184, 14030560, 'chunk', 124, 't_since_set', 4547)
   long ('resp', 123, True, 'mem_free before/after', 14125920, 13898496, 'chunk', 125, 't_since_set', 4613)
   long ('init', 144, True, 'mem_free before/after', 14433344, 14206944, 'chunk', 185, 't_since_set', 5993)
   long ('resp', 162, True, 'mem_free before/after', 14302304, 14074880, 'chunk', 186, 't_since_set', 6079)
   long ('init', 137, True, 'mem_free before/after', 14182784, 13956032, 'chunk', 186, 't_since_set', 6142)
   long ('resp', 102, True, 'mem_free before/after', 14520512, 14293312, 'chunk', 247, 't_since_set', 7511)
   long ('init', 145, True, 'mem_free before/after', 14401216, 14169760, 'chunk', 247, 't_since_set', 7592)
   long ('resp', 144, True, 'mem_free before/after', 14269952, 14037696, 'chunk', 248, 't_since_set', 7668)
   long ('init', 124, True, 'mem_free before/after', 14145600, 13918976, 'chunk', 248, 't_since_set', 7728)
   long ('uart_set end', 7883, 'ms')
fails 0 / 1
