PASS
== slow window ms 95 total calls 8420
    2120 digital_twin/rp2.py:_field
    848 digital_twin/rp2.py:_accept
    497 digital_twin/machine.py:append
    424 digital_twin/rp2.py:_push
    424 digital_twin/machine.py:_route
    424 digital_twin/machine.py:_channel
    424 digital_twin/rp2.py:_complete_one
    424 digital_twin/machine.py:record
    192 asyncio/core.py:__next__
    180 digital_twin/machine.py:_now_us
    172 digital_twin/machine.py:_pump
    172 digital_twin/machine.py:_advance
    172 digital_twin/machine.py:_update
    124 asyncio/core.py:wait_io_event
    97 asyncio/core.py:sleep_ms
    97 asyncio/core.py:__iter__
    91 digital_twin/rp2.py:count
    91 digital_twin/machine.py:_for_data_register
    91 digital_twin/rp2.py:_source
    91 digital_twin/rp2.py:_check_open
    89 src/asy_uart_driver.py:ready
    73 digital_twin/machine.py:_register
    73 digital_twin/machine.py:_uart_at
    73 digital_twin/machine.py:__getitem__
    73 src/asy_uart_driver.py:_rx_level
== quiet window ms 46 total calls 7557
    2120 digital_twin/rp2.py:_field
    848 digital_twin/rp2.py:_accept
    474 digital_twin/machine.py:append
    424 digital_twin/machine.py:_channel
    424 digital_twin/rp2.py:_complete_one
    424 digital_twin/rp2.py:_push
    424 digital_twin/machine.py:_route
    424 digital_twin/machine.py:record
    132 digital_twin/machine.py:_now_us
    124 digital_twin/machine.py:_advance
    124 digital_twin/machine.py:_update
    124 digital_twin/machine.py:_pump
    114 asyncio/core.py:__next__
    66 src/asy_uart_driver.py:ready
    66 digital_twin/rp2.py:_source
    66 digital_twin/rp2.py:count
    66 digital_twin/machine.py:_for_data_register
    66 digital_twin/rp2.py:_check_open
    63 asyncio/core.py:wait_io_event
    57 asyncio/core.py:__iter__
    57 asyncio/core.py:sleep_ms
    50 digital_twin/machine.py:_register
    50 digital_twin/machine.py:__getitem__
    50 src/asy_uart_driver.py:_rx_level
    50 digital_twin/machine.py:_uart_at
