 16:58:59 up 11:07,  0 user,  load average: 8.49, 3.75, 3.62
24 x busy.sh 70s; both probes in parallel, settrace binary, 15 reps each, timeout 65s; fix v2
 17:00:09 up 11:08,  0 user,  load average: 21.08, 8.54, 5.29
##### ORIGINAL catalog
rep 0 PASS
  offset 0 waits(us): [33741, 6708, 21862, 11553, 5395, 17152, 20143, 10403, 15756, 9657, 11652] 
  offset 1 waits(us): [22714, 20276, 10022, 15754, 12123, 11700, 18337, 18010, 14483, 21452, 14522] 
  offset 2 waits(us): [29497, 18458, 8740, 13364, 11700, 11452, 19378, 18968, 7973, 13852, 6513] 
  offset 3 waits(us): [38530, 6651, 15993, 17323, 16969, 11592, 8962, 15906, 19044, 11991, 6502] 
  offset 4 waits(us): [41180, 10301, 9373, 19697, 7512, 14832, 6571, 5501, 12103, 9075, 10636] 
  offset 5 waits(us): [22637, 9531, 17794, 15483, 20122, 15211, 12277, 7235, 14628, 16624, 6545] 
rep 1 PASS
  offset 0 waits(us): [32649, 16228, 11069, 11558, 6515, 25259, 10681, 6486, 28143, 6580, 10440] 
  offset 1 waits(us): [26828, 10728, 20681, 21852, 6332, 10392, 10248, 7188, 7593, 11554, 20255] 
  offset 2 waits(us): [24388, 15228, 12071, 13966, 10003, 20368, 16329, 14810, 20145, 9885, 10049] 
  offset 3 waits(us): [15396, 29302, 6745, 27162, 16631, 6412, 15805, 9567, 16146, 6902, 19006] 
  offset 4 waits(us): [34225, 20132, 17372, 10459, 12120, 12047, 19907, 15118, 15638, 25595, 44197] 
  offset 5 waits(us): [15161, 12231, 19017, 11489, 19644, 23070, 6873, 6937, 7571, 27171, 18703] 
rep 2 PASS
  offset 0 waits(us): [38097, 22139, 16050, 11372, 19914, 6401, 14266, 20113, 9108, 7447, 16123] 
  offset 1 waits(us): [18227, 14524, 9448, 6724, 9546, 6878, 8107, 6506, 6514, 6581, 7503] 
  offset 2 waits(us): [30127, 9027, 11958, 17981, 21806, 7697, 6928, 20742, 6471, 17288, 8277] 
  offset 3 waits(us): [27955, 16055, 8089, 8819, 8180, 6368, 28933, 6396, 15703, 17578, 7409] 
  offset 4 waits(us): [32423, 29136, 6610, 8611, 12877, 12056, 19418, 14128, 18667, 8326, 24081] 
  offset 5 waits(us): [28055, 6726, 16007, 7851, 28979, 18005, 11793, 46496, 10031, 16372, 7979] 
rep 3 PASS
  offset 0 waits(us): [23595, 6432, 21396, 6666, 15554, 9299, 6562, 8028, 22424, 7661, 15865] 
  offset 1 waits(us): [32278, 11708, 14693, 6476, 8135, 9250, 11595, 16048, 11736, 11723, 17456] 
  offset 2 waits(us): [10425, 16552, 6475, 10056, 12689, 11586, 11981, 16863, 14505, 16174, 6704] 
  offset 3 waits(us): [30250, 26395, 6417, 9886, 20075, 8626, 6589, 13180, 17422, 5503, 6668] 
  offset 4 waits(us): [35055, 16168, 13054, 13464, 26021, 7267, 9955, 20238, 12561, 24197, 16162] 
  offset 5 waits(us): [24957, 20088, 8975, 6329, 10617, 15272, 12743, 6394, 6399, 6520, 17386] 
rep 4 PASS
  offset 0 waits(us): [28617, 23935, 5356, 6515, 6568, 13940, 8112, 11758, 7681, 25490, 15808] 
  offset 1 waits(us): [17302, 24928, 24090, 6664, 5188, 6555, 8078, 12262, 8408, 7723, 17211] 
  offset 2 waits(us): [15094, 11892, 6379, 19110, 8722, 8240, 18862, 9388, 7023, 13174, 22560] 
  offset 3 waits(us): [26566, 15260, 7660, 8338, 19938, 6507, 9130, 20119, 12126, 7870, 6750] 
  offset 4 waits(us): [24971, 21915, 17389, 5350, 6298, 14998, 9219, 16098, 8884, 6436, 6438] 
  offset 5 waits(us): [25992, 6454, 18847, 9004, 13431, 20125, 17424, 6540, 10054, 17212, 9618] 
rep 5 PASS
  offset 0 waits(us): [27965, 19348, 24185, 17508, 13134, 22253, 6485, 6457, 6516, 7820, 6571] 
  offset 1 waits(us): [28061, 22431, 6617, 12125, 10871, 7369, 23639, 6764, 9680, 12352, 9766] 
  offset 2 waits(us): [22055, 8613, 6257, 10085, 20150, 11296, 12102, 10324, 8743, 19083, 6463] 
  offset 3 waits(us): [38455, 21222, 13562, 9495, 18422, 9367, 9358, 20133, 13470, 19938, 13273] 
  offset 4 waits(us): [33702, 8752, 20049, 22053, 19855, 14587, 9053, 19561, 8544, 9136, 6488] 
  offset 5 waits(us): [26723, 16678, 22357, 18642, 9402, 6453, 11479, 20778, 13224, 10253, 12130] 
rep 6 PASS
  offset 0 waits(us): [57092, 19516, 19816, 16177, 24175, 19014, 12321, 19871, 20231, 24654, 20224] 
  offset 1 waits(us): [31797, 7485, 11629, 21983, 19653, 20078, 12097, 20106, 19806, 9955, 12271] 
  offset 2 waits(us): [18844, 16149, 14298, 18469, 11845, 15912, 14552, 12521, 20098, 10684, 9905] 
  offset 3 waits(us): [11130, 14139, 12816, 20139, 14669, 11944, 17403, 6545, 8674, 11803, 25832] 
  offset 4 waits(us): [34647, 24523, 18956, 21886, 10835, 16422, 9226, 17613, 19672, 20102, 20132] 
  offset 5 waits(us): [21456, 20082, 17709, 14116, 8536, 10810, 20088, 9224, 10414, 20080, 12108] 
rep 7 PASS
  offset 0 waits(us): [26358, 6179, 11933, 20532, 11818, 6275, 20122, 6341, 6436, 6561, 9866] 
  offset 1 waits(us): [22340, 16164, 9145, 21474, 6630, 17118, 6642, 16596, 14869, 22430, 9455] 
  offset 2 waits(us): [42319, 6291, 13510, 18381, 20114, 14692, 16116, 14644, 12218, 14074, 6507] 
  offset 3 waits(us): [26151, 16196, 6390, 9600, 7994, 23820, 8360, 16106, 14709, 6535, 19957] 
  offset 4 waits(us): [24707, 16132, 18720, 15957, 15714, 13526, 26197, 16160, 17464, 10170, 14251] 
  offset 5 waits(us): [26051, 20051, 6207, 6277, 11990, 8896, 6740, 7865, 15764, 19801, 14653] 
##### FIXED catalog v2
rep 0 PASS
  offset 0 waits(us): [41692, 16111, 19217, 20111, 6711, 19405, 5692, 6734, 17256, 19215, 20235] 
  offset 1 waits(us): [32011, 25356, 11284, 9178, 14458, 16575, 14423, 23752, 14635, 6376, 25390] 
  offset 2 waits(us): [15480, 16186, 19638, 12967, 17276, 18537, 21740, 26949, 20229, 24443, 16186] 
  offset 3 waits(us): [24034, 17419, 15394, 19969, 20300, 20250, 20322, 19601, 20293, 10667, 15965] 
  offset 4 waits(us): [30292, 16143, 18305, 14310, 12068, 11845, 14982, 21010, 23163, 20181, 9725] 
  offset 5 waits(us): [13736, 6443, 14441, 9203, 15472, 12948, 6607, 6677, 13559, 9700, 9231] 
rep 1 PASS
  offset 0 waits(us): [31556, 5378, 24965, 15711, 10198, 13554, 15644, 12543, 12128, 11649, 9024] 
  offset 1 waits(us): [11591, 8872, 6555, 6529, 7707, 13224, 5605, 9282, 21770, 17564, 12227] 
  offset 2 waits(us): [20363, 13543, 13977, 16131, 20011, 26052, 20185, 15039, 15073, 22965, 23046] 
  offset 3 waits(us): [18458, 13716, 14421, 12653, 14364, 21618, 6510, 6515, 20143, 9358, 12395] 
  offset 4 waits(us): [33768, 18347, 6537, 5546, 16499, 7765, 6678, 14043, 19690, 10547, 11974] 
  offset 5 waits(us): [41318, 17619, 18153, 12521, 27131, 13393, 19104, 22109, 19251, 25186, 28640] 
rep 2 PASS
  offset 0 waits(us): [16052, 21763, 10962, 20054, 16437, 11384, 28806, 12047, 6837, 32431, 12118] 
  offset 1 waits(us): [37984, 28651, 27587, 17193, 22571, 17460, 20234, 23466, 24284, 8133, 38612] 
  offset 2 waits(us): [26667, 8096, 8820, 13418, 15721, 11492, 6874, 20981, 8103, 6707, 9494] 
  offset 3 waits(us): [27216, 16043, 19809, 20095, 9214, 22597, 8124, 6717, 17047, 22682, 13430] 
  offset 4 waits(us): [30637, 14817, 16188, 19197, 20157, 14335, 7725, 6606, 11433, 12748, 14801] 
  offset 5 waits(us): [18208, 13372, 7644, 10724, 14463, 7976, 22420, 7848, 6702, 16125, 5606] 
rep 3 PASS
  offset 0 waits(us): [34066, 13430, 15385, 40193, 35606, 6977, 5778, 17853, 22727, 17882, 29868] 
  offset 1 waits(us): [19407, 13937, 19343, 16138, 12348, 5509, 18942, 10184, 22132, 22183, 11077] 
  offset 2 waits(us): [22568, 16115, 14708, 12180, 9400, 7513, 18444, 12462, 7781, 9518, 13369] 
  offset 3 waits(us): [18649, 14690, 7416, 16112, 6641, 19463, 12129, 14491, 7855, 8273, 21618] 
  offset 4 waits(us): [28583, 15709, 7972, 17611, 9375, 43165, 9601, 8317, 5772, 9563, 7158] 
  offset 5 waits(us): [33823, 25128, 14293, 11731, 12456, 19318, 7851, 12227, 20265, 21422, 14585] 
rep 4 PASS
  offset 0 waits(us): [23374, 9352, 10454, 8095, 14534, 6714, 6507, 17459, 6681, 17448, 6765] 
  offset 1 waits(us): [39346, 33852, 15858, 20129, 14761, 20139, 6732, 11449, 13622, 23847, 15069] 
  offset 2 waits(us): [32504, 11875, 6755, 13946, 11955, 7637, 12210, 10568, 11371, 17443, 6655] 
  offset 3 waits(us): [30115, 13748, 15227, 14790, 23778, 9659, 6669, 27130, 13695, 11427, 19817] 
  offset 4 waits(us): [47849, 20096, 14169, 10559, 11535, 15986, 9027, 6397, 6458, 18459, 17306] 
  offset 5 waits(us): [27955, 20111, 19314, 9778, 6682, 6655, 24317, 14789, 8370, 8780, 15194] 
rep 5 PASS
  offset 0 waits(us): [36566, 17426, 7933, 20096, 20107, 12770, 8129, 5579, 6761, 17332, 12305] 
  offset 1 waits(us): [12539, 8880, 11602, 9794, 11140, 18471, 9342, 18274, 20196, 21553, 22926] 
  offset 2 waits(us): [19645, 21100, 13397, 13446, 18325, 7554, 6761, 17502, 15712, 7017, 16151] 
  offset 3 waits(us): [17186, 6518, 7848, 14837, 14694, 8667, 15658, 19004, 8980, 6817, 8945] 
  offset 4 waits(us): [12328, 6297, 6316, 9973, 6549, 6716, 5428, 7503, 6632, 17301, 6752] 
  offset 5 waits(us): [34567, 22400, 18745, 20081, 9206, 16037, 16140, 17855, 20175, 19580, 14098] 
rep 6 PASS
  offset 0 waits(us): [30168, 12098, 20088, 6383, 9751, 16106, 17399, 7971, 6642, 27022, 6719] 
  offset 1 waits(us): [28707, 29236, 17064, 12109, 27696, 20108, 18958, 16134, 13428, 12126, 18558] 
  offset 2 waits(us): [31131, 12508, 8095, 20140, 11371, 13690, 28192, 14733, 16214, 24148, 18249] 
  offset 3 waits(us): [22862, 20074, 18538, 9212, 10860, 6628, 18367, 9381, 24124, 19856, 20213] 
  offset 4 waits(us): [42971, 18003, 19901, 20118, 9059, 6317, 6330, 14769, 20102, 8173, 7994] 
  offset 5 waits(us): [22906, 20103, 13414, 6342, 20864, 13369, 10340, 20294, 8626, 30483, 18601] 
rep 7 PASS
  offset 0 waits(us): [20200, 9857, 16215, 11910, 6358, 12138, 14218, 17026, 10816, 25076, 17469] 
  offset 1 waits(us): [31105, 15675, 11902, 7825, 11101, 7209, 20107, 12138, 9185, 8138, 21598] 
  offset 2 waits(us): [26935, 14643, 19945, 7010, 6932, 17809, 7109, 14206, 12165, 12432, 16835] 
  offset 3 waits(us): [33021, 13440, 9644, 17617, 8138, 9679, 13055, 6912, 19099, 20947, 7971] 
  offset 4 waits(us): [27685, 24227, 20218, 18889, 17478, 20488, 24238, 18200, 32385, 31243, 21509] 
  offset 5 waits(us): [22275, 15518, 9109, 6438, 7307, 15438, 12277, 9321, 6589, 19913, 6691] 
