 16:57:34 up 11:06,  0 user,  load average: 0.77, 1.09, 2.82
12 x busy.sh 75s; both probes in parallel, settrace binary, 15 reps each, timeout 70s; fix v2
 16:58:49 up 11:07,  0 user,  load average: 9.94, 3.86, 3.65
##### ORIGINAL catalog
rep 0 PASS
  offset 0 waits(us): [13258, 9507, 9247, 8182, 6882, 6846, 7063, 14949, 11481, 16883, 20909] 
  offset 1 waits(us): [17211, 7609, 6971, 12840, 10603, 6668, 10343, 6742, 13919, 8562, 21661] 
  offset 2 waits(us): [10932, 11383, 17431, 6773, 7617, 14016, 18434, 6821, 9666, 19121, 10315] 
  offset 3 waits(us): [11400, 12026, 12633, 11441, 12629, 10692, 11910, 9854, 10951, 11999, 13641] 
  offset 4 waits(us): [23443, 6652, 17147, 6813, 11622, 6812, 6849, 9277, 6857, 6895, 8273] 
  offset 5 waits(us): [19775, 13159, 9291, 17316, 9362, 6649, 6645, 16142, 6727, 15061, 19016] 
rep 1 PASS
  offset 0 waits(us): [40870, 6606, 14609, 9768, 23144, 5617, 6759, 17057, 13617, 10850, 9485] 
  offset 1 waits(us): [16088, 12701, 6739, 9025, 9272, 6723, 12511, 18280, 6834, 8904, 9845] 
  offset 2 waits(us): [17506, 7786, 13093, 7108, 16782, 9436, 22566, 9770, 12197, 7051, 7826] 
  offset 3 waits(us): [11191, 6773, 6762, 9029, 14642, 6884, 12511, 7404, 8044, 14213, 11133] 
  offset 4 waits(us): [5700, 10555, 9260, 10811, 12570, 6769, 6855, 9363, 7163, 7333, 6724] 
  offset 5 waits(us): [14068, 14243, 14978, 10390, 17875, 10348, 19710, 9789, 16231, 18619, 13811] 
rep 2 PASS
  offset 0 waits(us): [16540, 10023, 15034, 12441, 20476, 15317, 12461, 18268, 16425, 15416, 8962] 
  offset 1 waits(us): [18239, 12591, 8142, 10521, 14120, 6887, 13254, 6792, 6976, 16817, 7040] 
  offset 2 waits(us): [16267, 14261, 7003, 22952, 14212, 18666, 16213, 6985, 12326, 7302, 11943] 
  offset 3 waits(us): [22188, 6815, 12252, 6837, 8960, 10851, 7293, 16958, 9672, 6902, 10324] 
  offset 4 waits(us): [15695, 13680, 11921, 12410, 16676, 10699, 12781, 17372, 6861, 9011, 8696] 
  offset 5 waits(us): [15228, 16178, 19579, 7082, 9706, 7164, 12612, 12406, 19336, 9888, 20214] 
rep 3 PASS
  offset 0 waits(us): [19490, 6775, 14717, 6725, 6807, 16624, 6718, 14709, 9490, 6779, 14072] 
  offset 1 waits(us): [21540, 10003, 17905, 12285, 8806, 13236, 15108, 9877, 7102, 16929, 12652] 
  offset 2 waits(us): [6541, 16493, 6882, 12388, 8726, 8559, 15067, 11781, 10376, 9387, 6641] 
  offset 3 waits(us): [14051, 8349, 13581, 6819, 15022, 5482, 11383, 6677, 6694, 18020, 6720] 
  offset 4 waits(us): [10825, 19017, 28801, 6706, 25377, 9308, 6620, 8801, 9962, 18922, 15561] 
  offset 5 waits(us): [16249, 8460, 10601, 9427, 15928, 6728, 6728, 10831, 14357, 33983, 17746] 
rep 4 PASS
  offset 0 waits(us): [10566, 20136, 16099, 6887, 6916, 6045, 11406, 9987, 9768, 9701, 21999] 
  offset 1 waits(us): [20732, 24002, 9507, 6916, 12158, 6952, 15786, 18316, 7013, 16736, 12957] 
  offset 2 waits(us): [18171, 14996, 12675, 11252, 9723, 7402, 13159, 14115, 15654, 10203, 6883] 
  offset 3 waits(us): [16317, 6675, 9455, 6971, 17658, 6799, 12110, 6745, 10284, 6811, 12159] 
  offset 4 waits(us): [19202, 10282, 11617, 6925, 11632, 16805, 7046, 15323, 8262, 16480, 7102] 
  offset 5 waits(us): [22505, 12239, 9467, 20432, 14184, 9942, 10963, 9831, 13077, 14804, 12807] 
rep 5 PASS
  offset 0 waits(us): [11222, 6794, 8630, 8494, 16920, 11137, 6912, 8222, 15726, 14199, 7089] 
  offset 1 waits(us): [6624, 24314, 5511, 5694, 10689, 5574, 8930, 11913, 7507, 5672, 5540] 
  offset 2 waits(us): [14928, 22489, 15563, 7175, 19211, 6162, 9880, 15573, 7414, 21002, 11088] 
  offset 3 waits(us): [23213, 7624, 6396, 12114, 14896, 6535, 15385, 6568, 16900, 6589, 6601] 
  offset 4 waits(us): [17984, 13042, 17348, 9926, 8606, 24940, 7711, 18267, 16205, 20734, 16609] 
  offset 5 waits(us): [15495, 21161, 6593, 12015, 6548, 8803, 6626, 14718, 6658, 18054, 6817] 
rep 6 PASS
  offset 0 waits(us): [25819, 6663, 14423, 12262, 6190, 18021, 14096, 6851, 7617, 8631, 6978] 
  offset 1 waits(us): [22046, 15464, 6835, 16556, 6772, 19986, 10574, 13554, 17686, 6985, 7316] 
  offset 2 waits(us): [21630, 9089, 10407, 9419, 5553, 17974, 9654, 19685, 6819, 18028, 8718] 
  offset 3 waits(us): [11829, 18325, 6759, 8998, 16819, 8564, 12036, 6989, 16712, 14036, 5909] 
  offset 4 waits(us): [20471, 10156, 17073, 6692, 7831, 19741, 6844, 7193, 17648, 6754, 23165] 
  offset 5 waits(us): [22336, 6467, 12753, 6518, 15978, 8757, 10287, 18886, 7178, 16251, 7314] 
rep 7 PASS
  offset 0 waits(us): [16196, 9289, 6578, 16721, 6626, 15511, 6678, 19232, 5650, 14949, 6938] 
  offset 1 waits(us): [14308, 18384, 9152, 6606, 15984, 6635, 13588, 17515, 6690, 16366, 16376] 
  offset 2 waits(us): [15695, 16746, 9056, 17049, 6144, 10330, 7188, 6896, 9834, 13890, 6956] 
  offset 3 waits(us): [9943, 28143, 9006, 12999, 7683, 7652, 8118, 11759, 7820, 14935, 14227] 
  offset 4 waits(us): [14116, 11032, 6554, 6731, 6652, 19595, 11687, 9232, 6748, 17034, 6801] 
  offset 5 waits(us): [15192, 15788, 6541, 15344, 6621, 12663, 6644, 6671, 14061, 6777, 6774] 
rep 8 PASS
  offset 0 waits(us): [18268, 7347, 19060, 6674, 10222, 6655, 13663, 7951, 12255, 16708, 5872] 
  offset 1 waits(us): [15889, 6564, 21479, 6823, 6950, 7024, 10809, 15304, 18585, 6980, 19171] 
  offset 2 waits(us): [24833, 16126, 5569, 9621, 6758, 19929, 10851, 12144, 6838, 9513, 6867] 
  offset 3 waits(us): [24137, 6838, 11875, 8744, 8433, 12134, 7079, 11896, 7919, 9168, 12083] 
  offset 4 waits(us): [10113, 12798, 12146, 16747, 13119, 10643, 19282, 12454, 10098, 6796, 10960] 
  offset 5 waits(us): [30878, 21468, 17447, 6756, 15213, 6831, 6799, 6837, 22283, 6922, 8037] 
##### FIXED catalog v2
rep 0 PASS
  offset 0 waits(us): [7356, 15354, 8868, 12081, 11571, 12536, 7643, 12143, 8260, 14389, 12403] 
  offset 1 waits(us): [13272, 15540, 12889, 16637, 9060, 13403, 13116, 23270, 15089, 12673, 20663] 
  offset 2 waits(us): [21058, 14363, 7955, 16513, 18030, 16367, 12181, 7328, 12684, 9661, 22442] 
  offset 3 waits(us): [18961, 16970, 7295, 13069, 22498, 21699, 13887, 13108, 23300, 15806, 12292] 
  offset 4 waits(us): [22852, 9306, 11777, 7013, 17939, 7028, 7242, 9970, 7330, 7591, 18794] 
  offset 5 waits(us): [20210, 16232, 14647, 13977, 7656, 10857, 13411, 7620, 16388, 7724, 16970] 
rep 1 PASS
  offset 0 waits(us): [22429, 6735, 21998, 6872, 4738, 12225, 6968, 24332, 7064, 7081, 17295] 
  offset 1 waits(us): [22301, 15955, 8162, 10847, 6884, 10923, 5906, 6029, 20199, 9659, 16147] 
  offset 2 waits(us): [11947, 10480, 10480, 13631, 7542, 11994, 8900, 10415, 8823, 10191, 7992] 
  offset 3 waits(us): [16988, 11416, 20857, 19657, 18480, 13499, 13452, 12263, 19560, 11260, 13981] 
  offset 4 waits(us): [25433, 8263, 12606, 19574, 11475, 6435, 20622, 14654, 22291, 15827, 12675] 
  offset 5 waits(us): [14041, 15716, 9302, 16786, 15841, 7048, 12808, 6249, 19030, 7268, 20385] 
rep 2 PASS
  offset 0 waits(us): [20937, 14017, 8937, 16490, 19951, 7079, 7757, 10505, 18171, 8791, 13803] 
  offset 1 waits(us): [16362, 10488, 18532, 12125, 11159, 17110, 13451, 11902, 17357, 10947, 13841] 
  offset 2 waits(us): [17375, 12443, 6921, 14954, 7042, 6740, 9743, 19409, 7170, 7598, 12470] 
  offset 3 waits(us): [10990, 14944, 21193, 21502, 21690, 7413, 22520, 16023, 16486, 16994, 16821] 
  offset 4 waits(us): [7065, 12338, 8903, 7445, 12756, 7190, 10618, 8357, 7443, 16770, 7451] 
  offset 5 waits(us): [23506, 6806, 5388, 9210, 18090, 6899, 14878, 11971, 13731, 15588, 15917] 
rep 3 PASS
  offset 0 waits(us): [17885, 18958, 12465, 12709, 26142, 7270, 16515, 9931, 16057, 7378, 23189] 
  offset 1 waits(us): [16148, 7366, 22544, 9742, 7100, 11742, 7412, 7390, 9543, 9812, 19682] 
  offset 2 waits(us): [23567, 8168, 13448, 6823, 24463, 6814, 18043, 10239, 22024, 7682, 12775] 
  offset 3 waits(us): [20529, 11048, 9124, 15415, 18179, 7157, 9457, 16774, 17780, 9447, 17982] 
  offset 4 waits(us): [17547, 15495, 17571, 6831, 12143, 19640, 8787, 20567, 5911, 18127, 7125] 
  offset 5 waits(us): [20784, 6930, 11819, 14025, 12389, 11182, 15203, 6201, 11980, 17771, 7313] 
rep 4 PASS
  offset 0 waits(us): [22003, 5883, 17565, 11926, 15630, 7164, 7273, 9853, 10316, 7650, 19225] 
  offset 1 waits(us): [21486, 11045, 9107, 7419, 19960, 7412, 12373, 9830, 16296, 22278, 23863] 
  offset 2 waits(us): [19590, 15353, 5885, 19262, 14215, 8131, 9765, 18153, 7219, 17963, 7398] 
  offset 3 waits(us): [22135, 6827, 15183, 8162, 12188, 9617, 14096, 7018, 27208, 15608, 7123] 
  offset 4 waits(us): [18079, 18120, 5920, 9159, 24577, 7010, 7060, 12116, 14426, 17925, 7373] 
  offset 5 waits(us): [23576, 6934, 16671, 9859, 13428, 18725, 15007, 8162, 19341, 10057, 9581] 
rep 5 PASS
  offset 0 waits(us): [18165, 14420, 15531, 14842, 14982, 19272, 10568, 8111, 22783, 13975, 20261] 
  offset 1 waits(us): [22009, 9632, 18133, 7049, 13597, 18124, 11630, 12730, 22698, 9365, 19388] 
  offset 2 waits(us): [21030, 16497, 11166, 25149, 18148, 8222, 10076, 10235, 17980, 7243, 20150] 
  offset 3 waits(us): [20586, 14388, 7469, 12151, 15861, 19214, 7476, 17115, 14377, 10126, 13580] 
  offset 4 waits(us): [19457, 20738, 14178, 12453, 14936, 20312, 6195, 21330, 9939, 16361, 17046] 
  offset 5 waits(us): [21215, 19614, 9651, 7214, 20957, 5933, 12033, 16536, 15323, 14343, 18108] 
rep 6 PASS
  offset 0 waits(us): [23002, 17690, 18113, 7755, 16723, 8145, 7016, 20336, 10232, 24722, 6177] 
  offset 1 waits(us): [15622, 11396, 19453, 6974, 20303, 6972, 21571, 14686, 9159, 6097, 18049] 
  offset 2 waits(us): [19029, 14414, 7269, 8493, 19916, 7206, 16067, 15587, 12192, 12540, 19126] 
  offset 3 waits(us): [27628, 8280, 7060, 18114, 15185, 18595, 10588, 17693, 15953, 19392, 18302] 
  offset 4 waits(us): [7352, 18635, 7845, 6834, 11021, 17423, 5575, 6690, 10736, 9471, 17826] 
  offset 5 waits(us): [25891, 9428, 6678, 19341, 6850, 7497, 6979, 15451, 13024, 7026, 16023] 
rep 7 PASS
  offset 0 waits(us): [27624, 12093, 6707, 14044, 6796, 21782, 6822, 9516, 6988, 17631, 7021] 
  offset 1 waits(us): [16824, 14402, 8145, 16213, 6946, 14173, 9834, 13936, 7113, 16143, 8706] 
  offset 2 waits(us): [18484, 7918, 7390, 17213, 6228, 10360, 10276, 7406, 12006, 7338, 16675] 
  offset 3 waits(us): [14077, 7864, 27517, 7284, 15770, 20226, 10012, 23161, 7450, 12302, 20604] 
  offset 4 waits(us): [16785, 12682, 8666, 9084, 6962, 7993, 11197, 15954, 7135, 9589, 13532] 
  offset 5 waits(us): [25254, 11847, 9432, 18127, 7072, 7654, 7342, 11849, 12875, 9536, 17759] 
