    1.02 PASS test_debug_level_survives_a_simulated_reboot_through_build_system
   15.38 PASS test_every_api_write_is_refused_from_a_system_commands_acceptance_to_its_reset
   15.76 PASS test_webserver_networking_put_ntp_fields_forces_a_resync
   16.17 PASS test_webserver_notification_put_light_cmd_led_rejects_non_numeric_field
   16.56 PASS test_webserver_sensors_put_round_trips_a_real_field_through_the_real_driver
   17.36 SERVING_DEMAND wozi connections=6 head=2048 body_cap=2048 largest_body=5786 most_pieces=25 chunk=256 demand=61428 budget=72232 routes={'/system': (151, 1), '/sensors': (397, 2), '/networking': (197, 1), '/notification': (147, 1), '/status': (5786, 25), '/measurements': (263, 2)}
   17.37 PASS test_webserver_every_get_route_fits_the_serving_demand_budget_and_sends_its_pieces_uncopied
   17.99 PASS test_webserver_system_put_reboot_cmd_arms_the_real_reset_timer
   18.41 PASS test_build_system_constructs_every_real_module
   18.81 PASS test_every_logger_is_set_up_by_the_batch_before_any_task_starts
   19.47 PASS test_webserver_status_put_reset_errors_is_not_undone_by_a_fram_loggers_later_setup
   19.85 PASS test_is_hotspot_active_wiring_put_to_unmatched_path_still_405_in_hotspot_mode
   20.40 PASS test_webserver_system_get_sends_the_unavailable_marker_for_an_unreadable_system_store
   21.64 PASS test_a_fresh_filesystem_boot_writes_each_config_file_once
   21.72 PASS test_a_declared_dead_fram_chip_escalates_to_a_reboot
   22.78 PASS test_webserver_sensors_get_sends_the_unavailable_marker_for_a_failed_chip_config_read
   23.22 PASS test_collect_timer_starters_includes_every_constructed_module
   23.69 PASS test_webserver_networking_put_hotspot_pw_configures_the_next_hotspot_and_reads_back_masked
   24.49 PASS test_setup_batch_runs_every_unit_in_the_collected_order
   24.86 PASS test_system_put_debug_level_updates_every_logger_in_the_object_graph
   25.96 PASS test_webserver_status_counts_a_refused_connection_in_http_dropped_until_reset_errors
   26.56 PASS test_webserver_status_in_ap_mode_reports_no_rssi_and_never_queries_it
   27.01 PASS test_collect_task_starters_never_touches_start_tasks
   28.14 PASS test_boot_sequence_matches_the_generated_expectation
   28.57 PASS test_is_hotspot_active_wiring_redirects_when_conn_is_in_hotspot_phase
   29.04 PASS test_build_system_web_host_and_port_are_overridable
   29.38 PASS test_main_forwards_web_host_and_port_to_build_system
   29.80 PASS test_is_hotspot_active_wiring_default_sta_phase_still_404s
   30.21 PASS test_read_triggers_follow_the_stagger_on_the_real_sequencer
   30.61 PASS test_webserver_notification_put_light_cmd_led_rejects_non_numeric_t
   31.29 PASS test_one_supervisor_pass_over_dead_tasks_persists_at_most_one_entry_per_end
   31.72 PASS test_webserver_notification_put_pause_time_dispatches_to_the_real_coordinator
   32.15 PASS test_build_system_wires_the_wifi_led_callback_after_both_exist
   32.79 PASS test_webserver_status_answers_the_networking_snapshot_while_wifi_mode_lock_is_held
   33.91 PASS test_webserver_sensors_put_round_trips_a_real_scd30_field_through_the_real_driver
   34.33 PASS test_webserver_system_put_gmt_dst_offset_applies_without_a_reconnect
   34.77 PASS test_webserver_notification_put_light_cmd_led_accepts_integral_float_rgb_and_int_t_coerced
   35.67 PASS test_webserver_status_publishes_utc_time_only_after_the_first_ntp_sync
   35.71 PASS test_main_runs_setups_then_tasks_then_timers_then_force_sync_then_supervises_in_order
   36.18 PASS test_webserver_system_get_reports_the_real_build_info
   36.66 PASS test_webserver_system_put_debug_level_propagates_to_every_logger
   37.22 PASS test_every_logger_the_boot_constructs_reaches_status_errcount_exactly_once
   37.70 PASS test_collect_task_starters_includes_every_constructed_module
   38.12 PASS test_build_system_is_independently_callable_and_returns
   38.88 PASS test_webserver_measurements_and_sensors_get_include_every_real_sensor
   39.78 PASS test_fram_chunk_layout_is_contiguous_deterministic_and_in_owner_order
   40.19 PASS test_webserver_notification_put_light_cmd_led_rejects_out_of_range_t
   40.63 PASS test_collect_level_setters_returns_one_entry_per_logger_in_the_object_graph
   41.10 PASS test_debug_seed_value_is_the_starting_level_before_setup_resolves_the_persisted_one
   41.52 PASS test_fram_chunks_are_all_successfully_allocated_not_out_of_memory
   41.91 PASS test_notify_service_cfgmgr_exists_once_build_system_completes
   42.55 PASS test_webserver_system_put_reboot_flushes_a_still_pending_config_write_first
   44.51 PASS test_a_layout_shifted_by_one_chunk_restores_no_neighbours_history
   44.91 PASS test_webserver_notification_put_flat_field_round_trips_through_the_real_coordinator
   45.36 PASS test_webserver_notification_put_light_cmd_led_dispatches_to_the_real_pixel_driver
   45.80 PASS test_webserver_system_put_invalid_cmd_is_rejected_without_side_effects
   46.20 PASS test_every_measurement_starts_none_on_every_sensor
   46.67 PASS test_every_module_and_logger_reaches_the_fan_in_collectors_exactly_once
   47.16 PASS test_webserver_notification_light_cmd_led_refuses_a_second_flash_at_once
   47.62 PASS test_build_system_web_host_and_port_default_to_production_values
   48.04 PASS test_the_fram_manager_is_the_only_error_source_whose_own_log_is_not_fram_backed
   48.74 PASS test_webserver_networking_put_ntp_fields_clears_synced_until_the_next_sync
   49.20 PASS test_webserver_notification_put_light_cmd_led_accepts_lower_boundary_rgb_and_t
   49.67 PASS test_webserver_notification_put_light_cmd_led_accepts_upper_boundary_rgb_and_t
   50.11 PASS test_webserver_pr_is_fram_backed_when_device_wires_fram
   54.34 PASS test_only_the_api_writes_the_scd30
   56.37 PASS test_no_get_route_serialises_a_non_finite_float
   56.96 PASS test_webserver_status_get_reflects_the_real_object_graph
   57.40 PASS test_scd30s_own_i2c_bus_uses_a_clock_stretch_timeout_wide_enough_for_it
   57.85 PASS test_neopixel_empty_timer_list_reaches_the_generated_collector
   58.31 PASS test_webserver_notification_put_light_cmd_led_rejects_out_of_range_rgb
   59.02 PASS test_webserver_status_put_reset_errors_clears_a_real_modules_history
   59.46 PASS test_is_hotspot_active_wiring_dynamic_phase_switch_is_reflected_live
   59.90 PASS test_webserver_notification_put_light_cmd_led_rejects_fractional_rgb
   60.30 PASS test_is_hotspot_active_wiring_real_static_root_and_api_route_unaffected_in_hotspot_mode
   62.04 PASS test_first_boot_after_a_reflash_reinitialises_every_chunk_without_flood
   62.43 PASS test_is_hotspot_active_wiring_directory_traversal_still_404s_in_hotspot_mode
   63.27 PASS test_webserver_status_lists_a_module_whose_config_write_failed_until_its_next_good_write
   63.71 PASS test_webserver_notification_put_light_cmd_led_rejects_missing_field
   64.11 PASS test_webserver_networking_put_ssid_group_reconnects_but_led_group_alone_does_not
   65.31 PASS test_resetconfig_over_a_damaged_config_file_boots_next_on_every_default
   65.75 PASS test_webserver_networking_put_answers_an_unknown_key_invalid
   66.73 PASS test_webserver_status_lists_exactly_the_modules_whose_config_file_was_unreadable_or_damaged
   67.14 PASS test_webserver_networking_put_of_the_mask_string_stores_it_as_the_password
   67.64 PASS test_the_unfed_boot_stretch_after_the_last_setup_feed_stays_within_two_seconds
   68.06 PASS test_boot_feeds_the_watchdog_exactly_once_per_setup_call
   68.50 PASS test_webserver_notification_put_light_cmd_led_rejects_negative_rgb
   68.96 PASS test_webserver_networking_put_dns_fallback_stores_a_list_and_refuses_a_malformed_one
   70.74 PASS test_every_build_starts_with_every_dma_channel_free
   70.88 88/88 passed, 0 failed, 0 skipped
