    0.87 PASS test_debug_level_survives_a_simulated_reboot_through_build_system
   11.15 PASS test_every_api_write_is_refused_from_a_system_commands_acceptance_to_its_reset
   11.43 PASS test_webserver_networking_put_ntp_fields_forces_a_resync
   11.76 PASS test_webserver_notification_put_light_cmd_led_rejects_non_numeric_field
   12.04 PASS test_webserver_sensors_put_round_trips_a_real_field_through_the_real_driver
   12.63 SERVING_DEMAND arzi connections=6 head=2048 body_cap=2048 largest_body=5205 most_pieces=23 chunk=256 demand=57894 budget=72232 routes={'/system': (151, 1), '/sensors': (236, 1), '/networking': (197, 1), '/notification': (147, 1), '/status': (5205, 23), '/measurements': (197, 1)}
   12.64 PASS test_webserver_every_get_route_fits_the_serving_demand_budget_and_sends_its_pieces_uncopied
   13.13 PASS test_webserver_system_put_reboot_cmd_arms_the_real_reset_timer
   13.42 PASS test_build_system_constructs_every_real_module
   13.69 PASS test_every_logger_is_set_up_by_the_batch_before_any_task_starts
   14.13 PASS test_webserver_status_put_reset_errors_is_not_undone_by_a_fram_loggers_later_setup
   14.40 PASS test_is_hotspot_active_wiring_put_to_unmatched_path_still_405_in_hotspot_mode
   14.69 PASS test_webserver_system_get_sends_the_unavailable_marker_for_an_unreadable_system_store
   15.37 PASS test_a_fresh_filesystem_boot_writes_each_config_file_once
   15.44 PASS test_a_declared_dead_fram_chip_escalates_to_a_reboot
   15.99 PASS test_webserver_sensors_get_sends_the_unavailable_marker_for_a_failed_chip_config_read
   16.24 PASS test_collect_timer_starters_includes_every_constructed_module
   16.49 PASS test_webserver_networking_put_hotspot_pw_configures_the_next_hotspot_and_reads_back_masked
   16.97 PASS test_setup_batch_runs_every_unit_in_the_collected_order
   17.21 PASS test_system_put_debug_level_updates_every_logger_in_the_object_graph
   17.87 PASS test_webserver_status_counts_a_refused_connection_in_http_dropped_until_reset_errors
   18.27 PASS test_webserver_status_in_ap_mode_reports_no_rssi_and_never_queries_it
   18.51 PASS test_collect_task_starters_never_touches_start_tasks
   19.18 PASS test_boot_sequence_matches_the_generated_expectation
   19.44 PASS test_is_hotspot_active_wiring_redirects_when_conn_is_in_hotspot_phase
   19.70 PASS test_build_system_web_host_and_port_are_overridable
   19.90 PASS test_main_forwards_web_host_and_port_to_build_system
   20.17 PASS test_is_hotspot_active_wiring_default_sta_phase_still_404s
   20.44 PASS test_read_triggers_follow_the_stagger_on_the_real_sequencer
   20.69 PASS test_webserver_notification_put_light_cmd_led_rejects_non_numeric_t
   21.09 PASS test_one_supervisor_pass_over_dead_tasks_persists_at_most_one_entry_per_end
   21.43 PASS test_webserver_notification_put_pause_time_dispatches_to_the_real_coordinator
   21.70 PASS test_build_system_wires_the_wifi_led_callback_after_both_exist
   22.09 PASS test_webserver_status_answers_the_networking_snapshot_while_wifi_mode_lock_is_held
   23.00 PASS test_webserver_sensors_put_round_trips_a_real_scd30_field_through_the_real_driver
   23.26 PASS test_webserver_system_put_gmt_dst_offset_applies_without_a_reconnect
   23.52 PASS test_webserver_notification_put_light_cmd_led_accepts_integral_float_rgb_and_int_t_coerced
   23.92 PASS test_webserver_status_publishes_utc_time_only_after_the_first_ntp_sync
   23.92 PASS test_main_runs_setups_then_tasks_then_timers_then_force_sync_then_supervises_in_order
   24.19 PASS test_webserver_system_get_reports_the_real_build_info
   24.49 PASS test_webserver_system_put_debug_level_propagates_to_every_logger
   24.88 PASS test_every_logger_the_boot_constructs_reaches_status_errcount_exactly_once
   25.14 PASS test_collect_task_starters_includes_every_constructed_module
   25.41 PASS test_build_system_is_independently_callable_and_returns
   25.97 PASS test_webserver_measurements_and_sensors_get_include_every_real_sensor
   26.54 PASS test_fram_chunk_layout_is_contiguous_deterministic_and_in_owner_order
   26.79 PASS test_webserver_notification_put_light_cmd_led_rejects_out_of_range_t
   27.08 PASS test_collect_level_setters_returns_one_entry_per_logger_in_the_object_graph
   27.35 PASS test_debug_seed_value_is_the_starting_level_before_setup_resolves_the_persisted_one
   27.59 PASS test_fram_chunks_are_all_successfully_allocated_not_out_of_memory
   27.82 PASS test_notify_service_cfgmgr_exists_once_build_system_completes
   28.31 PASS test_webserver_system_put_reboot_flushes_a_still_pending_config_write_first
   29.43 PASS test_a_layout_shifted_by_one_chunk_restores_no_neighbours_history
   29.71 PASS test_webserver_notification_put_flat_field_round_trips_through_the_real_coordinator
   29.95 PASS test_webserver_notification_put_light_cmd_led_dispatches_to_the_real_pixel_driver
   30.21 PASS test_webserver_system_put_invalid_cmd_is_rejected_without_side_effects
   30.50 PASS test_every_measurement_starts_none_on_every_sensor
   30.85 PASS test_every_module_and_logger_reaches_the_fan_in_collectors_exactly_once
   31.12 PASS test_webserver_notification_light_cmd_led_refuses_a_second_flash_at_once
   31.38 PASS test_build_system_web_host_and_port_default_to_production_values
   31.68 PASS test_the_fram_manager_is_the_only_error_source_whose_own_log_is_not_fram_backed
   32.18 PASS test_webserver_networking_put_ntp_fields_clears_synced_until_the_next_sync
   32.45 PASS test_webserver_notification_put_light_cmd_led_accepts_lower_boundary_rgb_and_t
   32.72 PASS test_webserver_notification_put_light_cmd_led_accepts_upper_boundary_rgb_and_t
   32.96 PASS test_webserver_pr_is_fram_backed_when_device_wires_fram
   36.65 PASS test_only_the_api_writes_the_scd30
   38.17 PASS test_no_get_route_serialises_a_non_finite_float
   38.52 PASS test_webserver_status_get_reflects_the_real_object_graph
   38.76 PASS test_scd30s_own_i2c_bus_uses_a_clock_stretch_timeout_wide_enough_for_it
   39.01 PASS test_neopixel_empty_timer_list_reaches_the_generated_collector
   39.29 PASS test_webserver_notification_put_light_cmd_led_rejects_out_of_range_rgb
   39.71 PASS test_webserver_status_put_reset_errors_clears_a_real_modules_history
   39.99 PASS test_is_hotspot_active_wiring_dynamic_phase_switch_is_reflected_live
   40.27 PASS test_webserver_notification_put_light_cmd_led_rejects_fractional_rgb
   40.54 PASS test_is_hotspot_active_wiring_real_static_root_and_api_route_unaffected_in_hotspot_mode
   41.53 PASS test_first_boot_after_a_reflash_reinitialises_every_chunk_without_flood
   41.79 PASS test_is_hotspot_active_wiring_directory_traversal_still_404s_in_hotspot_mode
   42.32 PASS test_webserver_status_lists_a_module_whose_config_write_failed_until_its_next_good_write
   42.60 PASS test_webserver_notification_put_light_cmd_led_rejects_missing_field
   42.87 PASS test_webserver_networking_put_ssid_group_reconnects_but_led_group_alone_does_not
   43.59 PASS test_resetconfig_over_a_damaged_config_file_boots_next_on_every_default
   43.89 PASS test_webserver_networking_put_answers_an_unknown_key_invalid
   44.51 PASS test_webserver_status_lists_exactly_the_modules_whose_config_file_was_unreadable_or_damaged
   44.77 PASS test_webserver_networking_put_of_the_mask_string_stores_it_as_the_password
   45.14 PASS test_the_unfed_boot_stretch_after_the_last_setup_feed_stays_within_two_seconds
   45.40 PASS test_boot_feeds_the_watchdog_exactly_once_per_setup_call
   45.65 PASS test_webserver_notification_put_light_cmd_led_rejects_negative_rgb
   45.90 PASS test_webserver_networking_put_dns_fallback_stores_a_list_and_refuses_a_malformed_one
   47.03 PASS test_every_build_starts_with_every_dma_channel_free
   47.12 88/88 passed, 0 failed, 0 skipped
