    0.73 PASS test_debug_level_survives_a_simulated_reboot_through_build_system
    0.93 PASS test_webserver_system_put_reboot_cmd_arms_the_real_reset_timer
    1.13 PASS test_every_logger_is_set_up_by_the_batch_before_any_task_starts
    1.33 PASS test_webserver_notification_put_light_cmd_led_rejects_non_numeric_field
    1.52 PASS test_setup_batch_runs_every_unit_in_the_generated_order
    1.72 PASS test_build_system_constructs_every_real_module
    2.07 PASS test_webserver_status_put_reset_errors_is_not_undone_by_a_fram_loggers_later_setup
    2.27 PASS test_is_hotspot_active_wiring_put_to_unmatched_path_still_405_in_hotspot_mode
    2.55 PASS test_webserver_system_get_sends_the_unavailable_marker_for_an_unreadable_system_store
    3.17 PASS test_a_fresh_filesystem_boot_writes_each_config_file_once
    3.24 PASS test_a_declared_dead_fram_chip_escalates_to_a_reboot
    3.77 PASS test_webserver_sensors_get_sends_the_unavailable_marker_for_a_failed_chip_config_read
    3.98 PASS test_collect_timer_starters_includes_every_constructed_module
    4.20 PASS test_webserver_networking_put_hotspot_pw_configures_the_next_hotspot_and_reads_back_masked
    4.40 PASS test_system_put_debug_level_updates_every_logger_in_the_object_graph
    5.00 PASS test_webserver_status_counts_a_refused_connection_in_http_dropped_until_reset_errors
    5.32 PASS test_webserver_status_in_ap_mode_reports_no_rssi_and_never_queries_it
    5.53 PASS test_is_hotspot_active_wiring_redirects_when_conn_is_in_hotspot_phase
    5.72 PASS test_build_system_web_host_and_port_are_overridable
    5.91 PASS test_main_forwards_web_host_and_port_to_build_system
    6.13 PASS test_is_hotspot_active_wiring_default_sta_phase_still_404s
    6.35 PASS test_read_triggers_follow_the_stagger_on_the_real_sequencer
    6.56 PASS test_webserver_notification_put_light_cmd_led_rejects_non_numeric_t
    6.78 PASS test_collect_task_starters_never_touches_start_and_check_tasks
    7.04 PASS test_webserver_notification_put_pause_time_dispatches_to_the_real_coordinator
    7.29 PASS test_build_system_wires_the_wifi_led_callback_after_both_exist
    7.60 PASS test_webserver_status_answers_the_networking_snapshot_while_wifi_mode_lock_is_held
    7.80 PASS test_is_hotspot_active_wiring_real_static_root_and_api_route_unaffected_in_hotspot_mode
    8.18 PASS test_one_supervisor_pass_over_dead_tasks_persists_at_most_one_entry_per_end
    9.08 PASS test_webserver_sensors_put_round_trips_a_real_scd30_field_through_the_real_driver
    9.51 PASS test_webserver_status_publishes_utc_time_only_after_the_first_ntp_sync
    9.76 PASS test_webserver_system_put_gmt_dst_offset_applies_without_a_reconnect
   10.03 PASS test_webserver_notification_put_light_cmd_led_accepts_integral_float_rgb_and_int_t_coerced
   10.28 PASS test_webserver_system_get_reports_the_real_build_info
   10.52 PASS test_webserver_system_put_debug_level_propagates_to_every_logger
   10.76 PASS test_collect_task_starters_includes_every_constructed_module
   11.01 PASS test_build_system_is_independently_callable_and_returns
   11.72 PASS test_webserver_measurements_and_sensors_get_include_every_real_sensor
   12.25 PASS test_fram_chunk_layout_is_contiguous_deterministic_and_in_owner_order
   12.48 PASS test_webserver_notification_put_light_cmd_led_rejects_out_of_range_t
   12.72 PASS test_is_hotspot_active_wiring_dynamic_phase_switch_is_reflected_live
   12.96 PASS test_debug_seed_value_is_the_starting_level_before_setup_resolves_the_persisted_one
   13.20 PASS test_notify_service_cfgmgr_exists_once_build_system_completes
   14.31 PASS test_a_layout_shifted_by_one_chunk_restores_no_neighbours_history
   14.57 PASS test_webserver_system_put_reboot_flushes_a_still_pending_config_write_first
   15.31 PASS test_webserver_notification_put_flat_field_round_trips_through_the_real_coordinator
   16.05 PASS test_collect_level_setters_returns_one_entry_per_logger_in_the_object_graph
   16.81 PASS test_webserver_notification_put_light_cmd_led_dispatches_to_the_real_pixel_driver
   17.54 PASS test_webserver_system_put_invalid_cmd_is_rejected_without_side_effects
   18.28 PASS test_every_measurement_starts_none_on_every_sensor
   19.01 PASS test_webserver_notification_light_cmd_led_refuses_a_second_flash_at_once
   19.92 PASS test_the_fram_manager_is_the_only_error_source_whose_own_log_is_not_fram_backed
   20.75 PASS test_webserver_notification_put_light_cmd_led_accepts_lower_boundary_rgb_and_t
   21.48 PASS test_scd30s_own_i2c_bus_uses_a_clock_stretch_timeout_wide_enough_for_it
   22.37 PASS test_webserver_networking_put_ntp_fields_clears_synced_until_the_next_sync
   23.11 PASS test_fram_chunks_are_all_successfully_allocated_not_out_of_memory
   23.86 PASS test_build_system_web_host_and_port_default_to_production_values
   24.64 PASS test_webserver_pr_is_fram_backed_when_device_wires_fram
   26.85 PASS test_no_get_route_serialises_a_non_finite_float
   27.76 PASS test_webserver_status_get_reflects_the_real_object_graph
   28.59 PASS test_every_module_and_logger_reaches_the_fan_in_collectors_exactly_once
   29.37 PASS test_webserver_notification_put_light_cmd_led_rejects_out_of_range_rgb
   30.13 PASS test_neopixel_empty_timer_list_reaches_the_generated_collector
   30.98 PASS test_webserver_notification_put_light_cmd_led_accepts_upper_boundary_rgb_and_t
   31.75 PASS test_webserver_notification_put_light_cmd_led_rejects_fractional_rgb
   33.24 PASS test_webserver_status_put_reset_errors_clears_a_real_modules_history
   37.81 PASS test_first_boot_after_a_reflash_reinitialises_every_chunk_without_flood
   38.57 PASS test_main_calls_start_timers_then_force_sync_then_start_and_check_tasks_in_order
   39.32 PASS test_is_hotspot_active_wiring_directory_traversal_still_404s_in_hotspot_mode
   40.06 PASS test_webserver_networking_put_answers_an_unknown_key_invalid
   40.80 PASS test_webserver_notification_put_light_cmd_led_rejects_missing_field
   41.54 PASS test_webserver_networking_put_of_the_mask_string_stores_it_as_the_password
   42.46 PASS test_the_unfed_boot_stretch_after_the_last_setup_feed_stays_within_two_seconds
   43.20 PASS test_webserver_networking_put_ssid_group_reconnects_but_led_group_alone_does_not
   43.94 PASS test_webserver_notification_put_light_cmd_led_rejects_negative_rgb
   46.89 PASS test_every_build_starts_with_every_dma_channel_free
   47.64 PASS test_webserver_networking_put_ntp_fields_forces_a_resync
   48.39 PASS test_boot_feeds_the_watchdog_exactly_once_per_setup_call
   49.14 PASS test_webserver_sensors_put_round_trips_a_real_field_through_the_real_driver
   49.98 PASS test_webserver_networking_put_dns_fallback_stores_a_list_and_refuses_a_malformed_one
   51.11 SERVING_DEMAND schlafzi connections=6 head=2048 body_cap=2048 largest_body=5101 most_pieces=23 chunk=256 demand=57270 budget=72232 routes={'/system': (151, 1), '/sensors': (236, 1), '/networking': (219, 1), '/notification': (147, 1), '/status': (5101, 23), '/measurements': (197, 1)}
   51.12 PASS test_webserver_every_get_route_fits_the_serving_demand_budget_and_sends_its_pieces_uncopied
   51.25 81/81 passed, 0 failed, 0 skipped
