    1.00 PASS test_debug_level_survives_a_simulated_reboot_through_build_system
    1.34 PASS test_webserver_system_put_reboot_cmd_arms_the_real_reset_timer
    1.65 PASS test_every_logger_is_set_up_by_the_batch_before_any_task_starts
    1.96 PASS test_webserver_notification_put_light_cmd_led_rejects_non_numeric_field
    2.29 PASS test_setup_batch_runs_every_unit_in_the_generated_order
    2.59 PASS test_build_system_constructs_every_real_module
    3.20 PASS test_webserver_status_put_reset_errors_is_not_undone_by_a_fram_loggers_later_setup
    3.57 PASS test_is_hotspot_active_wiring_put_to_unmatched_path_still_405_in_hotspot_mode
    3.91 PASS test_webserver_system_get_sends_the_unavailable_marker_for_an_unreadable_system_store
    4.97 PASS test_a_fresh_filesystem_boot_writes_each_config_file_once
    5.12 PASS test_a_declared_dead_fram_chip_escalates_to_a_reboot
    6.17 PASS test_webserver_sensors_get_sends_the_unavailable_marker_for_a_failed_chip_config_read
    6.48 PASS test_collect_timer_starters_includes_every_constructed_module
    6.88 PASS test_webserver_networking_put_hotspot_pw_configures_the_next_hotspot_and_reads_back_masked
    7.19 PASS test_system_put_debug_level_updates_every_logger_in_the_object_graph
    8.13 PASS test_webserver_status_counts_a_refused_connection_in_http_dropped_until_reset_errors
    8.66 PASS test_webserver_status_in_ap_mode_reports_no_rssi_and_never_queries_it
    9.04 PASS test_is_hotspot_active_wiring_redirects_when_conn_is_in_hotspot_phase
    9.36 PASS test_build_system_web_host_and_port_are_overridable
    9.73 PASS test_main_forwards_web_host_and_port_to_build_system
   10.05 PASS test_is_hotspot_active_wiring_default_sta_phase_still_404s
   10.37 PASS test_read_triggers_follow_the_stagger_on_the_real_sequencer
   10.68 PASS test_webserver_notification_put_light_cmd_led_rejects_non_numeric_t
   11.00 PASS test_collect_task_starters_never_touches_start_and_check_tasks
   11.33 PASS test_webserver_notification_put_pause_time_dispatches_to_the_real_coordinator
   11.70 PASS test_build_system_wires_the_wifi_led_callback_after_both_exist
   12.27 PASS test_webserver_status_answers_the_networking_snapshot_while_wifi_mode_lock_is_held
   12.62 PASS test_is_hotspot_active_wiring_real_static_root_and_api_route_unaffected_in_hotspot_mode
   13.23 PASS test_one_supervisor_pass_over_dead_tasks_persists_at_most_one_entry_per_end
   14.32 PASS test_webserver_sensors_put_round_trips_a_real_scd30_field_through_the_real_driver
   15.08 PASS test_webserver_status_publishes_utc_time_only_after_the_first_ntp_sync
   15.46 PASS test_webserver_system_put_gmt_dst_offset_applies_without_a_reconnect
   15.84 PASS test_webserver_notification_put_light_cmd_led_accepts_integral_float_rgb_and_int_t_coerced
   16.21 PASS test_webserver_system_get_reports_the_real_build_info
   16.64 PASS test_webserver_system_put_debug_level_propagates_to_every_logger
   17.05 PASS test_collect_task_starters_includes_every_constructed_module
   17.42 PASS test_build_system_is_independently_callable_and_returns
   18.14 PASS test_webserver_measurements_and_sensors_get_include_every_real_sensor
   18.97 PASS test_fram_chunk_layout_is_contiguous_deterministic_and_in_owner_order
   19.34 PASS test_webserver_notification_put_light_cmd_led_rejects_out_of_range_t
   19.73 PASS test_is_hotspot_active_wiring_dynamic_phase_switch_is_reflected_live
   20.09 PASS test_debug_seed_value_is_the_starting_level_before_setup_resolves_the_persisted_one
   20.42 PASS test_notify_service_cfgmgr_exists_once_build_system_completes
   22.48 PASS test_a_layout_shifted_by_one_chunk_restores_no_neighbours_history
   22.83 PASS test_webserver_system_put_reboot_flushes_a_still_pending_config_write_first
   23.82 PASS test_webserver_notification_put_flat_field_round_trips_through_the_real_coordinator
   24.78 PASS test_collect_level_setters_returns_one_entry_per_logger_in_the_object_graph
   25.73 PASS test_webserver_notification_put_light_cmd_led_dispatches_to_the_real_pixel_driver
   26.66 PASS test_webserver_system_put_invalid_cmd_is_rejected_without_side_effects
   27.59 PASS test_every_measurement_starts_none_on_every_sensor
   28.56 PASS test_webserver_notification_light_cmd_led_refuses_a_second_flash_at_once
   29.55 PASS test_the_fram_manager_is_the_only_error_source_whose_own_log_is_not_fram_backed
   30.50 PASS test_webserver_notification_put_light_cmd_led_accepts_lower_boundary_rgb_and_t
   31.47 PASS test_scd30s_own_i2c_bus_uses_a_clock_stretch_timeout_wide_enough_for_it
   32.83 PASS test_webserver_networking_put_ntp_fields_clears_synced_until_the_next_sync
   33.82 PASS test_fram_chunks_are_all_successfully_allocated_not_out_of_memory
   34.80 PASS test_build_system_web_host_and_port_default_to_production_values
   35.81 PASS test_webserver_pr_is_fram_backed_when_device_wires_fram
   38.67 PASS test_no_get_route_serialises_a_non_finite_float
   39.87 PASS test_webserver_status_get_reflects_the_real_object_graph
   40.88 PASS test_every_module_and_logger_reaches_the_fan_in_collectors_exactly_once
   41.88 PASS test_webserver_notification_put_light_cmd_led_rejects_out_of_range_rgb
   42.88 PASS test_neopixel_empty_timer_list_reaches_the_generated_collector
   43.89 PASS test_webserver_notification_put_light_cmd_led_accepts_upper_boundary_rgb_and_t
   44.87 PASS test_webserver_notification_put_light_cmd_led_rejects_fractional_rgb
   46.77 PASS test_webserver_status_put_reset_errors_clears_a_real_modules_history
   52.10 PASS test_first_boot_after_a_reflash_reinitialises_every_chunk_without_flood
   53.09 PASS test_main_calls_start_timers_then_force_sync_then_start_and_check_tasks_in_order
   54.10 PASS test_is_hotspot_active_wiring_directory_traversal_still_404s_in_hotspot_mode
   55.10 PASS test_webserver_networking_put_answers_an_unknown_key_invalid
   56.11 PASS test_webserver_notification_put_light_cmd_led_rejects_missing_field
   57.10 PASS test_webserver_networking_put_of_the_mask_string_stores_it_as_the_password
   58.26 PASS test_the_unfed_boot_stretch_after_the_last_setup_feed_stays_within_two_seconds
   59.24 PASS test_webserver_networking_put_ssid_group_reconnects_but_led_group_alone_does_not
   60.23 PASS test_webserver_notification_put_light_cmd_led_rejects_negative_rgb
   64.25 PASS test_every_build_starts_with_every_dma_channel_free
   65.27 PASS test_webserver_networking_put_ntp_fields_forces_a_resync
   66.30 PASS test_boot_feeds_the_watchdog_exactly_once_per_setup_call
   67.32 PASS test_webserver_sensors_put_round_trips_a_real_field_through_the_real_driver
   68.37 PASS test_webserver_networking_put_dns_fallback_stores_a_list_and_refuses_a_malformed_one
   69.85 SERVING_DEMAND wozi connections=6 head=2048 body_cap=2048 largest_body=5682 most_pieces=25 chunk=256 demand=60804 budget=72232 routes={'/system': (151, 1), '/sensors': (397, 2), '/networking': (215, 1), '/notification': (147, 1), '/status': (5682, 25), '/measurements': (263, 2)}
   69.86 PASS test_webserver_every_get_route_fits_the_serving_demand_budget_and_sends_its_pieces_uncopied
   70.03 81/81 passed, 0 failed, 0 skipped
