ok   test_a_bad_argument_reports_bad_arg_before_anything_reaches_the_wire_nocrc 0/16 sleeps=16 clean=22ms
ok   test_a_break_like_run_of_nulls_recovers_to_a_working_exchange_nocrc 0/40 sleeps=126 clean=114ms
ok   test_a_corrupted_byte_stream_recovers_to_a_working_exchange_nocrc 0/40 sleeps=182 clean=148ms
ok   test_a_corrupted_header_byte_is_caught_by_structural_validation_nocrc 0/40 sleeps=129 clean=94ms
ok   test_a_corrupted_payload_byte_is_delivered_undetected_without_a_crc_nocrc 0/40 sleeps=72 clean=44ms
ok   test_a_disconnect_then_reconnect_mid_frame_recovers_nocrc 0/40 sleeps=334 clean=283ms
ok   test_a_dropped_byte_mid_frame_recovers_to_a_working_exchange_nocrc 0/40 sleeps=242 clean=193ms
FLIP test_a_frame_delivered_in_two_fragments_still_assembles_nocrc 13/37 k=[19, 20, 21, 23, 24, 25, 26, 27, 28, 29, 30, 31, 32] first=AssertionError: 
ok   test_a_legal_frame_is_acknowledged_on_the_wire_nocrc 0/19 sleeps=19 clean=17ms
ok   test_a_listener_whose_frame_never_arrives_reports_a_read_timeout_nocrc 0/40 sleeps=63 clean=68ms
ok   test_a_long_run_of_transactions_retains_no_memory_nocrc 0/40 sleeps=3862 clean=1118ms
FLIP test_a_lost_final_ack_is_reported_as_failure_though_the_peer_acted_nocrc 2/40 k=[38, 40] first=AssertionError: 
ok   test_a_payload_size_mismatch_never_delivers_wrong_data_nocrc 0/40 sleeps=163 clean=102ms
ok   test_a_peer_initiating_mid_transaction_is_detected_and_both_recover_nocrc 0/40 sleeps=115 clean=120ms
ok   test_a_peer_initiating_mid_transaction_reports_peer_initiated_nocrc 0/40 sleeps=56 clean=65ms
ok   test_a_peer_that_never_produces_a_valid_frame_is_diagnosed_nocrc 0/40 sleeps=769 clean=515ms
ok   test_a_peer_that_resets_mid_transaction_converges_once_it_returns_nocrc 0/40 sleeps=314 clean=247ms
ok   test_a_receive_buffer_smaller_than_a_frame_is_refused_at_construction_nocrc 0/0 sleeps=0 clean=0ms
ok   test_a_receive_overrun_recovers_to_a_working_exchange_nocrc 0/40 sleeps=216 clean=148ms
ok   test_a_reentrant_call_reports_its_own_errno_nocrc 0/40 sleeps=86 clean=95ms
FLIP test_a_second_call_during_a_transaction_is_refused_with_a_sentinel_nocrc 8/36 k=[18, 21, 22, 23, 24, 25, 28, 29] first=AssertionError: 
ok   test_a_silent_peer_reports_no_ack_not_a_generic_failure_nocrc 0/40 sleeps=86 clean=93ms
FLIP test_a_size_mismatch_against_an_expected_size_reports_it_distinctly_nocrc 10/40 k=[17, 18, 19, 23, 24, 25, 26, 28, 29, 30] first=AssertionError: 
ok   test_a_train_whose_chunks_total_changes_is_rejected_before_the_data_is_kept_nocrc 0/40 sleeps=59 clean=62ms
ok   test_a_train_with_a_stale_data_chunk_uid_is_rejected_nocrc 0/40 sleeps=62 clean=63ms
ok   test_a_truncated_frame_recovers_to_a_working_exchange_nocrc 0/40 sleeps=212 clean=153ms
ok   test_an_oversized_payload_reports_payload_too_large_nocrc 0/12 sleeps=12 clean=16ms
ok   test_clear_racing_a_transaction_leaves_it_completed_or_cleanly_failed_nocrc 0/40 sleeps=111 clean=70ms
ok   test_clear_terminates_even_while_a_listener_is_parked_forever_nocrc 0/22 sleeps=22 clean=22ms
ok   test_corruption_plus_dropped_bytes_still_converges_nocrc 0/40 sleeps=429 clean=358ms
