ok   test_a_caller_buffer_too_small_for_the_encoded_frame_is_refused 0/0 sleeps=0 clean=0ms
ok   test_a_codec_whose_allocation_failed_degrades_every_framed_call 0/0 sleeps=0 clean=1ms
ok   test_a_complete_write_reslices_nothing 0/1 sleeps=1 clean=0ms
ok   test_a_corrupt_code_byte_is_a_decode_failure_not_an_overrun 0/0 sleeps=0 clean=0ms
ok   test_a_crc_framed_write_of_nothing_is_refused_rather_than_sent_as_a_bare_crc 0/0 sleeps=0 clean=0ms
FLIP test_a_deadlineless_wait_polls_at_the_idle_rate_and_a_bounded_one_does_not 3/6 k=[4, 5, 6] first=AssertionError:  @ File "tests/test_asy_uart_driver.py", line 1628, in test_a_deadlineless_wait_polls_at_the_idle_rate_and_a_bounded_one_does_not
     kind: AssertionError:  @ File "tests/test_asy_uart_driver.py", line 1628, in test_a_deadlineless_wait_polls_at_the_idle_rate_and_a_bounded_one_does_not  k=[4, 5, 6]
ok   test_a_delimited_codec_that_names_no_delimiter_fails_the_read 0/0 sleeps=0 clean=0ms
ok   test_a_delimited_frame_longer_than_the_yield_interval_still_yields 0/3 sleeps=3 clean=1ms
ok   test_a_delimited_frame_read_never_probes_an_empty_ring 0/3 sleeps=3 clean=0ms
ok   test_a_delimited_read_whose_worst_case_buffer_will_not_fit_fails_cleanly 0/0 sleeps=0 clean=2ms
ok   test_a_delimited_read_with_nothing_on_the_line_times_out_on_both_paths 0/4 sleeps=4 clean=81ms
ok   test_a_new_ready_call_does_not_clear_an_unrelated_cancel 0/0 sleeps=0 clean=0ms
ok   test_a_peer_that_never_sends_a_delimiter_fails_the_read_rather_than_blocking 0/0 sleeps=0 clean=0ms
ok   test_a_raising_any_is_swallowed_instead_of_escaping_the_driver 0/3 sleeps=3 clean=0ms
ok   test_a_read_that_comes_back_empty_after_reporting_ready_ends_the_loop 0/3 sleeps=3 clean=0ms
ok   test_a_readline_that_never_becomes_ready_returns_the_sentinel 0/2 sleeps=2 clean=40ms
ok   test_a_short_write_still_completes_across_rounds 0/3 sleeps=3 clean=0ms
ok   test_a_whole_frame_read_never_asks_for_a_byte_that_has_not_arrived 0/2 sleeps=2 clean=0ms
ok   test_aenter_returns_the_uart_itself 0/0 sleeps=0 clean=0ms
ok   test_aexit_tolerates_a_lock_already_released_inside_the_block 0/0 sleeps=0 clean=0ms
ok   test_async_with_acquires_and_releases_lock 0/0 sleeps=0 clean=0ms
ok   test_bad_invert_mask_raises_value_error 0/0 sleeps=0 clean=0ms
ok   test_bad_invert_wins_over_bad_rxbuf_and_txbuf 0/0 sleeps=0 clean=0ms
ok   test_bad_port_id_wins_over_bad_rxbuf_and_invert 0/0 sleeps=0 clean=0ms
ok   test_bad_rxbuf_wins_over_bad_txbuf 0/0 sleeps=0 clean=0ms
ok   test_bad_tx_pin_wins_over_bad_port_id 0/0 sleeps=0 clean=0ms
ok   test_cancel_between_two_reads_is_not_lost 0/3 sleeps=3 clean=45ms
ok   test_cancel_during_a_completing_read_still_terminates 0/3 sleeps=3 clean=46ms
ok   test_cancel_read_timeout_returns_false_if_not_locked 0/0 sleeps=0 clean=0ms
ok   test_cancel_read_timeout_unblocks_a_pending_wait 0/2 sleeps=2 clean=25ms
ok   test_cancel_with_a_wedged_holder_is_bounded_and_counted 0/3 sleeps=3 clean=400ms
ok   test_cobs_round_trips_through_the_allocating_read 0/1 sleeps=1 clean=0ms
ok   test_cobs_round_trips_through_the_driver 0/1 sleeps=1 clean=0ms
ok   test_cobs_round_trips_with_a_crc_underneath_it 0/1 sleeps=1 clean=0ms
ok   test_cobs_write_emits_a_delimited_frame_with_no_inner_zero 0/1 sleeps=1 clean=0ms
ok   test_context_manager_does_not_suppress_exceptions 0/0 sleeps=0 clean=0ms
ok   test_deinit_calls_real_hardware_deinit_and_clears_poller 0/0 sleeps=0 clean=0ms
ok   test_deinit_swallows_poller_unregister_failure 0/0 sleeps=0 clean=0ms
ok   test_double_deinit_is_idempotent 0/0 sleeps=0 clean=0ms
ok   test_empty_frames_are_skipped_at_the_codec_layer 0/1 sleeps=1 clean=0ms
ok   test_exception_inside_session_still_releases_the_lock 0/0 sleeps=0 clean=0ms
ok   test_failed_reinit_leaves_the_bus_deinitialized_not_reverted 0/0 sleeps=0 clean=0ms
ok   test_into_methods_move_the_same_bytes_as_their_allocating_siblings 0/4 sleeps=4 clean=0ms
ok   test_invalid_port_id_raises_value_error 0/0 sleeps=0 clean=0ms
ok   test_invalid_rx_pin_raises_value_error 0/0 sleeps=0 clean=0ms
ok   test_invalid_tx_pin_raises_value_error 0/0 sleeps=0 clean=0ms
ok   test_leaving_the_locked_region_acknowledges_a_latched_cancel 0/1 sleeps=1 clean=25ms
ok   test_multiple_invalid_pins_still_raises_cleanly 0/0 sleeps=0 clean=0ms
ok   test_no_read_happens_after_the_cancel_is_acknowledged 0/2 sleeps=2 clean=25ms
ok   test_no_uart_built_here_polls_through_a_real_select_poll 0/0 sleeps=0 clean=0ms
ok   test_non_int_pin_raises_type_error 0/0 sleeps=0 clean=0ms
ok   test_non_positive_baudrate_does_not_raise 0/0 sleeps=0 clean=0ms
ok   test_operations_after_deinit_return_none_or_false 0/0 sleeps=0 clean=0ms
ok   test_operations_outside_async_with_return_none_or_false 0/0 sleeps=0 clean=0ms
ok   test_pass_through_codec_emits_exactly_what_it_always_did 0/2 sleeps=2 clean=0ms
ok   test_read_returns_bytes_once_ready 0/1 sleeps=1 clean=0ms
ok   test_read_returns_none_on_timeout 0/2 sleeps=2 clean=40ms
ok   test_read_until_complete_assembles_across_multiple_rounds 0/2 sleeps=2 clean=0ms
ok   test_read_until_complete_bad_crc_returns_none 0/1 sleeps=1 clean=0ms
ok   test_read_until_complete_default_crc_is_pass_through 0/1 sleeps=1 clean=0ms
ok   test_read_until_complete_never_asks_for_more_than_is_buffered 0/2 sleeps=2 clean=0ms
ok   test_read_until_complete_returns_none_on_crc_check_memoryerror 0/1 sleeps=1 clean=0ms
ok   test_read_until_complete_strips_and_verifies_real_crc 0/1 sleeps=1 clean=0ms
ok   test_read_until_complete_zero_nbytes_returns_empty_immediately 0/0 sleeps=0 clean=0ms
ok   test_read_with_explicit_nbytes_reads_exactly_that_many_bytes 0/1 sleeps=1 clean=0ms
ok   test_readinto_fills_buffer_and_returns_count 0/1 sleeps=1 clean=0ms
ok   test_readinto_until_complete_fills_buffer_and_strips_crc 0/1 sleeps=1 clean=0ms
ok   test_readinto_until_complete_nbytes_too_large_for_buffer_returns_none 0/0 sleeps=0 clean=0ms
ok   test_readinto_until_complete_never_asks_for_more_than_is_buffered 0/2 sleeps=2 clean=0ms
ok   test_readinto_with_explicit_nbytes_reads_exactly_that_many_bytes 0/1 sleeps=1 clean=0ms
ok   test_readline_does_not_probe_an_empty_buffer 0/1 sleeps=1 clean=0ms
ok   test_readline_returns_bytes_once_ready 0/1 sleeps=1 clean=0ms
ok   test_readline_until_complete_assembles_multi_part_line 0/2 sleeps=2 clean=0ms
ok   test_readline_until_complete_does_not_probe_an_empty_buffer_either 0/3 sleeps=3 clean=1ms
ok   test_readline_until_complete_survives_an_empty_readline_without_crashing 0/2 sleeps=2 clean=0ms
ok   test_ready_returns_false_on_a_malformed_mask 0/0 sleeps=0 clean=0ms
ok   test_ready_returns_true_once_data_is_available 0/1 sleeps=1 clean=0ms
ok   test_ready_survives_a_concurrent_deinit_mid_loop 0/2 sleeps=2 clean=40ms
ok   test_ready_times_out_when_nothing_arrives 0/2 sleeps=2 clean=40ms
ok   test_ready_yields_even_when_the_mask_is_already_satisfied 0/1 sleeps=1 clean=0ms
ok   test_reentrant_acquisition_deadlocks_and_cleans_up 0/0 sleeps=0 clean=201ms
ok   test_reinit_deinits_the_previous_bus_first 0/0 sleeps=0 clean=0ms
ok   test_resync_framing_is_inert_for_the_pass_through_codec 0/0 sleeps=0 clean=0ms
ok   test_rxbuf_and_baudrate_are_readable_back 0/0 sleeps=0 clean=0ms
ok   test_rxbuf_too_large_raises_value_error 0/0 sleeps=0 clean=0ms
ok   test_single_shot_reads_clamp_to_what_is_buffered_and_report_nothing_as_none 0/2 sleeps=2 clean=0ms
ok   test_task_cancellation_while_holding_the_lock_still_releases_it 0/0 sleeps=0 clean=0ms
ok   test_the_allocating_read_yields_rather_than_spinning_on_an_empty_ring 0/3 sleeps=3 clean=1ms
ok   test_the_fragment_after_a_resync_is_discarded_never_decoded 0/1 sleeps=1 clean=0ms
ok   test_two_concurrent_cancellers_both_return 0/3 sleeps=3 clean=26ms
ok   test_two_tasks_sharing_one_uart_never_run_concurrently 0/0 sleeps=0 clean=0ms
ok   test_txbuf_too_large_raises_value_error 0/0 sleeps=0 clean=0ms
ok   test_uncounted_reads_are_clamped_to_what_is_buffered_too 0/2 sleeps=2 clean=0ms
ok   test_valid_bits_parity_stop_pass_through_unvalidated 0/0 sleeps=0 clean=0ms
ok   test_valid_buffer_size_boundaries 0/0 sleeps=0 clean=0ms
ok   test_valid_construction_on_both_real_uart_ports 0/0 sleeps=0 clean=0ms
ok   test_valid_crc_configurations 0/0 sleeps=0 clean=0ms
ok   test_valid_default_construction_succeeds 0/0 sleeps=0 clean=0ms
ok   test_valid_invert_mask_every_combination 0/0 sleeps=0 clean=0ms
ok   test_write_can_be_cancelled_while_waiting_for_tx_ready 0/2 sleeps=2 clean=25ms
ok   test_write_default_crc_is_pass_through 0/1 sleeps=1 clean=0ms
ok   test_write_empty_message_succeeds_without_touching_the_bus 0/0 sleeps=0 clean=0ms
ok   test_write_frames_with_configured_crc 0/1 sleeps=1 clean=0ms
ok   test_write_retries_after_a_short_write_until_everything_is_sent 0/3 sleeps=3 clean=0ms
ok   test_write_returns_false_on_crc_add_memoryerror 0/0 sleeps=0 clean=0ms
ok   test_write_returns_false_when_crc_add_returns_none 0/0 sleeps=0 clean=0ms
ok   test_write_returns_false_when_uart_write_returns_none 0/1 sleeps=1 clean=0ms
ok   test_write_waits_until_tx_becomes_writable 0/2 sleeps=2 clean=20ms
ok   test_writefrom_buffer_too_small_for_crc_returns_false 0/0 sleeps=0 clean=0ms
ok   test_writefrom_frames_with_crc_in_place 0/1 sleeps=1 clean=0ms
ok   test_writefrom_is_framed_exactly_like_write 0/2 sleeps=2 clean=0ms
ok   test_writefrom_rejects_a_buffer_with_no_room_for_the_crc 0/1 sleeps=1 clean=0ms
ok   test_writefrom_rejects_a_size_longer_than_the_buffer 0/0 sleeps=0 clean=0ms
ok   test_writefrom_retries_after_a_short_write_until_everything_is_sent 0/2 sleeps=2 clean=0ms
