    ('sleep', 1, 'I', 0, 21638860)
    ('sleep', 2, 'R', 1, 21638860)
    ('ready', 'I', 'OUT', -1, True, 0)
    ('wire', 'I->', 'cmd=2 size=1 chunks=1 cur=1 uid=1', 21638860)
    ('I._read_frame#1', 21638860)
    ('sleep', 3, 'I', 1, 21638860)
    ('STALL', 3, 40)
    ('sleep', 4, 'R', 0, 21638900)
    ('ready', 'I', 'IN', 30, False, 40)
    ('sleep', 5, 'I', 1, 21638900)
    ('ready', 'R', 'IN', -1, True, 40)
    ('sleep', 6, 'R', 0, 21638900)
    ('ready', 'R', 'OUT', -1, True, 0)
    ('wire', 'R->', 'cmd=1 size=0 chunks=1 cur=1 uid=1', 21638900)
    ('sleep', 7, 'R', 0, 21638900)
    ('ready', 'R', 'OUT', -1, True, 0)
    ('wire', 'R->', 'cmd=4 size=1 chunks=2 cur=1 uid=1', 21638900)
    ('sleep', 8, 'R', 1, 21638900)
    ('sleep', 9, 'I', 0, 21638901)
    ('sleep', 10, 'R', 1, 21638901)
    ('ready', 'I', 'IN', 45, True, 1)
    ('sleep', 11, 'I', 0, 21638901)
    ('ready', 'I', 'IN', 45, True, 0)
    ('sleep', 12, 'I', 1, 21638901)
    ('sleep', 13, 'R', 1, 21638902)
    ('sleep', 14, 'I', 1, 21638902)
    ('sleep', 15, 'R', 1, 21638903)
    ('sleep', 16, 'I', 1, 21638903)
    ('sleep', 17, 'R', 1, 21638904)
    ('sleep', 18, 'I', 1, 21638904)
    ('sleep', 19, 'R', 1, 21638905)
    ('sleep', 20, 'I', 1, 21638905)
    ('sleep', 21, 'R', 1, 21638906)
    ('sleep', 22, 'I', 1, 21638906)
    ('sleep', 23, 'R', 1, 21638907)
    ('sleep', 24, 'I', 1, 21638907)
    ('sleep', 25, 'R', 1, 21638908)
    ('sleep', 26, 'I', 1, 21638908)
    ('sleep', 27, 'R', 1, 21638909)
    ('sleep', 28, 'I', 1, 21638909)
    ('sleep', 29, 'R', 1, 21638911)
    ('sleep', 30, 'I', 1, 21638911)
    ('sleep', 31, 'R', 1, 21638912)
    ('sleep', 32, 'I', 1, 21638912)
    ('sleep', 33, 'R', 1, 21638913)
    ('sleep', 34, 'I', 1, 21638913)
    ('sleep', 35, 'R', 1, 21638914)
    ('sleep', 36, 'I', 1, 21638914)
    ('sleep', 37, 'R', 1, 21638915)
    ('sleep', 38, 'I', 1, 21638915)
    ('sleep', 39, 'R', 1, 21638916)
    ('sleep', 40, 'I', 1, 21638916)
    ('sleep', 41, 'R', 1, 21638917)
    ('sleep', 42, 'I', 1, 21638917)
    ('sleep', 43, 'R', 1, 21638918)
    ('sleep', 44, 'I', 1, 21638918)
    ('sleep', 45, 'R', 1, 21638919)
    ('sleep', 46, 'I', 1, 21638919)
    ('sleep', 47, 'R', 1, 21638920)
    ('sleep', 48, 'I', 1, 21638920)
    ('sleep', 49, 'R', 1, 21638922)
    ('sleep', 50, 'I', 1, 21638922)
    ('sleep', 51, 'R', 1, 21638924)
    ('sleep', 52, 'I', 1, 21638924)
    ('sleep', 53, 'R', 1, 21638925)
    ('sleep', 54, 'I', 1, 21638925)
    ('sleep', 55, 'R', 1, 21638926)
    ('sleep', 56, 'I', 1, 21638926)
    ('sleep', 57, 'R', 1, 21638927)
    ('sleep', 58, 'I', 1, 21638927)
    ('sleep', 59, 'R', 1, 21638928)
    ('sleep', 60, 'I', 1, 21638928)
    ('sleep', 61, 'R', 1, 21638929)
    ('sleep', 62, 'I', 1, 21638929)
    ('sleep', 63, 'R', 1, 21638930)
    ('sleep', 64, 'I', 1, 21638930)
    ('ready', 'R', 'IN', 30, False, 31)
    ('sleep', 65, 'R', 1, 21638931)
    ('sleep', 66, 'I', 1, 21638931)
    ('sleep', 67, 'R', 1, 21638932)
    ('sleep', 68, 'I', 1, 21638932)
    ('sleep', 69, 'R', 1, 21638934)
    ('sleep', 70, 'I', 1, 21638934)
    ('sleep', 71, 'R', 1, 21638935)
    ('sleep', 72, 'I', 1, 21638935)
    ('sleep', 73, 'R', 1, 21638936)
    ('sleep', 74, 'I', 1, 21638936)
    ('sleep', 75, 'R', 1, 21638937)
    ('sleep', 76, 'I', 1, 21638937)
    ('sleep', 77, 'R', 1, 21638938)
    ('sleep', 78, 'I', 1, 21638938)
    ('sleep', 79, 'R', 1, 21638939)
    ('sleep', 80, 'I', 1, 21638939)
    ('sleep', 81, 'R', 1, 21638940)
    ('sleep', 82, 'I', 1, 21638940)
    ('sleep', 83, 'R', 1, 21638941)
    ('sleep', 84, 'I', 1, 21638941)
    ('sleep', 85, 'R', 1, 21638942)
    ('sleep', 86, 'I', 1, 21638942)
    ('sleep', 87, 'R', 1, 21638943)
    ('sleep', 88, 'I', 1, 21638943)
    ('sleep', 89, 'R', 1, 21638944)
    ('sleep', 90, 'I', 1, 21638944)
    ('sleep', 91, 'R', 1, 21638945)
    ('sleep', 92, 'I', 1, 21638945)
    ('sleep', 93, 'R', 1, 21638946)
    ('sleep', 94, 'I', 1, 21638946)
    ('sleep', 95, 'R', 1, 21638947)
    ('ready', 'I', 'IN', 45, False, 46)
    ('sleep', 96, 'R', 1, 21638949)
    ('sleep', 97, 'R', 1, 21638950)
    ('sleep', 98, 'R', 1, 21638952)
    ('sleep', 99, 'R', 1, 21638953)
    ('sleep', 100, 'R', 1, 21638954)
    ('sleep', 101, 'R', 1, 21638955)
    ('sleep', 102, 'R', 1, 21638956)
    ('sleep', 103, 'R', 1, 21638957)
    ('sleep', 104, 'R', 1, 21638958)
    ('sleep', 105, 'R', 1, 21638960)
    ('sleep', 106, 'R', 1, 21638961)
    ('sleep', 107, 'R', 1, 21638962)
    ('sleep', 108, 'R', 1, 21638963)
    ('sleep', 109, 'R', 1, 21638964)
    ('sleep', 110, 'R', 1, 21638965)
    ('sleep', 111, 'R', 1, 21638966)
    ('sleep', 112, 'R', 1, 21638967)
    ('sleep', 113, 'R', 1, 21638968)
    ('sleep', 114, 'R', 1, 21638970)
    ('sleep', 115, 'R', 1, 21638972)
    ('sleep', 116, 'R', 1, 21638973)
    ('sleep', 117, 'R', 1, 21638974)
    ('sleep', 118, 'R', 1, 21638975)
    ('sleep', 119, 'R', 1, 21638976)
    ('ready', 'R', 'IN', 45, False, 46)
FLIP k= 1 D=40 result=None initiator=[81] responder=[81]
    ('sleep', 1, 'I', 0, 21638994)
    ('sleep', 2, 'R', 1, 21638994)
    ('ready', 'I', 'OUT', -1, True, 0)
    ('wire', 'I->', 'cmd=2 size=1 chunks=1 cur=1 uid=1', 21638994)
    ('I._read_frame#1', 21638994)
    ('sleep', 3, 'I', 1, 21638994)
    ('sleep', 4, 'R', 0, 21638996)
    ('sleep', 5, 'I', 1, 21638996)
    ('ready', 'R', 'IN', -1, True, 2)
    ('sleep', 6, 'R', 0, 21638996)
    ('ready', 'R', 'OUT', -1, True, 0)
    ('wire', 'R->', 'cmd=1 size=0 chunks=1 cur=1 uid=1', 21638996)
    ('sleep', 7, 'R', 0, 21638996)
    ('ready', 'R', 'OUT', -1, True, 0)
    ('wire', 'R->', 'cmd=4 size=1 chunks=2 cur=1 uid=1', 21638996)
    ('sleep', 8, 'R', 1, 21638996)
    ('sleep', 9, 'I', 0, 21638997)
    ('sleep', 10, 'R', 1, 21638997)
    ('ready', 'I', 'IN', 30, True, 3)
    ('I._read_frame#2', 21638997)
    ('sleep', 11, 'I', 0, 21638997)
    ('STALL', 11, 40)
    ('ready', 'I', 'IN', 30, True, 40)
    ('sleep', 12, 'I', 0, 21639037)
    ('ready', 'R', 'IN', 30, False, 41)
    ('sleep', 13, 'R', 1, 21639037)
    ('ready', 'I', 'OUT', -1, True, 0)
    ('wire', 'I->', 'cmd=1 size=0 chunks=1 cur=1 uid=1', 21639037)
    ('I._read_frame#3', 21639037)
    ('sleep', 14, 'I', 1, 21639037)
    ('sleep', 15, 'R', 0, 21639038)
    ('sleep', 16, 'I', 1, 21639038)
    ('ready', 'R', 'IN', 45, True, 1)
    ('sleep', 17, 'R', 1, 21639038)
    ('sleep', 18, 'I', 1, 21639039)
    ('sleep', 19, 'R', 1, 21639039)
    ('sleep', 20, 'I', 1, 21639040)
    ('sleep', 21, 'R', 1, 21639040)
    ('sleep', 22, 'I', 1, 21639041)
    ('sleep', 23, 'R', 1, 21639041)
    ('sleep', 24, 'I', 1, 21639044)
    ('sleep', 25, 'R', 1, 21639044)
    ('sleep', 26, 'I', 1, 21639045)
    ('sleep', 27, 'R', 1, 21639045)
    ('sleep', 28, 'I', 1, 21639046)
    ('sleep', 29, 'R', 1, 21639046)
    ('sleep', 30, 'I', 1, 21639047)
    ('sleep', 31, 'R', 1, 21639047)
    ('sleep', 32, 'I', 1, 21639048)
    ('sleep', 33, 'R', 1, 21639048)
    ('sleep', 34, 'I', 1, 21639049)
    ('sleep', 35, 'R', 1, 21639049)
    ('sleep', 36, 'I', 1, 21639050)
    ('sleep', 37, 'R', 1, 21639050)
    ('sleep', 38, 'I', 1, 21639051)
    ('sleep', 39, 'R', 1, 21639051)
    ('sleep', 40, 'I', 1, 21639052)
    ('sleep', 41, 'R', 1, 21639052)
    ('sleep', 42, 'I', 1, 21639053)
    ('sleep', 43, 'R', 1, 21639053)
    ('sleep', 44, 'I', 1, 21639054)
    ('sleep', 45, 'R', 1, 21639054)
    ('sleep', 46, 'I', 1, 21639056)
    ('sleep', 47, 'R', 1, 21639056)
    ('sleep', 48, 'I', 1, 21639057)
    ('sleep', 49, 'R', 1, 21639057)
    ('sleep', 50, 'I', 1, 21639058)
    ('sleep', 51, 'R', 1, 21639058)
    ('sleep', 52, 'I', 1, 21639059)
    ('sleep', 53, 'R', 1, 21639059)
    ('sleep', 54, 'I', 1, 21639060)
    ('sleep', 55, 'R', 1, 21639060)
    ('sleep', 56, 'I', 1, 21639061)
    ('sleep', 57, 'R', 1, 21639061)
    ('sleep', 58, 'I', 1, 21639062)
    ('sleep', 59, 'R', 1, 21639062)
    ('sleep', 60, 'I', 1, 21639063)
    ('sleep', 61, 'R', 1, 21639063)
    ('sleep', 62, 'I', 1, 21639064)
    ('sleep', 63, 'R', 1, 21639064)
    ('sleep', 64, 'I', 1, 21639065)
    ('sleep', 65, 'R', 1, 21639065)
    ('sleep', 66, 'I', 1, 21639066)
    ('sleep', 67, 'R', 1, 21639066)
    ('sleep', 68, 'I', 1, 21639067)
    ('sleep', 69, 'R', 1, 21639067)
    ('ready', 'I', 'IN', 30, False, 32)
    ('sleep', 70, 'I', 1, 21639069)
    ('sleep', 71, 'R', 1, 21639069)
    ('sleep', 72, 'I', 1, 21639070)
    ('sleep', 73, 'R', 1, 21639070)
    ('sleep', 74, 'I', 1, 21639071)
    ('sleep', 75, 'R', 1, 21639071)
    ('sleep', 76, 'I', 1, 21639072)
    ('sleep', 77, 'R', 1, 21639072)
    ('sleep', 78, 'I', 1, 21639073)
    ('sleep', 79, 'R', 1, 21639073)
    ('sleep', 80, 'I', 1, 21639074)
    ('sleep', 81, 'R', 1, 21639074)
    ('sleep', 82, 'I', 1, 21639075)
    ('sleep', 83, 'R', 1, 21639075)
    ('sleep', 84, 'I', 1, 21639076)
    ('sleep', 85, 'R', 1, 21639076)
    ('sleep', 86, 'I', 1, 21639077)
    ('sleep', 87, 'R', 1, 21639077)
    ('sleep', 88, 'I', 1, 21639078)
    ('sleep', 89, 'R', 1, 21639078)
    ('sleep', 90, 'I', 1, 21639079)
    ('sleep', 91, 'R', 1, 21639079)
    ('sleep', 92, 'I', 1, 21639080)
    ('sleep', 93, 'R', 1, 21639080)
    ('sleep', 94, 'I', 1, 21639082)
    ('sleep', 95, 'R', 1, 21639082)
    ('sleep', 96, 'I', 1, 21639083)
    ('sleep', 97, 'R', 1, 21639083)
    ('sleep', 98, 'I', 1, 21639084)
    ('ready', 'R', 'IN', 45, False, 46)
    ('sleep', 99, 'I', 1, 21639085)
    ('sleep', 100, 'I', 1, 21639086)
    ('sleep', 101, 'I', 1, 21639087)
    ('sleep', 102, 'I', 1, 21639088)
    ('sleep', 103, 'I', 1, 21639089)
    ('sleep', 104, 'I', 1, 21639090)
    ('sleep', 105, 'I', 1, 21639091)
    ('sleep', 106, 'I', 1, 21639092)
    ('sleep', 107, 'I', 1, 21639094)
    ('sleep', 108, 'I', 1, 21639095)
    ('sleep', 109, 'I', 1, 21639096)
    ('sleep', 110, 'I', 1, 21639097)
    ('sleep', 111, 'I', 1, 21639098)
    ('sleep', 112, 'I', 1, 21639099)
    ('sleep', 113, 'I', 1, 21639100)
    ('sleep', 114, 'I', 1, 21639101)
    ('sleep', 115, 'I', 1, 21639102)
    ('sleep', 116, 'I', 1, 21639105)
    ('sleep', 117, 'I', 1, 21639106)
    ('sleep', 118, 'I', 1, 21639107)
    ('sleep', 119, 'I', 1, 21639108)
    ('sleep', 120, 'I', 1, 21639109)
    ('sleep', 121, 'I', 1, 21639110)
    ('sleep', 122, 'I', 1, 21639111)
    ('sleep', 123, 'I', 1, 21639112)
    ('sleep', 124, 'I', 1, 21639114)
    ('ready', 'I', 'IN', 45, False, 46)
FLIP k= 2 D=40 result=None initiator=[22] responder=[81]
    ('sleep', 1, 'I', 0, 21639132)
    ('sleep', 2, 'R', 1, 21639132)
    ('ready', 'I', 'OUT', -1, True, 0)
    ('wire', 'I->', 'cmd=2 size=1 chunks=1 cur=1 uid=1', 21639132)
    ('I._read_frame#1', 21639132)
    ('sleep', 3, 'I', 1, 21639132)
    ('sleep', 4, 'R', 0, 21639134)
    ('sleep', 5, 'I', 1, 21639134)
    ('ready', 'R', 'IN', -1, True, 2)
    ('sleep', 6, 'R', 0, 21639134)
    ('ready', 'R', 'OUT', -1, True, 0)
    ('wire', 'R->', 'cmd=1 size=0 chunks=1 cur=1 uid=1', 21639134)
    ('sleep', 7, 'R', 0, 21639134)
    ('ready', 'R', 'OUT', -1, True, 0)
    ('wire', 'R->', 'cmd=4 size=1 chunks=2 cur=1 uid=1', 21639134)
    ('sleep', 8, 'R', 1, 21639134)
    ('sleep', 9, 'I', 0, 21639135)
    ('sleep', 10, 'R', 1, 21639135)
    ('ready', 'I', 'IN', 30, True, 3)
    ('I._read_frame#2', 21639135)
    ('sleep', 11, 'I', 0, 21639135)
    ('ready', 'I', 'IN', 30, True, 0)
    ('sleep', 12, 'I', 0, 21639135)
    ('ready', 'I', 'OUT', -1, True, 0)
    ('wire', 'I->', 'cmd=1 size=0 chunks=1 cur=1 uid=1', 21639135)
    ('I._read_frame#3', 21639135)
    ('sleep', 13, 'I', 1, 21639135)
    ('STALL', 13, 40)
    ('sleep', 14, 'R', 0, 21639175)
    ('ready', 'I', 'IN', 30, False, 40)
    ('sleep', 15, 'I', 1, 21639175)
    ('ready', 'R', 'IN', 30, True, 41)
    ('sleep', 16, 'R', 0, 21639175)
    ('ready', 'R', 'OUT', -1, True, 0)
    ('wire', 'R->', 'cmd=4 size=2 chunks=2 cur=2 uid=2', 21639175)
    ('sleep', 17, 'R', 1, 21639175)
    ('sleep', 18, 'I', 0, 21639176)
    ('sleep', 19, 'R', 1, 21639176)
    ('ready', 'I', 'IN', 45, True, 1)
    ('sleep', 20, 'I', 1, 21639176)
    ('sleep', 21, 'R', 1, 21639177)
    ('sleep', 22, 'I', 1, 21639177)
    ('sleep', 23, 'R', 1, 21639178)
    ('sleep', 24, 'I', 1, 21639178)
    ('sleep', 25, 'R', 1, 21639180)
    ('sleep', 26, 'I', 1, 21639180)
    ('sleep', 27, 'R', 1, 21639181)
    ('sleep', 28, 'I', 1, 21639181)
    ('sleep', 29, 'R', 1, 21639182)
    ('sleep', 30, 'I', 1, 21639182)
    ('sleep', 31, 'R', 1, 21639183)
    ('sleep', 32, 'I', 1, 21639183)
    ('sleep', 33, 'R', 1, 21639184)
    ('sleep', 34, 'I', 1, 21639184)
    ('sleep', 35, 'R', 1, 21639185)
    ('sleep', 36, 'I', 1, 21639185)
    ('sleep', 37, 'R', 1, 21639186)
    ('sleep', 38, 'I', 1, 21639186)
    ('sleep', 39, 'R', 1, 21639187)
    ('sleep', 40, 'I', 1, 21639187)
    ('sleep', 41, 'R', 1, 21639188)
    ('sleep', 42, 'I', 1, 21639188)
    ('sleep', 43, 'R', 1, 21639189)
    ('sleep', 44, 'I', 1, 21639189)
    ('sleep', 45, 'R', 1, 21639190)
    ('sleep', 46, 'I', 1, 21639190)
    ('sleep', 47, 'R', 1, 21639192)
    ('sleep', 48, 'I', 1, 21639192)
    ('sleep', 49, 'R', 1, 21639193)
    ('sleep', 50, 'I', 1, 21639193)
    ('sleep', 51, 'R', 1, 21639194)
    ('sleep', 52, 'I', 1, 21639194)
    ('sleep', 53, 'R', 1, 21639195)
    ('sleep', 54, 'I', 1, 21639195)
    ('sleep', 55, 'R', 1, 21639196)
    ('sleep', 56, 'I', 1, 21639196)
    ('sleep', 57, 'R', 1, 21639197)
    ('sleep', 58, 'I', 1, 21639197)
    ('sleep', 59, 'R', 1, 21639198)
    ('sleep', 60, 'I', 1, 21639198)
    ('sleep', 61, 'R', 1, 21639200)
    ('sleep', 62, 'I', 1, 21639200)
    ('sleep', 63, 'R', 1, 21639201)
    ('sleep', 64, 'I', 1, 21639201)
    ('sleep', 65, 'R', 1, 21639202)
    ('sleep', 66, 'I', 1, 21639202)
    ('sleep', 67, 'R', 1, 21639203)
    ('sleep', 68, 'I', 1, 21639203)
    ('sleep', 69, 'R', 1, 21639204)
    ('sleep', 70, 'I', 1, 21639204)
    ('sleep', 71, 'R', 1, 21639205)
    ('sleep', 72, 'I', 1, 21639205)
    ('ready', 'R', 'IN', 30, False, 32)
    ('sleep', 73, 'R', 1, 21639207)
    ('sleep', 74, 'I', 1, 21639207)
    ('sleep', 75, 'R', 1, 21639208)
    ('sleep', 76, 'I', 1, 21639208)
    ('sleep', 77, 'R', 1, 21639209)
    ('sleep', 78, 'I', 1, 21639209)
    ('sleep', 79, 'R', 1, 21639210)
    ('sleep', 80, 'I', 1, 21639210)
    ('sleep', 81, 'R', 1, 21639211)
    ('sleep', 82, 'I', 1, 21639211)
    ('sleep', 83, 'R', 1, 21639212)
    ('sleep', 84, 'I', 1, 21639212)
    ('sleep', 85, 'R', 1, 21639213)
    ('sleep', 86, 'I', 1, 21639213)
    ('sleep', 87, 'R', 1, 21639214)
    ('sleep', 88, 'I', 1, 21639214)
    ('sleep', 89, 'R', 1, 21639216)
    ('sleep', 90, 'I', 1, 21639216)
    ('sleep', 91, 'R', 1, 21639217)
    ('sleep', 92, 'I', 1, 21639217)
    ('sleep', 93, 'R', 1, 21639218)
    ('sleep', 94, 'I', 1, 21639218)
    ('sleep', 95, 'R', 1, 21639219)
    ('sleep', 96, 'I', 1, 21639219)
    ('sleep', 97, 'R', 1, 21639220)
    ('sleep', 98, 'I', 1, 21639220)
    ('sleep', 99, 'R', 1, 21639221)
    ('sleep', 100, 'I', 1, 21639221)
    ('sleep', 101, 'R', 1, 21639223)
    ('ready', 'I', 'IN', 45, False, 47)
    ('sleep', 102, 'R', 1, 21639224)
    ('sleep', 103, 'R', 1, 21639225)
    ('sleep', 104, 'R', 1, 21639226)
    ('sleep', 105, 'R', 1, 21639227)
    ('sleep', 106, 'R', 1, 21639228)
    ('sleep', 107, 'R', 1, 21639229)
    ('sleep', 108, 'R', 1, 21639230)
    ('sleep', 109, 'R', 1, 21639231)
    ('sleep', 110, 'R', 1, 21639233)
    ('sleep', 111, 'R', 1, 21639234)
    ('sleep', 112, 'R', 1, 21639235)
    ('sleep', 113, 'R', 1, 21639236)
    ('sleep', 114, 'R', 1, 21639237)
    ('sleep', 115, 'R', 1, 21639238)
    ('sleep', 116, 'R', 1, 21639239)
    ('sleep', 117, 'R', 1, 21639240)
    ('sleep', 118, 'R', 1, 21639241)
    ('sleep', 119, 'R', 1, 21639242)
    ('sleep', 120, 'R', 1, 21639243)
    ('sleep', 121, 'R', 1, 21639245)
    ('sleep', 122, 'R', 1, 21639246)
    ('sleep', 123, 'R', 1, 21639247)
    ('sleep', 124, 'R', 1, 21639248)
    ('sleep', 125, 'R', 1, 21639249)
    ('sleep', 126, 'R', 1, 21639250)
    ('sleep', 127, 'R', 1, 21639251)
    ('sleep', 128, 'R', 1, 21639252)
    ('ready', 'R', 'IN', 45, False, 46)
FLIP k= 3 D=40 result=None initiator=[22] responder=[81]
