clean run: 130 sleep_ms calls, result=None initiator=[84] responder=[81]
ok   k= 1 D=40 result=None initiator=[84] responder=[81]
ok   k= 2 D=40 result=None initiator=[84] responder=[81]
FLIP k= 3 D=40 result=None initiator=[81] responder=[81]
FLIP k= 4 D=40 result=None initiator=[81] responder=[81]
FLIP k= 5 D=40 result=None initiator=[81] responder=[81]
ok   k= 6 D=40 result=None initiator=[84] responder=[81]
ok   k= 7 D=40 result=None initiator=[84] responder=[81]
ok   k= 8 D=40 result=None initiator=[84] responder=[81]
FLIP k= 9 D=40 result=None initiator=[22] responder=[81]
FLIP k=10 D=40 result=None initiator=[22] responder=[81]
FLIP k=11 D=40 result=None initiator=[22] responder=[81]
ok   k=12 D=40 result=None initiator=[84] responder=[81]
FLIP k=13 D=40 result=None initiator=[22] responder=[81]
FLIP k=14 D=40 result=None initiator=[22] responder=[81]
FLIP k=15 D=40 result=None initiator=[22] responder=[81]
ok   k=16 D=40 result=None initiator=[84] responder=[81]
ok   k=17 D=40 result=None initiator=[84] responder=[81]
ok   k=18 D=40 result=None initiator=[84] responder=[81]
ok   k=19 D=40 result=None initiator=[84] responder=[81]
ok   k=20 D=40 result=None initiator=[84] responder=[81]
ok   k=21 D=40 result=None initiator=[84] responder=[81]
ok   k=22 D=40 result=None initiator=[84] responder=[81]
ok   k=23 D=40 result=None initiator=[84] responder=[81]
ok   k=24 D=40 result=None initiator=[84] responder=[81]
ok   k=25 D=40 result=None initiator=[84] responder=[81]
ok   k=26 D=40 result=None initiator=[84] responder=[81]
ok   k=27 D=40 result=None initiator=[84] responder=[81]
ok   k=28 D=40 result=None initiator=[84] responder=[81]
ok   k=29 D=40 result=None initiator=[84] responder=[81]
ok   k=30 D=40 result=None initiator=[84] responder=[81]
ok   k=31 D=40 result=None initiator=[84] responder=[81]
ok   k=32 D=40 result=None initiator=[84] responder=[81]
ok   k=33 D=40 result=None initiator=[84] responder=[81]
ok   k=34 D=40 result=None initiator=[84] responder=[81]
ok   k=35 D=40 result=None initiator=[84] responder=[81]
ok   k=36 D=40 result=None initiator=[84] responder=[81]
ok   k=37 D=40 result=None initiator=[84] responder=[81]
ok   k=38 D=40 result=None initiator=[84] responder=[81]
ok   k=39 D=40 result=None initiator=[84] responder=[81]
ok   k=40 D=40 result=None initiator=[84] responder=[81]
ok   k=41 D=40 result=None initiator=[84] responder=[81]
ok   k=42 D=40 result=None initiator=[84] responder=[81]
ok   k=43 D=40 result=None initiator=[84] responder=[81]
ok   k=44 D=40 result=None initiator=[84] responder=[81]
ok   k=45 D=40 result=None initiator=[84] responder=[81]
ok   k=46 D=40 result=None initiator=[84] responder=[81]
ok   k=47 D=40 result=None initiator=[84] responder=[81]
ok   k=48 D=40 result=None initiator=[84] responder=[81]
ok   k=49 D=40 result=None initiator=[84] responder=[81]
ok   k=50 D=40 result=None initiator=[84] responder=[81]
ok   k=51 D=40 result=None initiator=[84] responder=[81]
ok   k=52 D=40 result=None initiator=[84] responder=[81]
ok   k=53 D=40 result=None initiator=[84] responder=[81]
ok   k=54 D=40 result=None initiator=[84] responder=[81]
ok   k=55 D=40 result=None initiator=[84] responder=[81]
ok   k=56 D=40 result=None initiator=[84] responder=[81]
ok   k=57 D=40 result=None initiator=[84] responder=[81]
ok   k=58 D=40 result=None initiator=[84] responder=[81]
ok   k=59 D=40 result=None initiator=[84] responder=[81]
ok   k=60 D=40 result=None initiator=[84] responder=[81]
ok   k=61 D=40 result=None initiator=[84] responder=[81]
ok   k=62 D=40 result=None initiator=[84] responder=[81]
ok   k=63 D=40 result=None initiator=[84] responder=[81]
ok   k=64 D=40 result=None initiator=[84] responder=[81]
ok   k=65 D=40 result=None initiator=[84] responder=[81]
ok   k=66 D=40 result=None initiator=[84] responder=[81]
ok   k=67 D=40 result=None initiator=[84] responder=[81]
ok   k=68 D=40 result=None initiator=[84] responder=[81]
ok   k=69 D=40 result=None initiator=[84] responder=[81]
ok   k=70 D=40 result=None initiator=[84] responder=[81]
ok   k=71 D=40 result=None initiator=[84] responder=[81]
ok   k=72 D=40 result=None initiator=[84] responder=[81]
ok   k=73 D=40 result=None initiator=[84] responder=[81]
ok   k=74 D=40 result=None initiator=[84] responder=[81]
ok   k=75 D=40 result=None initiator=[84] responder=[81]
ok   k=76 D=40 result=None initiator=[84] responder=[81]
ok   k=77 D=40 result=None initiator=[84] responder=[81]
ok   k=78 D=40 result=None initiator=[84] responder=[81]
ok   k=79 D=40 result=None initiator=[84] responder=[81]
ok   k=80 D=40 result=None initiator=[84] responder=[81]
ok   k=81 D=40 result=None initiator=[84] responder=[81]
ok   k=82 D=40 result=None initiator=[84] responder=[81]
ok   k=83 D=40 result=None initiator=[84] responder=[81]
ok   k=84 D=40 result=None initiator=[84] responder=[81]
ok   k=85 D=40 result=None initiator=[84] responder=[81]
ok   k=86 D=40 result=None initiator=[84] responder=[81]
ok   k=87 D=40 result=None initiator=[84] responder=[81]
ok   k=88 D=40 result=None initiator=[84] responder=[81]
ok   k=89 D=40 result=None initiator=[84] responder=[81]
ok   k=90 D=40 result=None initiator=[84] responder=[81]
ok   k=91 D=40 result=None initiator=[84] responder=[81]
ok   k=92 D=40 result=None initiator=[84] responder=[81]
ok   k=93 D=40 result=None initiator=[84] responder=[81]
ok   k=94 D=40 result=None initiator=[84] responder=[81]
ok   k=95 D=40 result=None initiator=[84] responder=[81]
ok   k=96 D=40 result=None initiator=[84] responder=[81]
ok   k=97 D=40 result=None initiator=[84] responder=[81]
ok   k=98 D=40 result=None initiator=[84] responder=[81]
ok   k=99 D=40 result=None initiator=[84] responder=[81]
ok   k=100 D=40 result=None initiator=[84] responder=[81]
ok   k=101 D=40 result=None initiator=[84] responder=[81]
ok   k=102 D=40 result=None initiator=[84] responder=[81]
ok   k=103 D=40 result=None initiator=[84] responder=[81]
ok   k=104 D=40 result=None initiator=[84] responder=[81]
ok   k=105 D=40 result=None initiator=[84] responder=[81]
ok   k=106 D=40 result=None initiator=[84] responder=[81]
ok   k=107 D=40 result=None initiator=[84] responder=[81]
ok   k=108 D=40 result=None initiator=[84] responder=[81]
ok   k=109 D=40 result=None initiator=[84] responder=[81]
ok   k=110 D=40 result=None initiator=[84] responder=[81]
ok   k=111 D=40 result=None initiator=[84] responder=[81]
ok   k=112 D=40 result=None initiator=[84] responder=[81]
ok   k=113 D=40 result=None initiator=[84] responder=[81]
ok   k=114 D=40 result=None initiator=[84] responder=[81]
ok   k=115 D=40 result=None initiator=[84] responder=[81]
ok   k=116 D=40 result=None initiator=[84] responder=[81]
ok   k=117 D=40 result=None initiator=[84] responder=[81]
ok   k=118 D=40 result=None initiator=[84] responder=[81]
ok   k=119 D=40 result=None initiator=[84] responder=[81]
ok   k=120 D=40 result=None initiator=[84] responder=[81]
ok   k=121 D=40 result=None initiator=[84] responder=[81]
ok   k=122 D=40 result=None initiator=[84] responder=[81]
ok   k=123 D=40 result=None initiator=[84] responder=[81]
ok   k=124 D=40 result=None initiator=[84] responder=[81]
ok   k=125 D=40 result=None initiator=[84] responder=[81]
ok   k=126 D=40 result=None initiator=[84] responder=[81]
ok   k=127 D=40 result=None initiator=[84] responder=[81]
ok   k=128 D=40 result=None initiator=[84] responder=[81]
ok   k=129 D=40 result=None initiator=[84] responder=[81]
ok   k=130 D=40 result=None initiator=[84] responder=[81]
