th=-1 mode=pre n=1 D=102 calls=4 -> PASS   ErrNum=[0, 49, 50] ErrCount=2
th=-1 mode=pre n=1 D=250 calls=4 -> PASS   ErrNum=[0, 49, 50] ErrCount=2
th=-1 mode=pre n=1 D=1500 calls=4 -> PASS   ErrNum=[0, 49, 50] ErrCount=2
th=-1 mode=pre n=1 D=3000 calls=4 -> PASS   ErrNum=[0, 49, 50] ErrCount=2
th=-1 mode=pre n=2 D=102 calls=4 -> PASS   ErrNum=[0, 49, 50] ErrCount=2
th=-1 mode=pre n=2 D=250 calls=4 -> PASS   ErrNum=[0, 49, 50] ErrCount=2
th=-1 mode=pre n=2 D=1500 calls=4 -> PASS   ErrNum=[0, 49, 50] ErrCount=2
th=-1 mode=pre n=2 D=3000 calls=4 -> PASS   ErrNum=[0, 49, 50] ErrCount=2
th=-1 mode=pre n=3 D=102 calls=4 -> PASS   ErrNum=[0, 49, 50] ErrCount=2
th=-1 mode=pre n=3 D=250 calls=4 -> PASS   ErrNum=[0, 49, 50] ErrCount=2
th=-1 mode=pre n=3 D=1500 calls=4 -> PASS   ErrNum=[0, 49, 50] ErrCount=2
th=-1 mode=pre n=3 D=3000 calls=4 -> PASS   ErrNum=[0, 49, 50] ErrCount=2
th=-1 mode=pre n=4 D=102 calls=4 -> PASS   ErrNum=[0, 49, 50] ErrCount=2
th=-1 mode=pre n=4 D=250 calls=4 -> PASS   ErrNum=[0, 49, 50] ErrCount=2
th=-1 mode=pre n=4 D=1500 calls=4 -> PASS   ErrNum=[0, 49, 50] ErrCount=2
th=-1 mode=pre n=4 D=3000 calls=4 -> PASS   ErrNum=[0, 49, 50] ErrCount=2
th=-1 mode=post n=1 D=102 calls=4 -> PASS   ErrNum=[0, 49, 50] ErrCount=2
th=-1 mode=post n=1 D=250 calls=4 -> PASS   ErrNum=[0, 49, 50] ErrCount=2
th=-1 mode=post n=1 D=1500 calls=4 -> PASS   ErrNum=[0, 49, 50] ErrCount=2
th=-1 mode=post n=1 D=3000 calls=4 -> PASS   ErrNum=[0, 49, 50] ErrCount=2
th=-1 mode=post n=2 D=102 calls=4 -> PASS   ErrNum=[0, 49, 50] ErrCount=2
th=-1 mode=post n=2 D=250 calls=4 -> PASS   ErrNum=[0, 49, 50] ErrCount=2
th=-1 mode=post n=2 D=1500 calls=4 -> PASS   ErrNum=[0, 49, 50] ErrCount=2
th=-1 mode=post n=2 D=3000 calls=4 -> PASS   ErrNum=[0, 49, 50] ErrCount=2
th=-1 mode=post n=3 D=102 calls=4 -> PASS   ErrNum=[0, 49, 50] ErrCount=2
th=-1 mode=post n=3 D=250 calls=4 -> PASS   ErrNum=[0, 49, 50] ErrCount=2
th=-1 mode=post n=3 D=1500 calls=4 -> PASS   ErrNum=[0, 49, 50] ErrCount=2
th=-1 mode=post n=3 D=3000 calls=4 -> PASS   ErrNum=[0, 49, 50] ErrCount=2
th=-1 mode=post n=4 D=102 calls=4 -> PASS   ErrNum=[0, 49, 50] ErrCount=2
th=-1 mode=post n=4 D=250 calls=4 -> PASS   ErrNum=[0, 49, 50] ErrCount=2
th=-1 mode=post n=4 D=1500 calls=4 -> PASS   ErrNum=[0, 49, 50] ErrCount=2
th=-1 mode=post n=4 D=3000 calls=4 -> PASS   ErrNum=[0, 49, 50] ErrCount=2
th=-1 mode=every n=0 D=100 calls=4 -> PASS   ErrNum=[0, 49, 50] ErrCount=2
th=-1 mode=every n=0 D=400 calls=4 -> PASS   ErrNum=[0, 49, 50] ErrCount=2
th=32768 mode=pre n=1 D=102 calls=4 -> PASS   ErrNum=[0, 49, 50] ErrCount=2
th=32768 mode=pre n=1 D=250 calls=4 -> PASS   ErrNum=[0, 49, 50] ErrCount=2
th=32768 mode=pre n=1 D=1500 calls=4 -> PASS   ErrNum=[0, 49, 50] ErrCount=2
th=32768 mode=pre n=1 D=3000 calls=4 -> PASS   ErrNum=[0, 49, 50] ErrCount=2
th=32768 mode=pre n=2 D=102 calls=4 -> PASS   ErrNum=[0, 49, 50] ErrCount=2
th=32768 mode=pre n=2 D=250 calls=4 -> PASS   ErrNum=[0, 49, 50] ErrCount=2
th=32768 mode=pre n=2 D=1500 calls=4 -> PASS   ErrNum=[0, 49, 50] ErrCount=2
th=32768 mode=pre n=2 D=3000 calls=4 -> PASS   ErrNum=[0, 49, 50] ErrCount=2
th=32768 mode=pre n=3 D=102 calls=4 -> PASS   ErrNum=[0, 49, 50] ErrCount=2
th=32768 mode=pre n=3 D=250 calls=4 -> PASS   ErrNum=[0, 49, 50] ErrCount=2
th=32768 mode=pre n=3 D=1500 calls=4 -> PASS   ErrNum=[0, 49, 50] ErrCount=2
th=32768 mode=pre n=3 D=3000 calls=4 -> PASS   ErrNum=[0, 49, 50] ErrCount=2
th=32768 mode=pre n=4 D=102 calls=4 -> PASS   ErrNum=[0, 49, 50] ErrCount=2
th=32768 mode=pre n=4 D=250 calls=4 -> PASS   ErrNum=[0, 49, 50] ErrCount=2
th=32768 mode=pre n=4 D=1500 calls=4 -> PASS   ErrNum=[0, 49, 50] ErrCount=2
th=32768 mode=pre n=4 D=3000 calls=4 -> PASS   ErrNum=[0, 49, 50] ErrCount=2
th=32768 mode=post n=1 D=102 calls=4 -> PASS   ErrNum=[0, 49, 50] ErrCount=2
th=32768 mode=post n=1 D=250 calls=4 -> PASS   ErrNum=[0, 49, 50] ErrCount=2
th=32768 mode=post n=1 D=1500 calls=4 -> PASS   ErrNum=[0, 49, 50] ErrCount=2
th=32768 mode=post n=1 D=3000 calls=4 -> PASS   ErrNum=[0, 49, 50] ErrCount=2
th=32768 mode=post n=2 D=102 calls=4 -> PASS   ErrNum=[0, 49, 50] ErrCount=2
th=32768 mode=post n=2 D=250 calls=4 -> PASS   ErrNum=[0, 49, 50] ErrCount=2
th=32768 mode=post n=2 D=1500 calls=4 -> PASS   ErrNum=[0, 49, 50] ErrCount=2
th=32768 mode=post n=2 D=3000 calls=4 -> PASS   ErrNum=[0, 49, 50] ErrCount=2
th=32768 mode=post n=3 D=102 calls=4 -> PASS   ErrNum=[0, 49, 50] ErrCount=2
th=32768 mode=post n=3 D=250 calls=4 -> PASS   ErrNum=[0, 49, 50] ErrCount=2
th=32768 mode=post n=3 D=1500 calls=4 -> PASS   ErrNum=[0, 49, 50] ErrCount=2
th=32768 mode=post n=3 D=3000 calls=4 -> PASS   ErrNum=[0, 49, 50] ErrCount=2
th=32768 mode=post n=4 D=102 calls=4 -> PASS   ErrNum=[0, 49, 50] ErrCount=2
th=32768 mode=post n=4 D=250 calls=4 -> PASS   ErrNum=[0, 49, 50] ErrCount=2
th=32768 mode=post n=4 D=1500 calls=4 -> PASS   ErrNum=[0, 49, 50] ErrCount=2
th=32768 mode=post n=4 D=3000 calls=4 -> PASS   ErrNum=[0, 49, 50] ErrCount=2
th=32768 mode=every n=0 D=100 calls=4 -> PASS   ErrNum=[0, 49, 50] ErrCount=2
th=32768 mode=every n=0 D=400 calls=4 -> PASS   ErrNum=[0, 49, 50] ErrCount=2
