mode=post n=1 D=110 -> FAIL AssertionError: {'ErrType': ['N', 'N', 'N', 'N', 'N', 'N', 'N', 'N', 'N', 'W'], 'ErrCount': 1, 'ErrNum': [0, 0, 0, 0, 0, 0, 0, 0, 0, 50]}
   ErrNum=[0, 0, 0, 0, 0, 0, 0, 0, 0, 50] ErrType=['N', 'N', 'N', 'N', 'N', 'N', 'N', 'N', 'N', 'W'] ErrCount=1
    (0, 'wait_for#1', 0.3)
    (110, 'STALL post', 1, 110)
    (110, 'wait_for#2', 0.2)
    (300, 'wait_for#2 ->', 'CancelledError')
    (300, 'wait_for#1 ->', 'TimeoutError')
    (300, 'wait_for#3', 0.2)
    (300, 'wait_for#3 -> ok')
mode=pre n=2 D=110 -> FAIL AssertionError: {'ErrType': ['N', 'N', 'N', 'N', 'N', 'N', 'N', 'N', 'N', 'W'], 'ErrCount': 1, 'ErrNum': [0, 0, 0, 0, 0, 0, 0, 0, 0, 50]}
   ErrNum=[0, 0, 0, 0, 0, 0, 0, 0, 0, 50] ErrType=['N', 'N', 'N', 'N', 'N', 'N', 'N', 'N', 'N', 'W'] ErrCount=1
    (0, 'wait_for#1', 0.3)
    (0, 'wait_for#2', 0.2)
    (110, 'STALL pre', 2, 110)
    (300, 'wait_for#2 ->', 'CancelledError')
    (300, 'wait_for#1 ->', 'TimeoutError')
    (300, 'wait_for#3', 0.2)
    (300, 'wait_for#3 -> ok')
mode=post n=2 D=250 -> PASS
   ErrNum=[0, 0, 0, 0, 0, 0, 0, 0, 49, 50] ErrType=['N', 'N', 'N', 'N', 'N', 'N', 'N', 'N', 'W', 'W'] ErrCount=2
    (0, 'wait_for#1', 0.3)
    (0, 'wait_for#2', 0.2)
    (250, 'STALL post', 2, 250)
    (250, 'wait_for#2 ->', 'TimeoutError')
    (250, 'wait_for#3', 0.2)
    (300, 'wait_for#3 ->', 'CancelledError')
    (300, 'wait_for#1 ->', 'TimeoutError')
    (300, 'wait_for#4', 0.2)
    (300, 'wait_for#4 -> ok')
mode=pre n=3 D=250 -> PASS
   ErrNum=[0, 0, 0, 0, 0, 0, 0, 0, 49, 50] ErrType=['N', 'N', 'N', 'N', 'N', 'N', 'N', 'N', 'W', 'W'] ErrCount=2
    (0, 'wait_for#1', 0.3)
    (0, 'wait_for#2', 0.2)
    (200, 'wait_for#2 ->', 'TimeoutError')
    (200, 'wait_for#3', 0.2)
    (451, 'STALL pre', 3, 250)
    (451, 'wait_for#3 ->', 'CancelledError')
    (451, 'wait_for#1 ->', 'TimeoutError')
    (451, 'wait_for#4', 0.2)
    (451, 'wait_for#4 -> ok')
