PASS test_a_restored_uptime_above_the_small_int_limit_is_clamped
PASS test_get_states_set_states_round_trip_mean_and_std
PASS test_pack_into_buffer_too_small_returns_false_not_raise
PASS test_fix16_div_by_a_multiple_of_two_to_the_32_returns_at_once
PASS test_proc_ser_des_offset_places_state_at_given_position
PASS test_the_index_sequence_matches_the_c_reference
PASS test_process_sustained_extreme_low_then_high_readings_clamps_the_sigmoid
PASS test_voc_state_round_trips_through_a_real_fram_chunk_across_a_simulated_reboot
PASS test_voc_state_restore_from_a_hard_fram_read_failure_leaves_algorithm_state_untouched
PASS test_fix16_exp_saturates_at_documented_bounds
PASS test_the_lowered_uptime_limit_leaves_the_output_unchanged
PASS test_pack_into_unpack_from_round_trip_is_byte_exact
PASS test_voc_state_self_heals_from_a_single_corrupted_copy_through_real_fram
PASS test_process_during_initial_blackout_only_advances_uptime
PASS test_process_sraw_clamped_to_20001_52767_window
PASS test_unpack_from_negative_offset_returns_false_not_raise
PASS test_set_tuning_parameters_smoke_test_normal_values
PASS test_proc_ser_des_no_buf_never_serializes_or_deserializes
PASS test_fresh_instance_has_zeroed_dynamic_state
PASS test_proc_ser_des_serialize_writes_full_state_into_buffer
PASS test_pack_into_negative_offset_returns_false_not_raise
PASS test_fix16_helpers_match_the_c_reference_vectors
PASS test_proc_ser_des_restore_resumes_identically_to_the_original
PASS test_pack_into_writes_little_endian
PASS test_unpack_from_buffer_too_small_returns_false_not_raise
PASS test_fix16_mul_and_div_are_approximate_inverses
PASS test_fix16_div_overflow_returns_the_overflow_sentinel
PASS test_process_oscillating_extreme_readings_widens_the_variance_scaling
PASS test_fix16_div_by_zero_returns_minimum_sentinel
PASS test_fix16_mul_overflow_returns_overflow_sentinel
PASS test_process_sraw_out_of_valid_range_still_produces_an_index
PASS test_unpack_from_refuses_a_field_outside_int32
PASS test_the_ports_own_state_always_restores
PASS test_get_params_memsize_matches_struct_size
PASS test_fix16_sqrt_matches_integer_square_root
PASS test_fix16_div_dividing_the_minimum_value_takes_the_shifted_quotient_branch
PASS test_fix16_mul_with_a_negative_operand_takes_the_masking_branches
PASS test_reset_reinitializes_to_fresh_state
PASS test_deserialize_with_malformed_buffer_leaves_algorithm_usable
PASS test_process_after_blackout_produces_index_in_documented_range
PASS test_fix16_div_result_equal_to_minimum_returns_overflow_sentinel
PASS test_init_sets_up_default_tuning_parameters
42/42 passed, 0 failed, 0 skipped
