procs -----------memory---------- ---swap-- -----io---- -system-- -------cpu-------
 r  b   swpd   free   buff  cache   si   so    bi    bo   in   cs us sy id wa st gu
 8  0      0 8879952 547116 6466200    0    0   177   439 3802   16 39  3 56  1  1  0
29  0      0 8530008 547120 6452944    0    0     0   296 3301 5769 91  8  0  0  1  0
23  0      0 8425688 547376 6605876    0    0     0   468 14928 33081 89 10  0  0  1  0
28  0      0 8230440 547760 6614004    0    0     0   171 13751 29873 91  8  0  0  1  0
24  0      0 8202508 547764 6620236    0    0     0  3450 12779 26890 90  8  0  0  2  0
20  0      0 8187900 547932 6624944    0    0     0 16099 12670 24847 89  9  0  0  2  0
22  0      0 8199220 548000 6629504    0    0     0  1271 13674 26893 92  7  0  0  1  0
24  0      0 8188868 548000 6634728    0    0     0   381 14826 30657 92  7  0  0  1  0
21  0      0 8169228 548000 6639808    0    0     0   800 13852 27856 91  8  0  0  1  0
25  0      0 8125656 548080 6644232    0    0     0   501 14082 29526 92  7  0  0  1  0
22  0      0 8137984 548308 6647564    0    0     0   514 15557 33296 91  8  0  0  1  0
20  0      0 8242432 548908 6640524    0    0     0   628 12903 25155 91  8  0  0  1  0
17  0      0 8203252 549380 6651244    0    0     0   330 14964 30945 90  9  0  0  1  0
29  0      0 8155284 549872 6658724    0    0     0   370 13515 27266 91  8  0  0  1  0
30  0      0 8099728 549900 6649284    0    0     0   702 11917 22943 91  8  0  0  1  0
29  0      0 8136544 549948 6654716    0    0     0   753 12411 24820 91  8  0  0  1  0
21  0      0 8129812 549956 6662928    0    0     0   352 11877 24208 90  8  0  0  1  0
33  0      0 8073500 550052 6667520    0    0     0  2777 11959 24015 91  8  0  0  1  0
24  0      0 8092468 550068 6670748    0    0     0   193 11896 24041 92  7  0  0  1  0
18  0      0 8007140 550108 6674700    0    0     0   221 10853 21542 91  7  0  0  2  0
23  0      0 8272800 550152 6643680    0    0     0   679 11225 22320 91  8  0  0  2  0
21  0      0 8236480 550156 6636740    0    0     0   332 9068 17559 92  7  0  0  2  0
13  0      0 8186792 550160 6642616    0    0     0   168 9344 18592 91  7  0  0  2  0
11  0      0 8195552 550184 6641076    0    0     0   510 7560 14763 93  5  0  0  1  0
11  0      0 8221688 550224 6645068    0    0     0    91 7162 14342 93  5  0  0  2  0
 8  0      0 8354644 550248 6644284    0    0     0  1455 7619 14817 94  4  1  0  2  0
 9  0      0 8213384 550348 6658384    0    0     0   510 7629 14556 92  5  0  0  3  0
10  0      0 8196372 550380 6668924    0    0     0    48 6006 10959 94  4  0  0  2  0
 6  0      0 8421324 550400 6648260    0    0     0   572 5841 10435 93  4  2  0  1  0
 6  2      0 8328700 550456 6658076    0    0   591  1423 6006 10729 81  4 10  3  2  0
 2  0      0 8167168 550612 6667096    0    0   643   504 6136 10995 73  4 17  4  2  0
 6  0      0 8252676 552424 6669504    0    0     5    48 5247 9146 73  5 19  0  3  0
 7  0      0 8064456 553992 6701124    0    0     0   253 4898 8306 74  5 17  0  3  0
 0  0      0 8060044 556288 6703440    0    0     0  1370 6001 9840 42  6 49  0  3  0
 3  0      0 8003596 556308 6703632    0    0     0   208 5072 8251 59  4 34  0  4  0
 5  0      0 7986644 556588 6704684    0    0     0  2046 5257 9171 82  3 12  0  3  0
 6  0      0 8018368 556616 6704720    0    0     0  1877 4534 7610 68  4 25  0  3  0
 2  0      0 8004104 556732 6703928    0    0     0    20 3712 5699 68  5 24  0  3  0
 3  0      0 8001528 556732 6703944    0    0     0     5 2702 3728 65  4 29  0  3  0
 0  0      0 8010848 556876 6707668    0    0     0   405 5087 8375 35  8 55  0  3  0
 1  0      0 7989780 556892 6707904    0    0     0   178 5238 8546 24  6 68  0  2  0
 4  0      0 7986120 557028 6708804    0    0     0    71 4329 6651 20  5 72  0  3  0
 0  0      0 7974316 557028 6709004    0    0     0   522 5326 8593 21  6 71  0  3  0
 2  0      0 7971052 557028 6709304    0    0     0    30 4230 6515 28  5 65  0  2  0
 2  0      0 7508884 557028 6709356    0    0     0    17 2438 3070 55  4 38  0  3  0
 2  0      0 7487104 557028 6709404    0    0     0   128 2672 3342 56  5 37  0  2  0
 3  0      0 7494852 557060 6709908    0    0     0    19 2988 3963 56  5 37  0  2  0
 3  0      0 7448540 557332 6720012    0    0     0    45 3258 4485 46 11 39  0  4  0
 3  0      0 7386944 557736 6731456    0    0     0  1026 3278 4518 48 11 38  0  3  0
 2  0      0 7161540 557808 6733984    0    0     0    35 2729 3638 54  4 41  0  1  0
 2  0      0 7038968 557812 6734236    0    0     0   242 2935 3805 52  7 39  0  2  0
 3  0      0 7264332 557832 6734280    0    0     0  1308 2801 3696 55  4 39  0  1  0
 2  0      0 7265960 557856 6735292    0    0     0    78 2798 3550 54  5 39  0  2  0
 3  0      0 7251224 557856 6735312    0    0     0   203 2967 3702 61  6 29  0  3  0
 2  0      0 7267548 558036 6735340    0    0     0    58 2983 4038 55  5 38  0  2  0
 2  0      0 7101652 558220 6749752    0    0     0    48 3792 5587 54  7 37  0  2  0
 3  0      0 7207132 558224 6751228    0    0     0   202 2652 3248 54  5 39  0  2  0
 4  0      0 7207196 562380 6757040    0    0     0    66 3006 4183 52  5 41  0  2  0
 3  0      0 7161368 562816 6765328    0    0     0  1402 2934 4058 55  4 40  0  1  0
 2  0      0 7155400 564500 6771128    0    0     0   879 3259 4581 43  5 50  0  2  0
 2  0      0 7171772 564860 6785132    0    0     0   375 3091 4112 54  4 41  0  1  0
 2  0      0 7179048 564860 6785156    0    0     0   544 2967 3801 53  3 42  0  1  0
 2  0      0 7179048 564860 6785156    0    0     0  1063 2883 3603 51  4 43  0  2  0
 0  0      0 7168076 565212 6790468    0    0     0  1304 3547 5005 39  8 50  0  2  0
 2  0      0 7139444 566048 6794252    0    0     0   238 3183 4533 17  8 74  0  2  0
 1  0      0 7107096 567524 6802060    0    0     1    62 3591 5072 34 13 49  0  3  0
 4  0      0 7105956 568088 6804168    0    0     3   454 3355 4741 42  8 48  0  2  0
 2  0      0 7126288 568164 6812796    0    0     0   870 2582 3400 52  4 43  0  1  0
 2  0      0 7129644 568188 6821420    0    0     0   519 2831 3658 53  3 41  0  3  0
 3  0      0 7117864 568224 6832728    0    0     0   223 1928 2084 52  2 45  0  1  0
 3  0      0 7103060 568244 6842628    0    0     0  1188 3033 4322 59  4 36  0  1  0
 2  0      0 7093316 568256 6847320    0    0     0   259 2817 3782 52  7 39  0  2  0
 3  0      0 7080928 568448 6854420    0    0     0  1151 2938 3753 52  6 40  0  2  0
 2  0      0 7134180 568548 6774056    0    0     0  1472 4551 6816 49  6 39  5  2  0
 2  0      0 7167872 568612 6750828    0    0     0   763 2817 3823 54  3 41  1  2  0
 4  0      0 8231620 569128 6746908    0    0    26   470 3864 6103 66 13 19  0  1  0
12  0      0 7666292 569744 6775872    0    0     0  2409 8096 16170 39 13 46  0  2  0
 0  0      0 7617180 569760 6784496    0    0     0   578 11148 20088 31  8 57  0  3  0
 1  0      0 7631024 570112 6775428    0    0     0    81 10940 19480 31  9 56  0  4  0
 4  0      0 7598980 570112 6776456    0    0     0  1117 10814 19119 30  8 58  0  4  0
 5  0      0 7576756 570160 6788116    0    0     0  1326 10354 17942 25  9 62  0  4  0
 1  0      0 7572460 570196 6788536    0    0     0    70 11595 20957 31  9 58  0  2  0
 3  0      0 7593288 570248 6773776    0    0     0   234 10656 18882 28  8 61  0  2  0
 1  0      0 7599816 570248 6771272    0    0     0   977 8596 14004 18  5 74  0  4  0
 0  0      0 7600456 570248 6776412    0    0     0    10 8649 14259 21  6 68  0  5  0
 6  0      0 7593716 570248 6777472    0    0     0   277 9724 16516 27  6 63  0  3  0
 1  0      0 7221620 570272 6776328    0    0     0   797 8402 16273 39  8 49  0  3  0
 2  0      0 7308352 570272 6775076    0    0     0   269 8866 14776 17  5 76  0  2  0
 1  0      0 7347600 570272 6775080    0    0     0   253 7897 12954 16  5 77  0  2  0
 3  0      0 7347988 570272 6775228    0    0     0   779 7747 12701 15  5 77  0  3  0
 0  0      0 7315660 570272 6775252    0    0     0   466 7450 12091 14  5 78  0  3  0
 2  0      0 7294872 570272 6773612    0    0     0    99 7866 12919 16  6 76  0  3  0
 0  0      0 7342220 570272 6773908    0    0     0    48 7643 12486 14  5 78  0  3  0
 3  0      0 7345512 570272 6773532    0    0     0   648 7703 12633 13  5 79  0  3  0
 5  0      0 7343792 570272 6774140    0    0     0   427 8074 13297 15  5 78  0  2  0
 0  0      0 7354492 570272 6773656    0    0     0   115 4855 7736 14  4 80  0  2  0
 0  0      0 7348432 570272 6773296    0    0     0   506 6872 11119 20  4 73  0  3  0
 3  0      0 7347528 570272 6775168    0    0     0   436 7809 12537 25  6 67  0  2  0
 0  0      0 7332860 570284 6775736    0    0     0   282 7979 12902 25  5 67  0  3  0
 2  0      0 7349332 570364 6775316    0    0     0   380 8039 13026 26  6 65  0  3  0
 4  0      0 7349528 570388 6775200    0    0     0   700 7483 11980 28  7 60  0  5  0
 1  0      0 7348072 570424 6775680    0    0     0   327 7696 12426 27  6 63  0  3  0
 1  0      0 7347460 570480 6776268    0    0     0   345 8033 13209 26  6 64  0  3  0
 2  0      0 7363392 570528 6773768    0    0     0   380 7308 11850 21  5 72  0  2  0
 2  0      0 7376324 570564 6775044    0    0     0   502 7072 11286 21  6 69  0  4  0
 4  0      0 7325720 570564 6773440    0    0     0   128 5758 9723 44  6 44  0  6  0
 4  0      0 7335852 570564 6755180    0    0     0   459 6347 10545 45  6 45  0  3  0
 6  0      0 7463300 570564 6649552    0    0     0   550 8368 13924 38  8 46  5  4  0
 4  0      0 7465372 570564 6650720    0    0     0   127 6280 10473 45  5 47  0  3  0
 1  0      0 7541956 570564 6535552    0    0     0   548 8204 13672 37  9 45  5  4  0
 1  0      0 7618496 570564 6534448    0    0     0  1308 6356 10769 42  6 47  0  4  0
 4  0      0 7424572 570564 6534500    0    0     0   177 6651 11473 46  6 45  0  3  0
 2  0      0 7412788 570564 6533792    0    0     0   440 6649 11980 49  6 41  0  3  0
 4  0      0 7429396 570564 6534736    0    0     0   599 7526 13066 33  7 55  0  5  0
 4  0      0 7590160 570564 6534692    0    0     0   197 6509 11549 46  6 46  0  2  0
 1  0      0 7567428 570564 6534548    0    0     0   107 7735 12838 19  6 72  0  3  0
 3  0      0 7418864 570564 6535132    0    0     0  1046 7572 13018 34  7 56  0  3  0
 1  0      0 7415324 570564 6535380    0    0     0   158 6872 11930 42  6 50  0  2  0
 0  0      0 7585060 570564 6535364    0    0     0    69 6924 11717 39  5 54  0  2  0
 3  0      0 7587652 570564 6535244    0    0     0  1090 8084 13745 23  7 66  0  4  0
 0  0      0 7582044 570564 6540200    0    0     0   141 7102 11560 15  5 77  0  3  0
 0  0      0 7593920 570652 6539836    0    0     0    97 7247 11789 15  6 75  0  3  0
 0  0      0 7592432 570652 6540264    0    0     0   712 7062 11440 14  5 77  0  3  0
 2  0      0 7587692 570652 6540356    0    0     0   453 7597 12706 21  6 68  0  4  0
 2  0      0 7584416 570652 6540432    0    0     0   558 6982 11375 12  5 79  0  4  0
 1  0      0 7569740 570652 6540760    0    0     0   497 7058 11288 13  6 77  0  4  0
 3  0      0 7589400 570652 6539824    0    0     0   690 7223 11888 14  6 78  0  2  0
 1  0      0 7501320 570652 6540092    0    0     0   618 6942 11360 25  6 66  0  3  0
 1  0      0 7576692 570652 6539968    0    0     0   410 6920 11468 34  6 58  0  3  0
 0  0      0 7588452 570652 6539972    0    0     0   718 7123 11629 12  4 82  0  2  0
 0  0      0 7594092 570652 6539728    0    0     0   592 7229 11814 12  5 81  0  2  0
 1  0      0 7594724 570652 6539728    0    0     0   362 6994 11329 10  5 82  0  3  0
 1  0      0 7593300 570652 6536236    0    0     0   543 6977 11515 13  5 79  0  2  0
 1  0      0 7626140 570652 6535284    0    0     0    94 3336 5124  9  3 87  0  1  0
 2  0      0 7608744 570652 6536396    0    0     0   109 6628 10722 20  5 73  0  2  0
 1  0      0 7564220 570656 6539984    0    0     0    54 6773 10758 22  6 71  0  2  0
 3  0      0 7592880 570656 6536704    0    0     0   153 6780 10828 22  5 71  0  2  0
 0  0      0 7595284 570656 6536780    0    0     0  1198 6609 10484 21  5 71  0  3  0
 0  0      0 7586276 570656 6537868    0    0     0   337 6771 10720 22  5 70  0  3  0
 0  0      0 7582376 570656 6536896    0    0     0    14 6814 10876 22  5 71  0  2  0
 1  0      0 8019564 570656 6538040    0    0     0   869 6652 10518 22  5 70  0  2  0
 0  0      0 7993048 570656 6540884    0    0     0   197 6677 10492 23  6 68  0  3  0
 0  0      0 7965952 570656 6537988    0    0     0   480 6696 10652 22  5 72  0  2  0
 0  0      0 7892540 570656 6540996    0    0     0   648 6773 10793 23  5 70  0  2  0
 2  0      0 7891980 570656 6537920    0    0     0   560 6809 10878 21  5 72  0  2  0
 2  0      0 7893492 570656 6540904    0    0     0   242 6809 10835 21  5 73  0  1  0
 3  0      0 7881532 570656 6538932    0    0     0   644 6798 10836 22  5 71  0  2  0
 3  0      0 7885508 570656 6540640    0    0     0   353 6622 10531 22  6 70  0  2  0
 2  0      0 7905396 570656 6539920    0    0     0   493 6577 10498 22  6 70  0  2  0
 2  0      0 7905552 570656 6539968    0    0     0   411 6833 10878 22  5 70  0  3  0
 2  0      0 8009644 570656 6534892    0    0     0   727 6772 11183 18  5 75  0  2  0
 1  0      0 8009748 570656 6537964    0    0     0   255 2655 4029  9  2 87  0  2  0
 1  0      0 8008908 570656 6538476    0    0     0   350 2721 4138  9  2 88  0  1  0
 4  0      0 8008660 570656 6538476    0    0     0   403 2671 4068 10  2 87  0  1  0
 0  0      0 8008660 570656 6537068    0    0     0   407 2676 4078  8  3 88  0  1  0
 1  0      0 8008412 570656 6537196    0    0     0   580 2719 4147  9  2 88  0  1  0
 0  0      0 8009244 570656 6534844    0    0     0   196 2620 3984  8  2 89  0  1  0
 1  0      0 8009316 570656 6535916    0    0     0   256 2778 4271  8  2 88  0  1  0
 0  0      0 8003904 570656 6535916    0    0     0   312 2624 3967  9  2 87  0  2  0
 0  0      0 8034396 570656 6535404    0    0     0   504 2782 4222 11  3 85  0  2  0
 0  0      0 8035164 570656 6535404    0    0     0   311 2639 4001  8  2 88  0  1  0
 1  0      0 8036340 570656 6535116    0    0     0   283 2674 4071  9  2 88  0  1  0
 0  0      0 8036176 570656 6535340    0    0     0   448 2697 4122  8  2 89  0  1  0
