t=   0.6s PUT TempOffset=0.0: {"SCD30": {"TempOffset": "Unchanged"}} ConfigUnpersisted=None up=None
t=   3.5s PUT TempOffset=-0.5: {"SCD30": {"TempOffset": "Invalid"}} ConfigUnpersisted=None up=None
t=   6.3s PUT TempOffset=655.85: {"SCD30": {"TempOffset": "Invalid"}} ConfigUnpersisted=None up=None
t=   9.2s PUT TempOffset=1.5: {"SCD30": {"TempOffset": "Valid"}} ConfigUnpersisted=None up=None
t=  12.1s PUT TempOffset=0: {"SCD30": {"TempOffset": "Valid"}} ConfigUnpersisted=None up=None
t=  15.2s PUT TempOffset=327.68: {"SCD30": {"TempOffset": "Valid"}} ConfigUnpersisted=None up=None
t=  18.1s PUT TempOffset=655.35: {"SCD30": {"TempOffset": "Valid"}} ConfigUnpersisted=None up=None
t=  22.1s PUT MeasInterval=2: {"SCD30": {"MeasInterval": "Unchanged"}} ConfigUnpersisted=None up=None
t=  25.3s PUT MeasInterval=1: {"SCD30": {"MeasInterval": "Invalid"}} ConfigUnpersisted=None up=None
t=  28.3s PUT MeasInterval=1801: {"SCD30": {"MeasInterval": "Invalid"}} ConfigUnpersisted=None up=None
t=  31.3s PUT MeasInterval=2.5: {"SCD30": {"MeasInterval": "Invalid"}} ConfigUnpersisted=None up=None
t=  36.0s PUT MeasInterval=2: {"SCD30": {"MeasInterval": "Unchanged"}} ConfigUnpersisted=None up=None
t=  39.3s PUT MeasInterval=901: {"SCD30": {"MeasInterval": "Valid"}} ConfigUnpersisted=None up=None
t=  42.4s PUT MeasInterval=1800: {"SCD30": {"MeasInterval": "Valid"}} ConfigUnpersisted=None up=None
t=  45.3s PUT Altitude=0: {"SCD30": {"Altitude": "Unchanged"}} ConfigUnpersisted=None up=None
t=  50.1s PUT Altitude=-1: {"SCD30": {"Altitude": "Invalid"}} ConfigUnpersisted=None up=None
t=  53.3s PUT Altitude=65536: {"SCD30": {"Altitude": "Invalid"}} ConfigUnpersisted=None up=None
t=  56.3s PUT Altitude=0.5: {"SCD30": {"Altitude": "Invalid"}} ConfigUnpersisted=None up=None
t=  59.2s PUT Altitude=0: {"SCD30": {"Altitude": "Unchanged"}} ConfigUnpersisted=None up=None
t=  64.2s PUT Altitude=32768: {"SCD30": {"Altitude": "Valid"}} ConfigUnpersisted=None up=None
t=  67.4s PUT Altitude=65535: {"SCD30": {"Altitude": "Valid"}} ConfigUnpersisted=None up=None
t=  70.4s PUT SelfCal=True: {"SCD30": {"SelfCal": "Valid"}} ConfigUnpersisted=None up=None
t=  72.9s PUT FRCNoise=20.0: {"SCD30": {"FRCNoise": "Unchanged"}} ConfigUnpersisted=None up=None
t=  75.4s PUT FRCNoise=10.0: {"SCD30": {"FRCNoise": "Failed"}} ConfigUnpersisted=None up=None
t=  79.5s PUT FRCRate=10.0: {"SCD30": {"FRCRate": "Failed"}} ConfigUnpersisted=None up=None
t=  87.0s PUT FRCNoise=20.0: {"SCD30": {"FRCNoise": "Failed"}} ConfigUnpersisted=None up=None
t=  94.5s PUT FRCNoise=20.0: {"SCD30": {"FRCNoise": "Failed"}} ConfigUnpersisted=None up=None
t= 102.1s PUT FRCNoise=20.0: {"SCD30": {"FRCNoise": "Failed"}} ConfigUnpersisted=None up=None
t= 109.6s PUT FRCNoise=20.0: {"SCD30": {"FRCNoise": "Failed"}} ConfigUnpersisted=None up=None
t= 117.3s PUT FRCNoise=20.0: {"SCD30": {"FRCNoise": "Failed"}} ConfigUnpersisted=None up=None
t= 124.9s PUT FRCNoise=20.0: {"SCD30": {"FRCNoise": "Failed"}} ConfigUnpersisted=None up=None
