test_asy_api_response 30/30 passed, 0 failed mem=0
test_asy_base_classes 172/172 passed, 0 failed mem=0
test_asy_bmp3xx_driver 134/134 passed, 0 failed mem=0
test_asy_captive_dns 63/63 passed, 0 failed mem=0
test_asy_config_manager 228/228 passed, 0 failed mem=0
test_asy_crc_checks 75/75 passed, 0 failed mem=0
test_asy_dns_client 44/44 passed, 0 failed mem=0
test_asy_fram_allocation_budget 3/3 passed, 0 failed mem=0
test_asy_fram_driver 103/103 passed, 0 failed mem=0
test_asy_fram_manager 141/141 passed, 0 failed mem=0
test_asy_fram_wire_trace 9/9 passed, 0 failed mem=0
test_asy_framing_codecs 19/19 passed, 0 failed mem=0
test_asy_i2c_driver 112/112 passed, 0 failed mem=0
test_asy_isl29125_driver 239/239 passed, 0 failed mem=0
test_asy_neopixel_driver 48/48 passed, 0 failed mem=0
test_asy_notification_service 64/64 passed, 0 failed mem=0
test_asy_ntp_client 177/177 passed, 0 failed mem=0
test_asy_print_log 88/88 passed, 0 failed mem=0
test_asy_scd30_driver 124/124 passed, 0 failed mem=0
test_asy_sgp40_driver 155/155 passed, 0 failed mem=0
test_asy_spi_driver 67/67 passed, 0 failed mem=0
test_asy_system_service 123/123 passed, 0 failed mem=0
test_asy_uart_comm 191/191 passed, 0 failed mem=0
test_asy_uart_driver 159/159 passed, 0 failed mem=0
test_asy_uart_link_driver 26/26 passed, 0 failed mem=0
test_asy_udp_socket 67/67 passed, 0 failed mem=0
test_asy_webserver_service 198/198 passed, 0 failed mem=0
test_asy_wifi_service 231/231 passed, 0 failed mem=0
test_bus_hazard_generated 36/36 passed, 0 failed mem=0
test_bus_hazard_multi_device 19/19 passed, 0 failed mem=0
test_digital_twin_bmp3xx 22/22 passed, 0 failed mem=0
test_digital_twin_bus_hazard_concurrency 20/20 passed, 0 failed mem=0
test_digital_twin_construction_arzi 3/3 passed, 0 failed mem=0
test_digital_twin_construction_dev 3/3 passed, 0 failed mem=0
test_digital_twin_construction_grkizi 3/3 passed, 0 failed mem=0
test_digital_twin_construction_klkizi 3/3 passed, 0 failed mem=0
test_digital_twin_construction_schlafzi 3/3 passed, 0 failed mem=0
test_digital_twin_construction_wozi 3/3 passed, 0 failed mem=0
test_digital_twin_fram 30/30 passed, 0 failed mem=0
test_digital_twin_generic_wiring 16/16 passed, 0 failed mem=0
test_digital_twin_http_client 32/32 passed, 0 failed mem=0
test_digital_twin_isl29125 41/41 passed, 0 failed mem=0
test_digital_twin_isl29125_autorange 20/20 passed, 0 failed mem=0
test_digital_twin_launch 29/29 passed, 0 failed mem=0
test_digital_twin_machine 58/58 passed, 0 failed mem=0
test_digital_twin_machine_uart 10/10 passed, 0 failed mem=0
test_digital_twin_network_neopixel 24/24 passed, 0 failed mem=0
test_digital_twin_poll_prewarm 6/6 passed, 0 failed mem=0
test_digital_twin_real_website_integration 9/9 passed, 0 failed mem=0
test_digital_twin_run_generic_integration 22/22 passed, 0 failed mem=0
test_digital_twin_scd30 38/38 passed, 0 failed mem=0
test_digital_twin_sensortask_integration 15/15 passed, 0 failed mem=0
test_digital_twin_sgp40 17/17 passed, 0 failed mem=0
test_digital_twin_uart_link 19/19 passed, 0 failed mem=0
test_digital_twin_unix_port_gc_unwedge 2/2 passed, 0 failed mem=0
test_digital_twin_unix_port_unretrieved_report 9/9 passed, 0 failed mem=0
test_digital_twin_webserver_concurrency_arzi 20/20 passed, 0 failed mem=0
test_digital_twin_webserver_concurrency_dev 20/20 passed, 0 failed mem=0
test_digital_twin_webserver_concurrency_grkizi 20/20 passed, 0 failed mem=0
test_digital_twin_webserver_concurrency_klkizi 20/20 passed, 0 failed mem=0
test_digital_twin_webserver_concurrency_schlafzi 20/20 passed, 0 failed mem=0
test_digital_twin_webserver_concurrency_wozi 20/20 passed, 0 failed mem=0
test_fake_timer_and_network 8/8 passed, 0 failed mem=0
test_fram_integration 12/12 passed, 0 failed mem=0
test_machine_uart_link 15/15 passed, 0 failed mem=0
test_math_helpers 90/90 passed, 0 failed mem=0
test_neopixel_wifi_integration 6/6 passed, 0 failed mem=0
test_notification_fram_integration 3/3 passed, 0 failed mem=0
test_notification_neopixel_integration 6/6 passed, 0 failed mem=0
test_notification_scd30_integration 4/4 passed, 0 failed mem=0
test_notification_scd30_sgp40_integration 2/2 passed, 0 failed mem=0
test_notification_sgp40_integration 3/3 passed, 0 failed mem=0
test_ntp_fram_system_integration 12/12 passed, 0 failed mem=0
test_ntp_wifi_dns_integration 13/13 passed, 0 failed mem=0
test_readiness_gates 14/14 passed, 0 failed mem=0
test_reset_call_site_invariant 2/2 passed, 0 failed mem=0
test_sensortask_arzi 76/76 passed, 0 failed mem=0
test_sensortask_dev 76/76 passed, 0 failed mem=0
test_sensortask_grkizi 76/76 passed, 0 failed mem=0
test_sensortask_klkizi 76/76 passed, 0 failed mem=0
test_sensortask_schlafzi 76/76 passed, 0 failed mem=0
test_sensortask_wozi 76/76 passed, 0 failed mem=0
test_setter_microdot_integration 39/39 passed, 0 failed mem=0
test_strict_json 5/5 passed, 0 failed mem=0
test_ticks_rollover 22/22 passed, 0 failed mem=0
test_tmp_scratch 11/11 passed, 0 failed mem=0
test_uart_comm_hazard 131/131 passed, 0 failed mem=0
test_voc_algorithm 42/42 passed, 0 failed mem=0
test_website_build_integration 7/7 passed, 0 failed mem=0
test_write_counters 9/9 passed, 0 failed mem=0
