debug: {'code': 0, 'res': 'OK', 'descr': 'Command executed', 'result': {'DebugLevel': 'Valid'}}
t=   0.6s PUT TempOffset=0.0: {"SCD30": {"TempOffset": "Unchanged"}} ConfigUnpersisted=None up=None
t=   3.5s PUT TempOffset=-0.5: {"SCD30": {"TempOffset": "Invalid"}} ConfigUnpersisted=None up=None
t=   6.4s PUT TempOffset=655.85: {"SCD30": {"TempOffset": "Invalid"}} ConfigUnpersisted=None up=None
t=   9.3s PUT TempOffset=1.5: {"SCD30": {"TempOffset": "Valid"}} ConfigUnpersisted=None up=None
t=  12.3s PUT TempOffset=0: {"SCD30": {"TempOffset": "Valid"}} ConfigUnpersisted=None up=None
t=  15.5s PUT TempOffset=327.68: {"SCD30": {"TempOffset": "Valid"}} ConfigUnpersisted=None up=None
t=  18.4s PUT TempOffset=655.35: {"SCD30": {"TempOffset": "Valid"}} ConfigUnpersisted=None up=None
t=  22.3s PUT MeasInterval=2: {"SCD30": {"MeasInterval": "Unchanged"}} ConfigUnpersisted=None up=None
t=  27.5s PUT MeasInterval=1: {"SCD30": {"MeasInterval": "Invalid"}} ConfigUnpersisted=None up=None
t=  32.0s PUT MeasInterval=1801: {"SCD30": {"MeasInterval": "Invalid"}} ConfigUnpersisted=None up=None
t=  36.3s PUT MeasInterval=2.5: {"SCD30": {"MeasInterval": "Invalid"}} ConfigUnpersisted=None up=None
t=  39.3s PUT MeasInterval=2: {"SCD30": {"MeasInterval": "Unchanged"}} ConfigUnpersisted=None up=None
t=  42.4s PUT MeasInterval=901: {"SCD30": {"MeasInterval": "Valid"}} ConfigUnpersisted=None up=None
t=  45.5s PUT MeasInterval=1800: {"SCD30": {"MeasInterval": "Valid"}} ConfigUnpersisted=None up=None
t=  49.8s PUT Altitude=0: {"SCD30": {"Altitude": "Unchanged"}} ConfigUnpersisted=None up=None
t=  53.0s PUT Altitude=-1: {"SCD30": {"Altitude": "Invalid"}} ConfigUnpersisted=None up=None
t=  55.9s PUT Altitude=65536: {"SCD30": {"Altitude": "Invalid"}} ConfigUnpersisted=None up=None
t=  58.8s PUT Altitude=0.5: {"SCD30": {"Altitude": "Invalid"}} ConfigUnpersisted=None up=None
t=  63.9s PUT Altitude=0: {"SCD30": {"Altitude": "Unchanged"}} ConfigUnpersisted=None up=None
t=  67.2s PUT Altitude=32768: {"SCD30": {"Altitude": "Valid"}} ConfigUnpersisted=None up=None
t=  70.2s PUT Altitude=65535: {"SCD30": {"Altitude": "Valid"}} ConfigUnpersisted=None up=None
t=  73.2s PUT SelfCal=True: {"SCD30": {"SelfCal": "Valid"}} ConfigUnpersisted=None up=None
t=  75.7s PUT FRCNoise=20.0: {"SCD30": {"FRCNoise": "Failed"}} ConfigUnpersisted=None up=None
t=  79.4s PUT FRCNoise=10.0: {"SCD30": {"FRCNoise": "Failed"}} ConfigUnpersisted=None up=None
t=  81.9s PUT FRCRate=10.0: {"SCD30": {"FRCRate": "Failed"}} ConfigUnpersisted=None up=None
t=  89.5s PUT FRCNoise=20.0: {"SCD30": {"FRCNoise": "Failed"}} ConfigUnpersisted=None up=None
t=  97.0s PUT FRCNoise=20.0: {"SCD30": {"FRCNoise": "Failed"}} ConfigUnpersisted=None up=None
STATUS {"networking": {"RSSI": null, "NTPSynced": false, "NTPLastSyncAge": null, "NTPLastSync": null, "HTTPDropped": 0, "Connected": false, "WifiTS": null, "WifiUptime": 0, "Subnet": "0.0.0.0", "Mode": "AP", "IPv4": "0.0.0.0", "DNS": "0.0.0.0", "Gateway": "0.0.0.0"}, "system": {"ResetBits": 256, "MemFree": 15901568, "MemPaused": true, "ConfigFaults": [], "SysUptime": 101, "ConfigUnpersisted": [], "ResetReason": 1, "BootSignature": null, "LocalTime": null, "UTCTime": null}, "notification": {"Triggered": false, "PauseTime": 0, "TS": null}, "sensors": {"SGP40": {"BackupTS": null, "RestoreTS": null}}, "errcount": {"CFGMGR_SCD30": {"history": [{"type": "N", "num": 0}, {"type": "N", "num": 0}, {"type": "N", "num": 0}, {"type": "N", "num": 0}, {"type": "N", "num": 0}, {"type": "N", "num": 0}, {"type": "N", "num": 0}, {"type": "N", "num": 0}, {"type": "N", "num": 0}, {"type": "N", "num": 0}], "counter": 0}, "SCD30": {"history": [{"type": "E", "num": 1}, {"type": "W", "num": 15}, {"type": "E", "num": 27}, {"type": "E", "num": 1}, {"type": "W", "num": 15}, {"type": "E", "num": 27}, {"type": "E", "num": 1}, {"type": "E", "num": 27}, {"type": "E", "num": 1}, {"type": "E", "num": 2}], "counter": 105}, "SYSTEM": {"history": [{"type": "N", "num": 0}, {"type": "N", "num": 0}, {"type": "N", "num": 0}, {"type": "N", "num": 0}, {"type": "N", "num": 0}, {"type": "N", "num": 0}, {"type": "E", "num": 44}, {"type": "E", "num": 41}, {"type": "E", "num": 44}, {"type": "E", "num": 28}], "counter": 7}, "CFGMGR_WIFI": {"history": [{"type": "N", "num": 0}, {"type": "N", "num": 0}, {"type": "N", "num": 0}, {"type": "N", "num": 0}, {"type": "N", "num": 0}, {"type": "N", "num": 0}, {"type": "N", "num": 0}, {"type": "N", "num": 0}, {"type": "N", "num": 0}, {"type": "N", "num": 0}], "counter": 0}, "SGP40": {"history": [{"type": "N", "num": 0}, {"type": "N", "num": 0}, {"type": "N", "num": 0}, {"type": "N", "num": 0}, {"type": "N", "num": 0}, {"type": "N", "num": 0}, {"type": "N", "num": 0}, {"type": "N", "num": 0}, {"type": "E", "num": 110}, {"type": "E", "num": 28}], "counter": 2}, "CFGMGR_NTP": {"history": [{"type": "N", "num": 0}, {"type": "N", "num": 0}, {"type": "N", "num": 0}, {"type": "N", "num": 0}, {"type": "N", "num": 0}, {"type": "N", "num": 0}, {"type": "N", "num": 0}, {"type": "N", "num": 0}, {"type": "N", "num": 0}, {"type": "N", "num": 0}], "counter": 0}, "NOTIFY": {"history": [{"type": "N", "num": 0}, {"type": "N", "num": 0}, {"type": "N", "num": 0}, {"type": "N", "num": 0}, {"type": "N", "num": 0}, {"type": "N", "num": 0}, {"type": "N", "num": 0}, {"type": "N", "num": 0}, {"type": "N", "num": 0}, {"type": "N", "num": 0}], "counter": 0}, "NEOPIXEL": {"history": [{"type": "N", "num": 0}, {"type": "N", "num": 0}, {"type": "N", "num": 0}, {"type": "N", "num": 0}, {"type": "N", "num": 0}, {"type": "N", "num": 0}, {"type": "N", "num": 0}, {"type": "N", "num": 0}, {"type": "N", "num": 0}, {"type": "N", "num": 0}], "counter": 0}, "FRAM": {"history": [{"type": "N", "num": 0}, {"type": "N", "num": 0}, {"type": "N", "num": 0}, {"type": "N", "num": 0}, {"type": "N", "num": 0}, {"type": "N", "num": 0}, {"type": "N", "num": 0}, {"type": "N", "num": 0}, {"type": "N", "num": 0}, {"type": "W", "num": 25}], "counter": 35}, "DNSSRV": {"history": [{"type": "N", "num": 0}, {"type": "N", "num": 0}, {"type": "N", "num": 0}, {"type": "N", "num": 0}, {"type": "N", "num": 0}, {"type": "N", "num": 0}, {"type": "N", "num": 0}, {"type": "N", "num": 0}, {"type": "N", "num": 0}, {"type": "N", "num": 0}], "counter": 0}, "CFGMGR_NOTIFY": {"history": [{"type": "N", "num": 0}, {"type": "N", "num": 0}, {"type": "N", "num": 0}, {"type": "N", "num": 0}, {"type": "N", "num": 0}, {"type": "N", "num": 0}, {"type": "N", "num": 0}, {"type": "N", "num": 0}, {"type": "N", "num": 0}, {"type": "N", "num": 0}], "counter": 0}, "CFGMGR_SGP40": {"history": [{"type": "N", "num": 0}, {"type": "N", "num": 0}, {"type": "N", "num": 0}, {"type": "N", "num": 0}, {"type": "N", "num": 0}, {"type": "N", "num": 0}, {"type": "N", "num": 0}, {"type": "N", "num": 0}, {"type": "N", "num": 0}, {"type": "N", "num": 0}], "counter": 0}, "WIFI": {"history": [{"type": "N", "num": 0}, {"type": "N", "num": 0}, {"type": "N", "num": 0}, {"type": "N", "num": 0}, {"type": "N", "num": 0}, {"type": "N", "num": 0}, {"type": "N", "num": 0}, {"type": "N", "num": 0}, {"type": "N", "num": 0}, {"type": "N", "num": 0}], "counter": 0}, "NTP": {"history": [{"type": "N", "num": 0}, {"type": "N", "num": 0}, {"type": "N", "num": 0}, {"type": "N", "num": 0}, {"type": "N", "num": 0}, {"type": "N", "num": 0}, {"type": "N", "num": 0}, {"type": "N", "num": 0}, {"type": "N", "num": 0}, {"type": "N", "num": 0}], "counter": 0}, "CFGMGR_SYSTEM": {"history": [{"type": "N", "num": 0}, {"type": "N", "num": 0}, {"type": "N", "num": 0}, {"type": "N", "num": 0}, {"type": "N", "num": 0}, {"type": "N", "num": 0}, {"type": "N", "num": 0}, {"type": "N", "num": 0}, {"type": "N", "num": 0}, {"type": "N", "num": 0}], "counter": 0}, "WEBSERVER": {"history": [{"type": "N", "num": 0}, {"type": "N", "num": 0}, {"type": "N", "num": 0}, {"type": "N", "num": 0}, {"type": "N", "num": 0}, {"type": "N", "num": 0}, {"type": "N", "num": 0}, {"type": "N", "num": 0}, {"type": "N", "num": 0}, {"type": "N", "num": 0}], "counter": 0}}}
