== NEW clock, standard
ok   k=1 D=300 test_a_host_stall_cannot_fail_the_faulted_hammer_crc16: pass
ok   k=1 D=300 test_a_host_stall_cannot_fail_the_faulted_hammer_nocrc: pass
ok   k=1 D=300 test_a_host_stall_cannot_fail_the_retention_check_crc16: pass
ok   k=1 D=300 test_a_host_stall_cannot_fail_the_retention_check_nocrc: pass
ok   k=1 D=300 test_a_host_stall_cannot_fail_the_sustained_hammer_crc16: pass
ok   k=1 D=300 test_a_host_stall_cannot_fail_the_sustained_hammer_nocrc: pass
ok   k=2 D=300 test_a_host_stall_cannot_fail_the_faulted_hammer_crc16: pass
ok   k=2 D=300 test_a_host_stall_cannot_fail_the_faulted_hammer_nocrc: pass
ok   k=2 D=300 test_a_host_stall_cannot_fail_the_retention_check_crc16: pass
ok   k=2 D=300 test_a_host_stall_cannot_fail_the_retention_check_nocrc: pass
ok   k=2 D=300 test_a_host_stall_cannot_fail_the_sustained_hammer_crc16: pass
ok   k=2 D=300 test_a_host_stall_cannot_fail_the_sustained_hammer_nocrc: pass
ok   k=3 D=300 test_a_host_stall_cannot_fail_the_faulted_hammer_crc16: pass
ok   k=3 D=300 test_a_host_stall_cannot_fail_the_faulted_hammer_nocrc: pass
ok   k=3 D=300 test_a_host_stall_cannot_fail_the_retention_check_crc16: pass
ok   k=3 D=300 test_a_host_stall_cannot_fail_the_retention_check_nocrc: pass
ok   k=3 D=300 test_a_host_stall_cannot_fail_the_sustained_hammer_crc16: pass
ok   k=3 D=300 test_a_host_stall_cannot_fail_the_sustained_hammer_nocrc: pass
ok   k=4 D=300 test_a_host_stall_cannot_fail_the_faulted_hammer_crc16: pass
ok   k=4 D=300 test_a_host_stall_cannot_fail_the_faulted_hammer_nocrc: pass
ok   k=4 D=300 test_a_host_stall_cannot_fail_the_retention_check_crc16: pass
ok   k=4 D=300 test_a_host_stall_cannot_fail_the_retention_check_nocrc: pass
ok   k=4 D=300 test_a_host_stall_cannot_fail_the_sustained_hammer_crc16: pass
ok   k=4 D=300 test_a_host_stall_cannot_fail_the_sustained_hammer_nocrc: pass
ok   k=5 D=300 test_a_host_stall_cannot_fail_the_faulted_hammer_crc16: pass
ok   k=5 D=300 test_a_host_stall_cannot_fail_the_faulted_hammer_nocrc: pass
ok   k=5 D=300 test_a_host_stall_cannot_fail_the_retention_check_crc16: pass
ok   k=5 D=300 test_a_host_stall_cannot_fail_the_retention_check_nocrc: pass
ok   k=5 D=300 test_a_host_stall_cannot_fail_the_sustained_hammer_crc16: pass
ok   k=5 D=300 test_a_host_stall_cannot_fail_the_sustained_hammer_nocrc: pass
ok   k=6 D=300 test_a_host_stall_cannot_fail_the_faulted_hammer_crc16: pass
ok   k=6 D=300 test_a_host_stall_cannot_fail_the_faulted_hammer_nocrc: pass
ok   k=6 D=300 test_a_host_stall_cannot_fail_the_retention_check_crc16: pass
ok   k=6 D=300 test_a_host_stall_cannot_fail_the_retention_check_nocrc: pass
ok   k=6 D=300 test_a_host_stall_cannot_fail_the_sustained_hammer_crc16: pass
ok   k=6 D=300 test_a_host_stall_cannot_fail_the_sustained_hammer_nocrc: pass
ok   k=14 D=300 test_a_host_stall_cannot_fail_the_faulted_hammer_crc16: pass
ok   k=14 D=300 test_a_host_stall_cannot_fail_the_faulted_hammer_nocrc: pass
ok   k=14 D=300 test_a_host_stall_cannot_fail_the_retention_check_crc16: pass
ok   k=14 D=300 test_a_host_stall_cannot_fail_the_retention_check_nocrc: pass
ok   k=14 D=300 test_a_host_stall_cannot_fail_the_sustained_hammer_crc16: pass
ok   k=14 D=300 test_a_host_stall_cannot_fail_the_sustained_hammer_nocrc: pass
ok   k=16 D=300 test_a_host_stall_cannot_fail_the_faulted_hammer_crc16: pass
ok   k=16 D=300 test_a_host_stall_cannot_fail_the_faulted_hammer_nocrc: pass
ok   k=16 D=300 test_a_host_stall_cannot_fail_the_retention_check_crc16: pass
ok   k=16 D=300 test_a_host_stall_cannot_fail_the_retention_check_nocrc: pass
ok   k=16 D=300 test_a_host_stall_cannot_fail_the_sustained_hammer_crc16: pass
ok   k=16 D=300 test_a_host_stall_cannot_fail_the_sustained_hammer_nocrc: pass
== NEW clock, settrace
ok   k=1 D=300 test_a_host_stall_cannot_fail_the_faulted_hammer_crc16: pass
ok   k=1 D=300 test_a_host_stall_cannot_fail_the_faulted_hammer_nocrc: pass
ok   k=1 D=300 test_a_host_stall_cannot_fail_the_retention_check_crc16: pass
ok   k=1 D=300 test_a_host_stall_cannot_fail_the_retention_check_nocrc: pass
ok   k=1 D=300 test_a_host_stall_cannot_fail_the_sustained_hammer_crc16: pass
ok   k=1 D=300 test_a_host_stall_cannot_fail_the_sustained_hammer_nocrc: pass
ok   k=2 D=300 test_a_host_stall_cannot_fail_the_faulted_hammer_crc16: pass
ok   k=2 D=300 test_a_host_stall_cannot_fail_the_faulted_hammer_nocrc: pass
ok   k=2 D=300 test_a_host_stall_cannot_fail_the_retention_check_crc16: pass
ok   k=2 D=300 test_a_host_stall_cannot_fail_the_retention_check_nocrc: pass
ok   k=2 D=300 test_a_host_stall_cannot_fail_the_sustained_hammer_crc16: pass
ok   k=2 D=300 test_a_host_stall_cannot_fail_the_sustained_hammer_nocrc: pass
ok   k=3 D=300 test_a_host_stall_cannot_fail_the_faulted_hammer_crc16: pass
ok   k=3 D=300 test_a_host_stall_cannot_fail_the_faulted_hammer_nocrc: pass
ok   k=3 D=300 test_a_host_stall_cannot_fail_the_retention_check_crc16: pass
ok   k=3 D=300 test_a_host_stall_cannot_fail_the_retention_check_nocrc: pass
ok   k=3 D=300 test_a_host_stall_cannot_fail_the_sustained_hammer_crc16: pass
ok   k=3 D=300 test_a_host_stall_cannot_fail_the_sustained_hammer_nocrc: pass
ok   k=4 D=300 test_a_host_stall_cannot_fail_the_faulted_hammer_crc16: pass
ok   k=4 D=300 test_a_host_stall_cannot_fail_the_faulted_hammer_nocrc: pass
ok   k=4 D=300 test_a_host_stall_cannot_fail_the_retention_check_crc16: pass
ok   k=4 D=300 test_a_host_stall_cannot_fail_the_retention_check_nocrc: pass
ok   k=4 D=300 test_a_host_stall_cannot_fail_the_sustained_hammer_crc16: pass
ok   k=4 D=300 test_a_host_stall_cannot_fail_the_sustained_hammer_nocrc: pass
ok   k=5 D=300 test_a_host_stall_cannot_fail_the_faulted_hammer_crc16: pass
ok   k=5 D=300 test_a_host_stall_cannot_fail_the_faulted_hammer_nocrc: pass
ok   k=5 D=300 test_a_host_stall_cannot_fail_the_retention_check_crc16: pass
ok   k=5 D=300 test_a_host_stall_cannot_fail_the_retention_check_nocrc: pass
ok   k=5 D=300 test_a_host_stall_cannot_fail_the_sustained_hammer_crc16: pass
ok   k=5 D=300 test_a_host_stall_cannot_fail_the_sustained_hammer_nocrc: pass
ok   k=6 D=300 test_a_host_stall_cannot_fail_the_faulted_hammer_crc16: pass
ok   k=6 D=300 test_a_host_stall_cannot_fail_the_faulted_hammer_nocrc: pass
ok   k=6 D=300 test_a_host_stall_cannot_fail_the_retention_check_crc16: pass
ok   k=6 D=300 test_a_host_stall_cannot_fail_the_retention_check_nocrc: pass
ok   k=6 D=300 test_a_host_stall_cannot_fail_the_sustained_hammer_crc16: pass
ok   k=6 D=300 test_a_host_stall_cannot_fail_the_sustained_hammer_nocrc: pass
ok   k=14 D=300 test_a_host_stall_cannot_fail_the_faulted_hammer_crc16: pass
ok   k=14 D=300 test_a_host_stall_cannot_fail_the_faulted_hammer_nocrc: pass
ok   k=14 D=300 test_a_host_stall_cannot_fail_the_retention_check_crc16: pass
ok   k=14 D=300 test_a_host_stall_cannot_fail_the_retention_check_nocrc: pass
ok   k=14 D=300 test_a_host_stall_cannot_fail_the_sustained_hammer_crc16: pass
ok   k=14 D=300 test_a_host_stall_cannot_fail_the_sustained_hammer_nocrc: pass
ok   k=16 D=300 test_a_host_stall_cannot_fail_the_faulted_hammer_crc16: pass
ok   k=16 D=300 test_a_host_stall_cannot_fail_the_faulted_hammer_nocrc: pass
ok   k=16 D=300 test_a_host_stall_cannot_fail_the_retention_check_crc16: pass
ok   k=16 D=300 test_a_host_stall_cannot_fail_the_retention_check_nocrc: pass
ok   k=16 D=300 test_a_host_stall_cannot_fail_the_sustained_hammer_crc16: pass
ok   k=16 D=300 test_a_host_stall_cannot_fail_the_sustained_hammer_nocrc: pass
