PASS test_normalise_falls_back_to_16_bit_saturation_for_an_unknown_resolution
PASS test_matches_shadow_ignores_reserved_bits_but_not_meaningful_ones
PASS test_get_config_snapshot_reports_the_chip_not_the_shadow
PASS test_a_scene_that_moves_during_the_sandwich_is_rejected
PASS test_a_clipped_partner_leg_is_rejected
PASS test_calibration_waits_for_a_scene_inside_the_overlap_band
PASS test_only_a_config_push_changes_the_applied_ratio
PASS test_starting_a_calibration_with_false_is_a_no_op
PASS test_a_failed_partner_read_logs_a_read_error_and_puts_the_range_back
PASS test_turning_autorange_back_on_rearms_intsel_and_the_thresholds
PASS test_brownout_does_not_feed_the_leaky_bucket_beyond_its_own_lost_cycle
PASS test_pushing_ir_compensation_reaches_config2_without_touching_config1
PASS test_a_partner_reading_of_zero_is_not_turned_into_a_ratio
PASS test_the_gain_correction_is_one_on_the_low_range_and_applied_over_nominal_on_the_high_one
PASS test_a_failed_config_write_leaves_the_shadow_on_the_value_the_chip_still_holds
PASS test_rgb_is_normalised_over_the_span_not_the_active_range
PASS test_verify_device_id_raises_on_the_wrong_part_and_passes_on_the_right_one
PASS test_every_protocol_read_raises_when_layer_one_answers_none_instead_of_raising
PASS test_a_disagreeing_reading_restarts_the_agreement_run
PASS test_a_raising_reapply_burst_logs_one_chip_set_and_no_recovery_warning
PASS test_switch_down_is_suppressed_inside_the_dwell_window
PASS test_thresholds_are_scaled_to_the_active_resolution
PASS test_set_thresholds_parks_an_omitted_up_crossing_at_the_top_of_the_active_scale
PASS test_the_interrupt_is_rearmed_once_per_dead_line_episode
PASS test_set_trigger_s_refuses_bad_values_with_bad_arg_and_never_raises
PASS test_a_getter_returning_an_out_of_schema_value_is_rejected_by_the_recovery_chain
PASS test_set_range_rejects_a_value_outside_the_two_real_ranges
PASS test_pinning_a_range_while_autorange_is_off_actually_programs_the_chip
PASS test_a_calibration_window_without_a_stable_reading_warns_once
PASS test_the_derivation_never_lets_the_window_outlast_the_sample_interval
PASS test_decode_rgb_burst_accepts_a_bytearray_and_a_memoryview
PASS test_configure_writes_two_bytes_from_0x02_for_an_ir_only_change
PASS test_decode_config_rejects_the_wrong_length_and_none
PASS test_configure_writes_nothing_when_nothing_changed
PASS test_handle_status_decodes_every_byte_value_without_raising
PASS test_fraction_to_counts_does_not_truncate_like_the_riot_driver
PASS test_init_returns_false_and_logs_chip_set_when_applying_the_config_raises
PASS test_decode_config_round_trips_against_encode_shadow
PASS test_no_range_decision_is_made_while_auto_is_off_or_a_settle_is_pending
PASS test_set_thresholds_is_one_four_byte_burst_little_endian
PASS test_setup_sequence_is_id_reset_brownout_config
PASS test_a_raising_device_id_re_read_prints_and_adds_no_second_entry
PASS test_fraction_to_counts_clamps_to_the_register_range
PASS test_read_counts_raises_rather_than_returning_none_on_a_bus_fault
PASS test_the_run_ends_once_consecutive_readings_agree
PASS test_reader_construction_can_disable_the_internal_pull_up_for_a_board_with_its_own_resistor
PASS test_counts_to_lux_reaches_full_scale_at_full_count
PASS test_decode_rgb_burst_rejects_short_and_none
PASS test_read_returns_a_narrow_results_tuple_without_cct
PASS test_cct_is_none_below_the_low_light_floor_and_present_above_it
PASS test_range_readback_is_suppressed_while_autorange_is_on
PASS test_the_dark_offset_is_a_datasheet_constant_on_the_low_range_alone
PASS test_is_bus_fault_pattern_treats_a_non_int_status_as_implausible
PASS test_status_register_is_read_exactly_once_per_cycle
PASS test_read_loop_calls_error_check_exactly_once_per_cycle
PASS test_a_passed_settle_deadline_never_ages_past_the_tick_horizon
PASS test_a_diverged_configuration_re_arms_the_range_thresholds_too
PASS test_every_hardware_setter_logs_chip_set_on_a_bus_fault
PASS test_read_sensor_dict_degrades_to_an_empty_dict_when_the_snapshot_cannot_be_decoded
PASS test_a_failed_threshold_write_leaves_the_cached_threshold
PASS test_construction_performs_no_bus_transactions
PASS test_decode_status_answers_none_for_anything_that_is_not_a_byte
PASS test_a_failed_read_keeps_the_last_good_sample_and_its_timestamp
PASS test_set_range_rejects_a_bad_value_with_auto_range_off_too
PASS test_get_device_id_reads_one_byte_from_register_zero
PASS test_re_deriving_the_transient_rejection_logs_chip_set_when_that_write_fails
PASS test_init_returns_false_and_logs_an_init_error_and_reinitialises_the_controller
PASS test_is_bus_fault_pattern_is_false_for_a_clipped_12_bit_scene
PASS test_an_edge_seen_before_a_restart_is_not_credited_after_it
PASS test_encode_shadow_masks_an_over_wide_field_instead_of_disturbing_its_neighbour
PASS test_decode_config_ignores_the_reserved_bits
PASS test_the_log_config_sets_both_loggers_length_and_level
PASS test_is_bus_fault_pattern_needs_all_three_channels_and_a_reserved_bit
PASS test_a_parked_int_stays_parked_across_a_periodic_down_switch
PASS test_normalise_reports_saturation_when_any_single_channel_clips
PASS test_the_down_point_is_derived_from_the_threshold_and_cannot_be_set
PASS test_switch_points_cannot_chatter_anywhere_in_the_threshold_band
PASS test_an_interrupt_driven_switch_resets_the_periodic_only_counter
PASS test_a_snapshot_field_read_degrades_to_none_when_the_snapshot_cannot_be_decoded
PASS test_set_range_auto_racing_a_parking_cycle_leaves_intsel_and_the_flag_agreeing
PASS test_configure_sets_the_settle_deadline_only_on_a_config1_write
PASS test_the_write_failure_sequence_wraps_and_still_reconciles
PASS test_the_settle_wait_is_bounded_against_a_stream_of_config_writes
PASS test_is_bus_fault_pattern_tolerates_a_missing_triple
PASS test_a_failed_threshold_write_and_a_failed_range_write_each_log_chip_set
PASS test_read_sensor_dict_detects_a_diverged_mode_and_reapplies_the_shadow
PASS test_the_two_remaining_auto_range_knobs_reject_out_of_range_values_with_bad_arg
PASS test_a_reconciling_re_read_that_itself_fails_is_retried_on_the_following_cycle
PASS test_changing_the_sample_interval_takes_effect_on_the_next_boundary
PASS test_switch_up_when_only_red_clips_and_green_is_mid_scale
PASS test_five_periodic_led_decisions_in_a_row_report_a_possibly_dead_interrupt
PASS test_decode_rgb_burst_decodes_the_all_ones_bus_fault_pattern
PASS test_a_reserved_bit_difference_is_not_reported_as_divergence
PASS test_encode_shadow_leaves_every_reserved_bit_zero
PASS test_get_config_snapshot_is_one_transaction_and_returns_the_raw_bytes_unmodified
PASS test_reset_restores_the_shadow_to_the_chips_own_defaults
PASS test_the_filter_coefficient_rejects_values_outside_its_band_with_bad_arg
PASS test_the_run_gives_up_when_its_window_closes
PASS test_the_measured_candidate_travels_with_every_reading
PASS test_configure_never_exposes_the_shadow_ahead_of_a_write_still_in_flight
PASS test_never_touches_any_address_but_its_own
PASS test_init_runs_on_the_defaults_when_its_config_file_cannot_be_written
PASS test_only_the_five_hardware_backed_fields_have_a_getter
PASS test_no_exception_escapes_the_reader_layer
PASS test_autorange_saturation_on_the_low_range_is_not_overrange_while_a_switch_is_under_way
PASS test_each_push_rejects_the_wrong_type_without_touching_the_bus
PASS test_base_trigger_produces_one_read_event_per_sample_interval
PASS test_decode_rgb_burst_returns_green_red_blue_in_register_order
PASS test_that_scene_does_not_switch_back_down_after_the_dwell_expires
PASS test_read_sensor_dict_key_names_produce_no_unknown_key_warning
PASS test_the_periodic_path_switches_range_when_the_interrupt_never_fires
PASS test_a_config_push_landing_mid_read_scales_the_sample_by_the_gain_it_was_taken_on
PASS test_a_config_burst_that_lands_only_partly_is_reconciled_by_the_next_read_cycle
PASS test_starting_a_calibration_returns_valid_twice_in_a_row
PASS test_reader_construction_enables_the_internal_pull_up_on_the_int_pin
PASS test_a_failed_trigger_arm_ends_the_trigger_task_with_one_timer_entry_and_a_restart_rearms
PASS test_setup_raises_when_the_bus_naks
PASS test_stop_timer_deinits_the_real_timer
PASS test_every_protocol_write_raises_on_a_bus_that_is_down
PASS test_configure_rejects_a_field_the_chip_cannot_take_instead_of_masking_it
PASS test_the_colour_temperature_chain_gives_up_instead_of_dividing_by_a_collapsed_sum
PASS test_hue_and_saturation_are_invariant_across_a_resolution_change
PASS test_check_range_is_the_same_verdict_configure_applies_without_writing
PASS test_calibration_is_skipped_during_settle_and_while_auto_range_is_off
PASS test_store_produces_the_documented_nested_body
PASS test_concurrent_read_and_write_never_interleave_on_the_wire
PASS test_encode_shadow_places_every_field_in_its_documented_bit
PASS test_a_latched_flag_with_no_pin_edge_still_counts_as_a_periodic_only_switch
PASS test_every_getter_logs_chip_get_and_returns_none_on_a_bus_fault
PASS test_an_out_of_band_knob_is_rejected_by_the_schema_rung_not_the_setter
PASS test_configure_force_rewrites_all_three_bytes_even_with_no_change
PASS test_normalise_clamps_at_full_scale
PASS test_reader_construction_performs_no_bus_transactions
PASS test_read_status_reads_one_byte_and_clear_brownout_writes_it_low
PASS test_cycle_time_follows_the_configured_resolution
PASS test_a_dark_room_never_increments_the_error_counter
PASS test_normalise_reports_saturation_at_the_raw_resolution_maximum_not_65535
PASS test_set_autorange_thresh_on_the_low_range_writes_the_up_crossing
PASS test_a_failed_re_apply_after_divergence_logs_chip_set_and_stops_there
PASS test_turning_autorange_off_logs_chip_set_when_that_write_fails
PASS test_a_bool_is_never_accepted_as_a_numeric_setting
PASS test_a_fractional_setting_is_rejected_rather_than_silently_truncated
PASS test_a_failed_config_write_does_not_make_the_divergence_check_see_a_phantom_change
PASS test_setting_range_while_autorange_is_on_stores_the_preference_without_a_chip_write
PASS test_an_unsettled_cycle_is_no_failure
PASS test_darkness_on_the_low_range_parks_the_zero_threshold
PASS test_normalise_subtracts_the_dark_offset_on_the_low_range_only_and_clamps_at_zero
PASS test_is_bus_fault_pattern_fires_on_raw_all_ones_at_both_resolutions
PASS test_the_settle_window_is_two_full_cycles_at_either_resolution
PASS test_setup_raises_on_a_wrong_device_id
PASS test_a_published_candidate_stops_being_offered_once_its_hold_expires
PASS test_a_leg_whose_range_switch_fails_abandons_the_sandwich_without_a_candidate
PASS test_a_rangeauto_push_landing_between_the_read_and_the_store_cannot_renormalise_the_sample
PASS test_read_sensor_dict_reports_the_five_hardware_backed_fields
PASS test_normalise_falls_back_to_no_shift_for_an_unknown_resolution
PASS test_decode_config_decodes_an_all_zero_post_brownout_chip
PASS test_configure_writes_three_bytes_only_when_config1_changed
PASS test_time_to_settle_crosses_the_ticks_wrap
PASS test_start_timer_degrades_when_the_alarm_pool_is_exhausted
PASS test_a_genuinely_saturated_white_scene_survives_the_device_id_re_read
PASS test_no_calibration_runs_until_the_user_starts_one
PASS test_a_switching_cycle_is_scaled_by_the_old_range_not_the_new_one
PASS test_set_thresholds_rescales_both_counts_to_the_active_resolution
PASS test_init_leaves_no_state_behind_after_a_failed_attempt
PASS test_a_run_publishes_a_candidate_and_leaves_the_applied_ratio_alone
PASS test_the_read_loop_stores_healthy_samples_and_gives_up_once_the_budget_is_spent
PASS test_a_switch_down_is_never_suppressed_by_a_week_old_switch_tick
PASS test_a_failed_push_recovers_through_the_getter_then_the_snapshot_then_the_default
PASS test_a_published_candidate_expires_and_stays_expired_across_a_week
PASS test_output_filter_applies_only_when_filtcoeff_is_positive
PASS test_every_hardware_backed_setter_reports_a_rejected_field_without_writing
PASS test_two_concurrent_threshold_pushes_end_on_the_later_one
PASS test_switch_up_on_saturation_without_waiting_for_persistence
PASS test_the_pin_handler_records_the_edge_as_well_as_waking_the_read_loop
PASS test_set_resolution_reports_failure_when_the_derived_window_cannot_be_re_applied
PASS test_set_thresholds_clamps_out_of_range_counts
PASS test_task_and_trigger_starters_are_registered
PASS test_a_bus_fault_pattern_is_confirmed_by_a_failed_device_id_re_read
PASS test_configure_arms_and_disarms_the_threshold_interrupt_by_intent
PASS test_decode_status_separates_the_four_flags
PASS test_turning_autorange_off_writes_intsel_zero_and_applies_the_stored_range
PASS test_thresholds_are_written_before_the_range_bit
PASS test_the_config_decoder_survives_an_answer_that_is_not_bytes_at_all
PASS test_a_write_that_fails_during_the_reconciling_re_read_is_not_lost
PASS test_the_derivation_degrades_to_the_shortest_window_when_none_fits
PASS test_a_warm_scene_reports_a_lower_colour_temperature_than_a_cool_one
PASS test_a_restart_resets_the_output_filter
PASS test_brownout_reapplies_the_whole_configuration_and_discards_one_cycle
PASS test_a_partial_switch_is_retried_on_the_next_cycle
PASS test_matches_shadow_does_not_report_divergence_on_an_uncomparable_read
PASS test_normalise_12_bit_maximum_is_65520_not_65535
PASS test_a_threshold_push_racing_a_range_switch_leaves_chip_and_cache_agreeing
PASS test_read_counts_uses_a_six_byte_burst_not_three_halfwords
PASS test_normalise_shifts_only_at_12_bit
PASS test_pushing_the_sample_interval_re_derives_the_transient_rejection
PASS test_setup_writes_sync_and_conven_as_zero
PASS test_every_schema_field_has_a_push_callback
PASS test_a_corrupted_config_byte_is_found_on_a_cycle_without_a_failed_write
PASS test_counts_to_lux_applies_the_gain_correction_multiplicatively
PASS test_set_thresholds_scales_to_the_resolution_live_when_it_gets_the_session
PASS test_an_int_the_peak_rule_overrules_is_parked_until_green_is_back_in_its_window
PASS test_reset_does_not_read_the_destructive_status_register
PASS test_read_sensor_dict_returns_all_none_and_logs_chip_get_on_a_bus_fault
PASS test_the_results_tuple_carries_the_range_the_sample_was_taken_on
PASS test_get_data_returns_the_all_none_namedtuple_before_the_first_read
PASS test_an_implausible_ratio_is_discarded_rather_than_published
PASS test_configure_accepts_every_value_the_datasheet_does_allow
PASS test_pushing_resolution_reaches_the_chip_byte_exactly
PASS test_init_returns_false_when_the_config_is_unreadable_logs_in_both_layers
PASS test_a_failed_status_read_drops_the_whole_sample_without_storing_or_raising
PASS test_read_loop_climbs_the_ladder_then_gives_up
PASS test_repeated_brownouts_each_warn_into_one_slot
PASS test_every_protocol_read_raises_rather_than_returning_none
PASS test_pushing_the_software_knobs_write_only_the_thresholds_they_derive
PASS test_counts_to_lux_matches_the_datasheet_lsb_figures
PASS test_the_timer_and_the_falling_edge_irq_both_reach_the_read_event
PASS test_fraction_to_counts_lands_somewhere_defined_for_nan_and_inf
PASS test_the_derived_gap_keeps_its_margin_across_the_whole_gain_ratio_band
PASS test_a_read_before_the_first_sync_publishes_with_ts_none_and_steps_no_streak
PASS test_set_resolution_rescales_the_thresholds_with_auto_range_off
PASS test_the_getters_read_the_live_chip_not_the_shadow
PASS test_get_dict_cfg_excludes_the_command_only_field
PASS test_fixed_range_saturation_on_the_low_range_is_overrange_too
PASS test_no_sample_is_reported_during_the_settle_window
PASS test_decode_config_decodes_every_field
PASS test_the_read_loop_gives_up_immediately_when_the_chip_is_not_there_at_all
PASS test_a_recovered_brownout_and_the_next_one_share_one_slot
PASS test_a_periodic_only_switch_warns_after_five_consecutive_occurrences
PASS test_the_dark_offset_is_subtracted_on_the_low_range_only
PASS test_two_failed_status_reads_reapply_the_shadow_and_rearm_the_thresholds
PASS test_reset_raises_when_the_config_registers_do_not_clear
PASS test_a_brownout_recovery_write_failure_logs_chip_set
PASS test_a_failed_autorange_mode_write_leaves_the_live_flag_where_the_config_still_says
PASS test_the_derived_persistence_reaches_config3_and_tracks_its_two_inputs
PASS test_init_arms_the_thresholds_for_the_starting_range
PASS test_cal_light_marks_the_calibration_band_at_its_edges
236/236 passed, 0 failed, 0 skipped
