procs -----------memory---------- ---swap-- -----io---- -system-- -------cpu-------
 r  b   swpd   free   buff  cache   si   so    bi    bo   in   cs us sy id wa st gu
 8  0      0 8667388 575464 6646580    0    0   161   438 3909   16 39  3 56  1  1  0
10  0      0 8358848 575484 6634624    0    0     0   731 6488 13217 89  9  0  0  2  0
10  0      0 8191556 575484 6647424    0    0     0   718 13686 29420 91  7  1  0  1  0
 6  0      0 8010984 575672 6675620    0    0     0   240 14361 30535 89  8  1  0  1  0
10  0      0 7956816 575672 6680120    0    0     0  3881 15520 33551 89  9  1  0  2  0
14  0      0 8090168 575688 6682708    0    0     0  1179 14043 29424 89  9  1  0  1  0
12  0      0 7954020 575724 6693800    0    0     0  2068 13417 28257 90  8  1  0  1  0
 9  0      0 7878924 575740 6710756    0    0     0   271 13676 29028 90  8  1  0  1  0
12  0      0 8116228 575752 6682908    0    0    13   671 13474 28499 89  9  1  0  2  0
13  0      0 7935388 575768 6696080    0    0     0   381 14922 32186 89  8  1  0  1  0
10  0      0 7852876 575848 6700956    0    0    11   460 14641 31150 89  9  1  0  2  0
10  0      0 7977832 575868 6702212    0    0     0  1260 14940 32038 88 10  1  0  1  0
14  0      0 7948372 576008 6707836    0    0     0   442 14885 32122 90  8  1  0  1  0
 8  0      0 7926052 576008 6724216    0    0     0   230 13986 29654 91  6  1  0  2  0
 5  0      0 8153148 576008 6701692    0    0     0   588 14549 30862 90  7  1  0  1  0
 6  4      0 8140816 576320 6708136    0    0    12  1433 14001 29731 90  7  2  0  1  0
 7  0      0 8129428 576508 6707636    0    0     0   140 13023 27032 88  8  3  0  2  0
10  0      0 8123812 576536 6709452    0    0     0   643 13731 29012 89  6  3  0  2  0
 9  0      0 8120928 576536 6708320    0    0     0   442 13380 28100 89  7  3  0  1  0
10  0      0 7998804 576652 6710872    0    0     0   678 14185 30540 87  8  3  0  2  0
 5  0      0 7929328 577168 6716452    0    0     0   582 9313 18702 85  8  5  0  1  0
 6  0      0 8001992 578012 6720540    0    0     6   137 8427 17004 88  6  4  0  1  0
11  0      0 8046692 578860 6725736    0    0     0   398 8389 16550 91  6  1  0  2  0
 8  0      0 8027672 579144 6748552    0    0     0  2060 10732 21783 89  8  1  0  2  0
 9  0      0 8030436 579764 6753732    0    0     0   291 10862 22027 90  8  1  0  1  0
 3  0      0 7983496 580440 6754908    0    0     0   273 10972 22874 82  6 10  0  2  0
14  0      0 7930444 580440 6755936    0    0     0  2779 8475 17239 88  5  5  0  1  0
 7  0      0 7958268 580456 6756668    0    0     0  1189 8443 16689 94  5  0  0  1  0
13  0      0 7946956 580472 6756576    0    0     0   290 8291 16006 93  5  0  0  1  0
 6  0      0 7925652 580512 6755848    0    0     0   326 6041 11211 94  5  0  0  1  0
 4  0      0 7987500 580556 6755304    0    0     0    17 6874 12860 89  4  5  0  1  0
 3  0      0 7967656 580660 6757208    0    0     0    39 6833 12866 74  6 18  0  2  0
 4  0      0 7968732 580664 6757736    0    0     0   318 7725 15028 79  4 16  0  2  0
 2  0      0 7994560 580700 6762708    0    0     0    51 9120 19912 55  6 37  0  2  0
 5  0      0 7993508 580728 6763512    0    0     0   158 10235 22527 57  6 34  0  3  0
 9  0      0 7982176 580852 6763056    0    0     0   139 6827 12483 69  4 25  0  2  0
 1  0      0 7988684 580864 6763212    0    0     0   634 5953 9830 46  5 47  0  2  0
 2  0      0 7940720 581132 6763560    0    0    26    40 4966 7742 37  5 54  0  3  0
 4  0      0 7503836 581132 6763604    0    0     0    35 3065 4460 60  4 34  0  2  0
 2  0      0 7439284 581164 6765756    0    0     5   248 2895 4119 64  3 31  0  1  0
 2  0      0 7415056 581208 6767636    0    0     0    41 2583 3399 55  4 39  0  2  0
 3  0      0 7324696 582844 6787112    0    0     0   172 3442 4783 44 14 39  0  3  0
 2  0      0 7062260 582956 6788132    0    0     0  1081 3202 4532 56  7 36  0  2  0
 3  0      0 6821620 583032 6790632    0    0     0   104 2941 3814 54  6 38  0  2  0
 2  0      0 7105148 583044 6790660    0    0     0   775 3010 3881 54  5 39  0  2  0
 2  0      0 7155572 583064 6790716    0    0     0  1006 3117 4106 55  4 40  0  1  0
 4  0      0 7078204 583068 6792184    0    0     0   214 3192 4108 62  5 30  0  2  0
 2  0      0 7152928 583068 6792264    0    0     0    24 2982 3920 55  5 39  0  2  0
 3  0      0 7010944 583224 6800636    0    0     0   105 3455 4877 52  7 39  0  2  0
 2  0      0 7014504 583252 6808132    0    0     0   208 3150 4327 56  4 38  0  2  0
 2  0      0 7083812 583724 6814488    0    0     0   128 3437 5097 58  5 35  0  2  0
 2  0      0 7051488 583784 6817480    0    0     0  1344 2887 4093 56  5 37  0  1  0
 2  0      0 7062288 584148 6827388    0    0     0   965 3317 4810 47  6 45  0  2  0
 2  0      0 7073296 584732 6838624    0    0     0   416 2865 4003 55  5 39  0  2  0
 2  0      0 7066548 584960 6846988    0    0     0   733 3028 4206 56  5 38  0  1  0
 3  0      0 7057864 584960 6847188    0    0     0   959 3044 4046 55  3 40  0  2  0
 2  0      0 7037788 585036 6847560    0    0     0   165 3414 4654 51  6 41  0  2  0
 0  0      0 7040556 585228 6852488    0    0     0  1725 3215 4276 46  6 46  0  2  0
 3  0      0 6974996 586016 6856316    0    0     0    70 3483 5051 19  8 70  0  2  0
 0  0      0 6983924 587752 6864424    0    0     4    76 3961 5914 39 14 44  0  3  0
 4  0      0 6927092 588324 6866872    0    0    13  1098 3173 4583 42 10 45  0  3  0
 4  0      0 7017380 588352 6876940    0    0     0    49 2884 4454 59  7 32  0  2  0
 2  0      0 7013212 588380 6885560    0    0     0   649 2714 4285 63  7 25  0  4  0
 7  0      0 6988752 588404 6894212    0    0     0   642 3017 5000 63  7 28  0  2  0
 2  0      0 6987396 588424 6912584    0    0     0   673 2049 2441 60  4 34  0  2  0
 2  0      0 6965112 588476 6919420    0    0     0   771 2774 3544 54  4 40  0  1  0
 2  0      0 6957724 588668 6923788    0    0     0  1160 2941 3872 50  9 39  0  2  0
 2  0      0 6961828 588764 6941860    0    0     0  1761 2652 3419 56  4 37  0  3  0
 2  0      0 7041608 588780 6846228    0    0     0   999 4952 7212 50  6 38  4  2  0
 3  0      0 7868152 588780 6846276    0    0     0   767 2901 3736 55  5 37  0  2  0
 2  0      0 8158704 589132 6842764    0    0    26  1883 3965 6493 70 14 12  1  3  0
 1  0      0 7575868 589132 6866816    0    0     0   856 7784 15373 41 13 44  0  3  0
 1  0      0 7519256 589144 6876152    0    0     1   313 11024 20333 34  9 54  0  3  0
 7  0      0 7508844 589148 6875624    0    0     0   178 10274 18634 34  8 53  0  5  0
 1  0      0 7482988 589148 6874440    0    0     0  1221 10382 18644 31  9 56  0  3  0
 2  0      0 7496296 589152 6875360    0    0     0   990 10433 18858 34 10 54  0  3  0
12  0      0 7518888 589180 6873620    0    0     0   452 11186 21262 39 10 47  0  3  0
 1  0      0 7496580 589208 6868704    0    0     0    40 9785 16854 25  7 66  0  2  0
 8  0      0 7491812 589208 6868780    0    0     0   410 8662 14345 21  6 71  0  2  0
 1  0      0 7472740 589216 6874240    0    0     0   283 8953 15096 24  6 66  0  3  0
 3  0      0 7459524 599240 6874984    0    0   995   498 9432 16619 32  9 56  0  3  0
 1  0      0 7253640 601604 6873156    0    0   231   257 7806 15481 37 11 49  0  3  0
 1  0      0 7699784 601604 6871920    0    0     0  1736 8045 13116 17  7 73  0  2  0
 4  0      0 7687648 601604 6871700    0    0     0   516 7816 12768 15  6 77  0  2  0
 1  0      0 9078112 601608 5465540    0    0     0   576 12917 20960 14 12 60 13  2  0
 1  1      0 9249928 601636 5310636    0    0     4  1407 9452 15379 14  7 70  7  2  0
 2  0      0 9962424 603632 4591204    0    0   198   468 12044 19798 14 10 62 12  2  0
 0  0      0 9935992 603632 4588884    0    0     0   422 7591 12414 15  5 77  0  3  0
 1  0      0 9966328 603636 4589156    0    0     0  1460 7485 11974 16  6 73  0  5  0
 2  0      0 9953092 603636 4589008    0    0     0   326 7875 12960 19  7 70  0  4  0
 0  0      0 9980716 603636 4589236    0    0     0   488 4360 6854 14  4 80  0  2  0
 1  0      0 9975840 603636 4588596    0    0     0   319 6554 10521 22  6 66  0  6  0
 0  0      0 9966028 603636 4588460    0    0     0   226 7559 12041 26  6 64  0  4  0
 5  0      0 9935356 603636 4588828    0    0     0   477 7832 12566 26  5 66  0  3  0
 2  0      0 9985228 603636 4591128    0    0     0   531 6562 10802 29  7 55  0  9  0
 2  0      0 9974772 603636 4592380    0    0     0    68 6827 11247 31  7 56  0  6  0
 2  0      0 9974824 603640 4592316    0    0     0   356 8114 13463 31  7 60  0  3  0
 0  0      0 9992368 603640 4593136    0    0     0   800 7693 12755 31  7 57  0  5  0
 1  0      0 9983884 603640 4592200    0    0     0    39 7959 13060 30  7 60  0  4  0
 5  0      0 9978408 603640 4592900    0    0     0   239 7971 13040 28  6 63  0  3  0
 1  0      0 9972764 603640 4592948    0    0     0   800 7771 12686 28  6 60  0  6  0
 0  0      0 9969668 603640 4593500    0    0     0   630 8110 13268 28  6 62  0  3  0
 0  0      0 9979904 603640 4590856    0    0     0   227 7919 12994 31  6 59  0  4  0
 3  0      0 9979664 603640 4590772    0    0     0   553 7909 12953 30  6 59  0  4  0
 0  0      0 9978980 603640 4592784    0    0     0   408 7917 12972 30  6 60  0  4  0
 0  0      0 9978560 603640 4592832    0    0     0   114 8411 14080 29  6 62  0  3  0
 1  0      0 9976816 603640 4593040    0    0     0   256 9024 15633 28  7 62  0  4  0
 2  0      0 9954212 603640 4592764    0    0     0   688 8777 15027 30  7 61  0  2  0
 1  0      0 9940440 603640 4596764    0    0     0   186 8815 14915 25  6 66  0  2  0
 0  0      0 9945288 603640 4596656    0    0     0   368 8842 15028 25  6 66  0  3  0
 0  0      0 9936784 603640 4596924    0    0     0   584 8618 14452 26  6 64  0  3  0
 1  0      0 9923204 603640 4596600    0    0     0   890 8541 14417 25  6 66  0  2  0
 1  0      0 9936576 603640 4596536    0    0     0   349 9087 15756 28  6 63  0  3  0
 1  0      0 9933376 603640 4596296    0    0     0   579 8413 13876 21  6 71  0  2  0
 3  0      0 9923732 603640 4592084    0    0     0   695 7496 12303 15  5 78  0  2  0
 2  0      0 9935032 603640 4592792    0    0     0   270 6717 10926 10  5 81  0  3  0
 2  0      0 9953740 603640 4597652    0    0     0    36 7422 12629 22  7 67  0  4  0
 5  0      0 9934224 603640 4597504    0    0     0    17 6795 10950 13  5 79  0  3  0
 3  0      0 9920796 603640 4594740    0    0     0   105 6387 10240 14  5 73  0  8  0
 0  0      0 9903820 603640 4594772    0    0     0  1210 6901 11244 12  4 81  0  2  0
 1  0      0 9934100 603640 4593776    0    0     0     4 6825 11097 13  5 80  0  3  0
 0  0      0 9934828 603640 4593820    0    0     0   266 6711 10851 16  6 74  0  4  0
 0  0      0 9956512 603640 4593788    0    0     0    70 6922 11307 13  5 80  0  2  0
 0  0      0 9953256 603640 4598220    0    0     0   903 6846 11089 13  5 78  1  2  0
 1  0      0 9937140 603640 4598236    0    0     0   366 6678 10778 12  5 79  0  4  0
 0  0      0 9930180 603640 4598200    0    0     0    90 6196 10157 26  7 62  0  5  0
 0  0      0 9924544 603640 4598216    0    0     0   829 3090 4459 13  4 80  0  2  0
 2  0      0 9961072 603640 4597240    0    0     0   418 6499 10612 23  6 69  0  3  0
 0  0      0 9959928 603640 4597324    0    0     0   189 6743 10768 24  5 69  0  2  0
 2  0      0 9960444 603640 4597148    0    0     0   755 6721 10658 24  5 67  0  3  0
 0  0      0 9959076 603640 4597084    0    0     0   313 6543 10361 24  5 66  0  5  0
 0  0      0 9958380 603640 4596492    0    0     0   526 6688 10704 24  6 67  0  4  0
 0  0      0 9960456 603640 4591688    0    0     0   797 6679 10575 24  5 67  0  3  0
 2  0      0 9960688 603640 4594816    0    0     0   285 6601 10434 24  5 67  0  4  0
 2  0      0 9945676 603640 4595396    0    0     0   294 6459 10138 26  7 62  0  6  0
 0  0      0 9952636 603640 4595596    0    0     0   444 6759 10759 24  6 68  0  2  0
 0  0      0 9944028 603640 4594248    0    0     0   362 6889 10921 23  5 69  0  3  0
 4  0      0 9950876 603640 4594324    0    0     0   626 6912 10954 25  5 67  0  2  0
 1  0      0 9962040 603640 4592092    0    0     0   331 6723 10727 24  5 68  0  2  0
 1  0      0 9957756 603640 4593168    0    0     0   241 6705 10689 24  5 67  0  4  0
 1  0      0 9945156 603640 4593232    0    0     0   498 6695 10501 24  6 67  0  3  0
 2  0      0 9959756 603640 4592680    0    0     0   270 7268 11967 22  6 70  0  2  0
 5  0      0 10053296 603640 4592616    0    0     0   441 3636 5646 11  3 83  0  2  0
 0  0      0 10062000 603640 4592216    0    0     0   329 2814 4271 10  3 85  0  2  0
 0  0      0 10059404 603640 4592400    0    0     0   458 2911 4367 10  3 85  0  2  0
