procs -----------memory---------- ---swap-- -----io---- -system-- -------cpu-------
 r  b   swpd   free   buff  cache   si   so    bi    bo   in   cs us sy id wa st gu
 8  0      0 10686276 603640 4569460    0    0   154   443 4068   17 40  3 55  1  1  0
 3  0      0 10567556 603640 4570328    0    0     0   148 3909 6216 41  5 51  0  3  0
 2  0      0 10445436 603640 4581516    0    0     0   281 5222 8682 45  5 47  0  2  0
 2  0      0 10445524 603660 4584048    0    0     0    21 5409 8900 51  5 42  0  3  0
 2  0      0 10460012 603660 4587008    0    0     0   911 5113 8131 48  5 45  0  2  0
 2  0      0 10468044 603660 4589016    0    0     0  1191 5170 8314 47  6 46  0  1  0
 2  0      0 10483500 603660 4589328    0    0     0   246 4621 7279 47  4 47  0  2  0
 3  0      0 10476908 603664 4592096    0    0     0   322 4262 6359 46  5 47  0  3  0
 3  0      0 10477664 603664 4592340    0    0     0   412 3805 5709 46  3 49  0  2  0
 2  0      0 10394748 603664 4595260    0    0     0   191 4365 6520 42  5 50  0  2  0
 2  0      0 10419872 603688 4596072    0    0     0   272 5941 9956 55  5 38  0  2  0
 2  0      0 10426112 604060 4597204    0    0     0   250 6248 10480 56  5 37  0  2  0
 2  0      0 10406460 605776 4614324    0    0     0   281 5905 9812 58  4 36  0  2  0
 2  0      0 10381764 605776 4614860    0    0     0   124 5774 9722 43  4 51  0  2  0
 3  0      0 10386356 605776 4615304    0    0     0   572 5132 8260 60  4 34  0  2  0
 2  0      0 10378132 605896 4613108    0    0     0  1634 4296 6450 59  4 35  0  3  0
 4  0      0 10382176 605980 4613612    0    0     0    33 3491 4922 62  4 32  0  2  0
 2  0      0 10384200 605992 4613808    0    0     0   189 2642 3458 61  2 35  0  2  0
 2  0      0 10384200 606056 4615672    0    0     0    50 3569 5365 49  3 46  0  2  0
 1  0      0 10378152 606076 4615972    0    0     0    19 4628 7487 30  5 62  0  3  0
 0  0      0 10379348 606208 4616212    0    0     0   244 3954 6261 27  3 69  0  2  0
 2  0      0 10388340 606228 4614388    0    0     0   172 6460 11060 35  4 59  0  2  0
 1  0      0 10381048 606244 4614796    0    0     0    16 5319 8802 40  4 55  0  2  0
 1  0      0 10133332 606244 4615128    0    0     0   139 4340 6826 53  3 43  0  1  0
 1  0      0 10118132 606244 4615352    0    0     0    42 3657 5440 44  3 51  0  2  0
 2  0      0 10114928 606296 4615640    0    0     0    60 3233 4632 46  3 47  0  4  0
 3  0      0 10028300 606328 4619352    0    0     0   311 3584 5336 45  6 46  0  4  0
 2  0      0 10040500 606520 4623020    0    0     0    46 3452 5024 48  6 43  0  3  0
 2  0      0 9911456 606524 4623456    0    0     0    35 3225 4566 49  3 45  0  3  0
 3  0      0 9796828 606528 4622600    0    0     0   782 3384 4820 72  2 24  0  2  0
 3  0      0 9957576 606536 4623200    0    0     0   382 6523 11311 67  3 28  0  2  0
 4  0      0 9975844 606552 4624076    0    0     0    32 6684 11651 85  1 12  0  2  0
 4  0      0 9953632 606588 4625472    0    0     0   296 6806 11600 76  5 17  0  2  0
 5  0      0 9991324 606588 4626368    0    0     0    75 7834 13854 72  3 22  0  3  0
 3  0      0 9956792 606856 4628328    0    0     0    95 6315 10663 65  5 27  0  3  0
 3  0      0 9890048 606952 4634408    0    0     0   365 6216 10506 66  3 29  0  2  0
 1  0      0 9948988 607716 4636292    0    0     0    95 5752 9493 58  4 36  0  2  0
 1  0      0 9949700 607736 4636788    0    0     0   118 5531 9020 60  3 34  0  3  0
 2  0      0 9947828 607924 4640664    0    0     0  1210 5120 8309 60  3 34  0  2  0
 2  0      0 9941392 608596 4640880    0    0     0   178 4057 6309 42  4 52  0  2  0
 1  0      0 9922136 609004 4647676    0    0     0    61 3202 4802 45  2 52  0  1  0
 2  0      0 9932256 609004 4645948    0    0     0   109 3507 5389 48  2 49  0  1  0
 2  0      0 9927468 609004 4646044    0    0     0   766 1912 2175 51  2 46  0  2  0
 4  0      0 9909116 609416 4647144    0    0     0   442 2624 3583 47  4 47  0  2  0
 1  0      0 9908672 609616 4648416    0    0     0   374 1972 2339 43  2 53  0  1  0
 2  0      0 9897040 610724 4650220    0    0     0   243 2626 3482 38  8 52  0  2  0
 4  0      0 9871296 611664 4652364    0    0     0    20 2213 2743 38  6 54  0  1  0
 1  0      0 9900056 611796 4654080    0    0     0   210 2924 4253 58  4 37  0  1  0
 2  0      0 9915468 611860 4658068    0    0     0   506 3479 5378 39  2 57  0  1  0
 2  0      0 9913660 611952 4663256    0    0     0   255 2474 3180 56  2 41  0  1  0
 2  0      0 9902832 612024 4666664    0    0     0   103 3351 5066 62  3 35  0  1  0
 3  0      0 9886320 612064 4669272    0    0     0   663 6011 10448 80  2 17  0  1  0
 3  0      0 9887112 612112 4671896    0    0     0   522 1779 1806 75  4 19  0  2  0
 5  0      0 9887928 612324 4677196    0    0     0   482 2903 4099 70  3 25  0  2  0
 2  0      0 9882396 612436 4683976    0    0     0   592 1927 2035 53  3 43  0  1  0
 3  0      0 9871348 612436 4684176    0    0     0   281 1935 1952 63  3 33  0  1  0
 3  0      0 10527884 612436 4683760    0    0     0   464 2587 3221 60  5 33  0  2  0
 2  0      0 10529744 612436 4683872    0    0     0   838 2145 2504 53  3 42  0  2  0
 2  0      0 10542836 612436 4684012    0    0     0     9 1912 1916 52  2 45  0  2  0
 3  0      0 10541756 612436 4683896    0    0     0    14 1806 1922 43  3 52  0  2  0
 2  0      0 10533936 612436 4684104    0    0     0    62 2976 4125 62  3 32  0  2  0
 3  0      0 10530252 612436 4684432    0    0     0     4 2879 3902 61  3 35  0  2  0
 2  0      0 10529744 612444 4684372    0    0     0    17 2532 3220 59  3 36  0  1  0
 3  0      0 10561852 612448 4684444    0    0     0    11 1133  638 52  2 45  0  1  0
 2  0      0 10579468 612448 4684512    0    0     0    67 3026 4146 55  4 39  0  1  0
 1  0      0 10559376 612452 4684808    0    0     0    21 2986 4460 34  3 63  0  1  0
 1  0      0 10555548 612456 4684820    0    0     0     7 2677 3945 34  2 63  0  1  0
 1  0      0 10570464 612456 4685004    0    0     0    73 2810 4301 37  2 61  0  1  0
 2  0      0 10539804 612456 4685304    0    0     0     7 3105 4786 41  2 56  0  1  0
 2  0      0 10546004 612456 4685616    0    0     0    32 3860 6211 42  2 54  0  1  0
 4  0      0 10574024 612456 4685224    0    0     0    94 3887 6123 54  3 42  0  1  0
 1  0      0 10562960 612464 4685424    0    0     0    14 5285 8994 27  3 68  0  1  0
 2  0      0 10577492 612472 4685292    0    0     0    22 3792 5902 20  3 75  0  1  0
 3  0      0 10560356 612476 4685388    0    0     0    78 3409 4958 33  4 62  0  1  0
 2  0      0 10560356 612476 4685532    0    0     0    25 2770 3842 39  2 58  0  1  0
 1  0      0 10573012 612476 4685148    0    0     0    22 2185 2813 34  2 63  0  1  0
 2  0      0 10573012 612476 4685148    0    0     0    64 1651 1829 29  1 68  0  1  0
 1  0      0 10573012 612476 4685148    0    0     0     1 1634 1840 29  1 69  0  1  0
 1  0      0 10573012 612476 4685152    0    0     0     2 1619 1794 29  1 68  0  1  0
 1  0      0 10587976 612476 4685168    0    0     0     8  987  855 27  1 71  0  1  0
 1  0      0 10587976 612476 4685168    0    0     0     2  623  337 25  0 74  0  1  0
 1  0      0 10587976 612476 4685168    0    0     0     0  641  351 25  0 74  0  1  0
 2  0      0 10592060 612476 4685168    0    0     0     6  619  332 24  0 73  0  3  0
 1  0      0 10592060 612476 4685168    0    0     0     0  643  345 25  0 74  0  1  0
 1  0      0 10592060 612476 4685168    0    0     0     1  631  337 26  0 73  0  1  0
 1  0      0 10589200 612476 4685168    0    0     0     0  654  370 25  0 74  0  1  0
 1  0      0 10589452 612476 4685168    0    0     0     2  663  417 25  0 74  0  0  0
 1  0      0 10589452 612476 4685168    0    0     0     0  632  379 26  0 74  0  1  0
 1  0      0 10540956 612484 4691568    0    0     0     1 1109 1049 22  4 73  0  1  0
