procs -----------memory---------- ---swap-- -----io---- -system-- -------cpu-------
 r  b   swpd   free   buff  cache   si   so    bi    bo   in   cs us sy id wa st gu
13  0      0 2157508 748248 12752196    0    0   652   549 4758   21 21  3 75  1  0  0
13  0      0 2009288 748264 12740612    0    0     0 20374 13896 27374 92  6  1  0  1  0
36  0      0 1902084 748744 12744944    0    0     0  9534 19259 43044 91  8  1  0  1  0
28  0      0 1673804 749260 12755108    0    0     0    72 20147 56792 92  7  0  0  1  0
28  0      0 1725884 749524 12762208    0    0     0   239 23847 66032 91  8  0  0  1  0
27  0      0 1533320 749600 12764984    0    0     0  1153 20112 52771 91  8  0  0  1  0
44  1      0 1248544 750148 12496104    0    0    13  1528 19781 54622 87 12  0  0  1  0
24  0      0 1185148 750560 12470264    0    0     0   404 19352 52651 91  8  0  0  1  0
25  0      0 1198736 750820 12270820    0    0     0   986 19509 55271 92  7  0  0  1  0
31  0      0 1529416 751188 12234212    0    0     0  1085 22442 61022 91  8  0  0  1  0
27  0      0 1354072 751468 12246540    0    0     0   840 21428 55590 90  9  0  0  1  0
43  0      0 1386116 751512 12256700    0    0     0  1852 17467 46231 92  7  0  0  1  0
11  0      0 1294520 751596 12264504    0    0     0   945 19789 55556 91  9  0  0  0  0
16  0      0 1448280 751676 12234240    0    0     0   578 20377 54354 88 10  0  0  1  0
21  0      0 1335708 751788 12230908    0    0     0  1370 17315 45591 89  9  0  0  1  0
14  0      0 1338600 752028 12240464    0    0     0   665 14997 40103 90  9  0  0  1  0
11  0      0 1316932 752188 12243652    0    0     0   314 14684 37758 90  8  0  0  1  0
 5  0      0 1777684 752284 12234468    0    0     0  1612 11405 29067 89  5  6  0  1  0
 8  0      0 1656984 752284 12236976    0    0     0   781 9081 24416 86  4  9  0  1  0
 5  0      0 1522188 752320 12235636    0    0     0  1212 9706 27244 91  5  3  0  1  0
 3  0      0 1552060 752372 12233496    0    0     0   674 6118 15994 82  3 14  0  1  0
10  0      0 1552908 752400 12235256    0    0     0   462 5629 15159 81  4 14  0  1  0
 3  0      0 1533684 752972 12246176    0    0     0   337 6368 16272 81  5 13  0  1  0
 3  0      0 1525456 753100 12254900    0    0     0   366 5319 12985 81  4 15  0  1  0
 5  0      0 1541200 753152 12251844    0    0     0   396 6028 14876 73  4 22  0  1  0
 2  0      0 1564432 753184 12256160    0    0     0   998 6980 16679 64  4 31  0  1  0
 7  0      0 1531184 753384 12255972    0    0     0   539 7004 16548 65  4 30  0  1  0
 7  0      0 1555700 754500 12257928    0    0     0  1437 7736 18682 67  5 27  0  1  0
 3  0      0 1558980 755308 12254488    0    0     0   975 7082 16795 78  5 17  0  1  0
 6  0      0 1551616 756056 12266228    0    0     0  1150 7148 16665 70  4 25  0  1  0
 4  0      0 1548360 756544 12278588    0    0     0   630 6909 16467 70  4 25  0  1  0
 1  0      0 1539048 757676 12281392    0    0     0   725 10608 20099 43  4 51  0  1  0
 3  0      0 1456140 757696 12281604    0    0     0  1274 10639 20394 44  4 51  0  1  0
 2  0      0 1479048 757744 12283060    0    0     0  2350 7050 16680 70  4 25  0  1  0
 2  0      0 1459208 757816 12283676    0    0     0   343 6907 16567 71  4 23  0  1  0
 0  0      0 1454356 757848 12287868    0    0     0   450 12874 24398 46  6 48  0  1  0
 4  0      0 1454552 757888 12287980    0    0     0   703 13464 25824 38  7 55  0  1  0
 8  0      0 1427012 757936 12289136    0    0     0   380 10219 20237 56  5 39  0  1  0
 8  0      0 1426052 757936 12289096    0    0     0   624 7433 18133 96  3  0  0  1  0
 8  0      0 1417456 757936 12289048    0    0     0   398 8309 19914 95  3  0  0  1  0
13  0      0 1406444 757940 12289528    0    0     0   669 8945 21655 94  3  1  0  1  0
13  0      0 1388668 757940 12289712    0    0     0   268 8305 20559 95  4  1  0  1  0
14  0      0 1388556 757944 12290128    0    0     0   364 9410 23375 95  4  0  0  1  0
 9  0      0 1396384 757944 12289892    0    0     0   708 8639 20928 96  3  0  0  1  0
 8  0      0 1392264 757944 12294496    0    0     0   318 8300 20815 96  3  0  0  1  0
10  0      0 1393484 757944 12294792    0    0     0   105 9427 22652 95  3  1  0  1  0
11  0      0 1385196 757944 12295372    0    0     0   300 9022 22188 95  3  0  0  1  0
 8  0      0 1377388 757944 12296036    0    0     0   886 8101 20198 97  3  0  0  0  0
10  0      0 1374424 757944 12296288    0    0     0   333 8355 20852 96  3  0  0  1  0
20  0      0 1377288 757944 12296840    0    0     0   560 8633 20879 96  3  0  0  1  0
11  0      0 1187332 757944 12095684    0    0     0   644 6573 16443 96  4  0  0  1  0
12  0      0 1207284 757964 12070648    0    0     0   732 6057 15733 97  2  0  0  1  0
15  0      0 1204180 758588 12061176    0    0     0   543 6350 16299 94  5  0  0  1  0
14  0      0 1206988 759340 12038204    0    0     0   435 6324 16309 92  7  0  0  1  0
11  0      0 1197836 759360 11833640    0    0     0  1712 5950 15273 96  3  0  0  1  0
13  0      0 1352448 759392 11774972    0    0     0   948 7610 18578 96  3  0  0  1  0
21  0      0 1349196 759396 11775720    0    0     0  1195 6035 15158 96  3  0  0  1  0
11  0      0 1374892 759568 11783580    0    0     0   635 6538 15622 95  4  0  0  1  0
 3  0      0 1380088 761456 11796216    0    0     0   277 6932 15950 77  5 17  0  1  0
 2  0      0 1399380 762184 11801456    0    0     0    72 5143 10437 61  4 34  0  1  0
 2  0      0 1399712 762552 11811384    0    0     0  2384 6534 14268 62  4 33  0  1  0
 2  0      0 1373036 763028 11818904    0    0     0  1432 7703 15565 56  5 38  0  1  0
 2  0      0 1380940 763336 11825292    0    0     0   789 6196 14315 67  3 29  0  1  0
 2  0      0 1379384 763336 11825296    0    0     0  2105 6172 13594 66  3 30  0  1  0
 4  0      0 1389152 763700 11827904    0    0     0  1369 7211 15033 62  5 32  0  1  0
 4  0      0 1346596 764904 11834612    0    0     0   548 14652 27409 46  8 45  0  1  0
 2  0      0 1294812 767088 11844764    0    0     6   789 12185 24304 54 12 33  0  1  0
 2  0      0 1348080 767308 11846352    0    0     0   948 8364 17856 64  7 28  0  1  0
 2  0      0 1726132 767428 11825540    0    0     0  1172 9543 19776 63  7 28  1  1  0
 1  0      0 2136756 767428 11784992    0    0     0  1328 13224 22785 33  6 60  1  1  0
 4  0      0 2143364 767428 11785428    0    0     0   762 16957 30081 29  5 65  0  1  0
 2  0      0 2143300 767428 11786036    0    0     0  1274 15723 27553 30  5 65  0  1  0
 2  0      0 2150220 767428 11783132    0    0     0   924 13234 22793 25  4 71  0  1  0
 2  0      0 2145024 767428 11783080    0    0     0   402 12704 21835 22  4 73  0  1  0
 1  0      0 2144808 767428 11781472    0    0     0   582 16339 29000 31  5 63  0  1  0
 2  0      0 2198636 767428 11780000    0    0     0   348 15510 28217 32  5 62  0  1  0
 1  0      0 2247576 767428 11782436    0    0     0   274 10052 17514 16  4 79  0  1  0
 1  0      0 2248208 767428 11781304    0    0     0   431 9015 15489 16  3 80  0  1  0
 0  0      0 2268044 767428 11781308    0    0     0   541 7435 12582 15  4 81  0  0  0
 0  0      0 2265292 767428 11781376    0    0     0   437 6276 10346 11  3 85  0  0  0
 2  0      0 2281372 767428 11779968    0    0     0   355 5949 9826  9  3 87  0  0  0
 1  0      0 2288316 767428 11780044    0    0     0   503 5813 9670 10  3 86  0  0  0
 1  0      0 2285992 767428 11779660    0    0     0   250 6094 10086  8  3 89  0  0  0
 1  0      0 2281928 767428 11780004    0    0     0   414 6073 10054 15  4 81  0  0  0
 0  0      0 2264276 767428 11779536    0    0     0   538 6735 11546 15  4 80  0  0  0
 0  0      0 2261204 767428 11779628    0    0     1   168 6398 10687 10  3 86  0  1  0
 1  0      0 3243692 767428 11752108    0    0     0   146 5839 9846  9  3 87  0  0  0
 0  0      0 3264524 767428 11751800    0    0     0     6 3822 5954  5  2 92  0  0  0
 0  0      0 3272484 767428 11751692    0    0     0   128 4001 6231  6  2 91  0  0  0
 0  0      0 3263576 767428 11751704    0    0     0    16 4540 7221  7  2 91  0  0  0
 0  0      0 3263688 767428 11751716    0    0     0     5 4701 7398  9  3 88  0  0  0
 0  0      0 3260704 767428 11751708    0    0     0    41 4967 8153  5  2 92  0  0  0
